Continuing from checkpoint: C:/GitHub/HumanoidRobot/simulation/training/pick_place/runs/pp_v8/checkpoints/ckpt_1800036.zip
Logging to C:\GitHub\HumanoidRobot\simulation\training\pick_place\runs\pp_v10\logs\pp_v10_1
---------------------------------
| rollout/           |          |
|    ep_len_mean     | 36.2     |
|    ep_rew_mean     | 27.7     |
| time/              |          |
|    fps             | 4455     |
|    iterations      | 1        |
|    time_elapsed    | 1        |
|    total_timesteps | 8192     |
---------------------------------
-----------------------------------------
| rollout/                |             |
|    ep_len_mean          | 224         |
|    ep_rew_mean          | -69         |
| time/                   |             |
|    fps                  | 1604        |
|    iterations           | 2           |
|    time_elapsed         | 10          |
|    total_timesteps      | 16384       |
| train/                  |             |
|    approx_kl            | 0.038373787 |
|    clip_fraction        | 0.341       |
|    clip_range           | 0.2         |
|    entropy_loss         | 0.284       |
|    explained_variance   | 0.139       |
|    learning_rate        | 0.0003      |
|    loss                 | 31.7        |
|    n_updates            | 9760        |
|    policy_gradient_loss | 0.0141      |
|    std                  | 0.231       |
|    value_loss           | 82.6        |
-----------------------------------------
-----------------------------------------
| rollout/                |             |
|    ep_len_mean          | 249         |
|    ep_rew_mean          | -87.7       |
| time/                   |             |
|    fps                  | 1327        |
|    iterations           | 3           |
|    time_elapsed         | 18          |
|    total_timesteps      | 24576       |
| train/                  |             |
|    approx_kl            | 0.027118295 |
|    clip_fraction        | 0.292       |
|    clip_range           | 0.2         |
|    entropy_loss         | 0.235       |
|    explained_variance   | 0.513       |
|    learning_rate        | 0.0003      |
|    loss                 | 30.3        |
|    n_updates            | 9770        |
|    policy_gradient_loss | 0.00899     |
|    std                  | 0.233       |
|    value_loss           | 48.5        |
-----------------------------------------
----------------------------------------
| rollout/                |            |
|    ep_len_mean          | 291        |
|    ep_rew_mean          | -96.5      |
| time/                   |            |
|    fps                  | 1231       |
|    iterations           | 4          |
|    time_elapsed         | 26         |
|    total_timesteps      | 32768      |
| train/                  |            |
|    approx_kl            | 0.03405255 |
|    clip_fraction        | 0.306      |
|    clip_range           | 0.2        |
|    entropy_loss         | 0.164      |
|    explained_variance   | 0.571      |
|    learning_rate        | 0.0003     |
|    loss                 | 6.28       |
|    n_updates            | 9780       |
|    policy_gradient_loss | 0.00934    |
|    std                  | 0.238      |
|    value_loss           | 26.4       |
----------------------------------------
-----------------------------------------
| rollout/                |             |
|    ep_len_mean          | 284         |
|    ep_rew_mean          | -87.9       |
| time/                   |             |
|    fps                  | 1170        |
|    iterations           | 5           |
|    time_elapsed         | 34          |
|    total_timesteps      | 40960       |
| train/                  |             |
|    approx_kl            | 0.031412657 |
|    clip_fraction        | 0.295       |
|    clip_range           | 0.2         |
|    entropy_loss         | 0.157       |
|    explained_variance   | 0.658       |
|    learning_rate        | 0.0003      |
|    loss                 | 7.15        |
|    n_updates            | 9790        |
|    policy_gradient_loss | 0.00791     |
|    std                  | 0.238       |
|    value_loss           | 22.5        |
-----------------------------------------
----------------------------------------
| rollout/                |            |
|    ep_len_mean          | 313        |
|    ep_rew_mean          | -103       |
| time/                   |            |
|    fps                  | 1138       |
|    iterations           | 6          |
|    time_elapsed         | 43         |
|    total_timesteps      | 49152      |
| train/                  |            |
|    approx_kl            | 0.03021635 |
|    clip_fraction        | 0.286      |
|    clip_range           | 0.2        |
|    entropy_loss         | 0.117      |
|    explained_variance   | 0.549      |
|    learning_rate        | 0.0003     |
|    loss                 | 6.42       |
|    n_updates            | 9800       |
|    policy_gradient_loss | 0.0062     |
|    std                  | 0.241      |
|    value_loss           | 15.5       |
----------------------------------------
-----------------------------------------
| rollout/                |             |
|    ep_len_mean          | 309         |
|    ep_rew_mean          | -95.8       |
| time/                   |             |
|    fps                  | 1113        |
|    iterations           | 7           |
|    time_elapsed         | 51          |
|    total_timesteps      | 57344       |
| train/                  |             |
|    approx_kl            | 0.035677806 |
|    clip_fraction        | 0.258       |
|    clip_range           | 0.2         |
|    entropy_loss         | 0.0598      |
|    explained_variance   | 0.786       |
|    learning_rate        | 0.0003      |
|    loss                 | 5.92        |
|    n_updates            | 9810        |
|    policy_gradient_loss | 0.00658     |
|    std                  | 0.244       |
|    value_loss           | 12.4        |
-----------------------------------------
-----------------------------------------
| rollout/                |             |
|    ep_len_mean          | 347         |
|    ep_rew_mean          | -129        |
| time/                   |             |
|    fps                  | 1094        |
|    iterations           | 8           |
|    time_elapsed         | 59          |
|    total_timesteps      | 65536       |
| train/                  |             |
|    approx_kl            | 0.019643571 |
|    clip_fraction        | 0.204       |
|    clip_range           | 0.2         |
|    entropy_loss         | 0.024       |
|    explained_variance   | 0.854       |
|    learning_rate        | 0.0003      |
|    loss                 | 5.92        |
|    n_updates            | 9820        |
|    policy_gradient_loss | 0.0014      |
|    std                  | 0.246       |
|    value_loss           | 22.4        |
-----------------------------------------
-----------------------------------------
| rollout/                |             |
|    ep_len_mean          | 341         |
|    ep_rew_mean          | -135        |
| time/                   |             |
|    fps                  | 1080        |
|    iterations           | 9           |
|    time_elapsed         | 68          |
|    total_timesteps      | 73728       |
| train/                  |             |
|    approx_kl            | 0.023994498 |
|    clip_fraction        | 0.252       |
|    clip_range           | 0.2         |
|    entropy_loss         | -0.00463    |
|    explained_variance   | 0.892       |
|    learning_rate        | 0.0003      |
|    loss                 | 9.31        |
|    n_updates            | 9830        |
|    policy_gradient_loss | 0.00184     |
|    std                  | 0.248       |
|    value_loss           | 24.1        |
-----------------------------------------
-----------------------------------------
| rollout/                |             |
|    ep_len_mean          | 313         |
|    ep_rew_mean          | -118        |
| time/                   |             |
|    fps                  | 1080        |
|    iterations           | 10          |
|    time_elapsed         | 75          |
|    total_timesteps      | 81920       |
| train/                  |             |
|    approx_kl            | 0.028171767 |
|    clip_fraction        | 0.256       |
|    clip_range           | 0.2         |
|    entropy_loss         | -0.035      |
|    explained_variance   | 0.947       |
|    learning_rate        | 0.0003      |
|    loss                 | 8.71        |
|    n_updates            | 9840        |
|    policy_gradient_loss | 0.00195     |
|    std                  | 0.25        |
|    value_loss           | 23.5        |
-----------------------------------------
-----------------------------------------
| rollout/                |             |
|    ep_len_mean          | 305         |
|    ep_rew_mean          | -105        |
| time/                   |             |
|    fps                  | 1075        |
|    iterations           | 11          |
|    time_elapsed         | 83          |
|    total_timesteps      | 90112       |
| train/                  |             |
|    approx_kl            | 0.032569557 |
|    clip_fraction        | 0.33        |
|    clip_range           | 0.2         |
|    entropy_loss         | -0.0782     |
|    explained_variance   | 0.926       |
|    learning_rate        | 0.0003      |
|    loss                 | 3.59        |
|    n_updates            | 9850        |
|    policy_gradient_loss | 0.00454     |
|    std                  | 0.253       |
|    value_loss           | 13.6        |
-----------------------------------------
----------------------------------------
| rollout/                |            |
|    ep_len_mean          | 285        |
|    ep_rew_mean          | -93.8      |
| time/                   |            |
|    fps                  | 1068       |
|    iterations           | 12         |
|    time_elapsed         | 92         |
|    total_timesteps      | 98304      |
| train/                  |            |
|    approx_kl            | 0.03522622 |
|    clip_fraction        | 0.314      |
|    clip_range           | 0.2        |
|    entropy_loss         | -0.101     |
|    explained_variance   | 0.853      |
|    learning_rate        | 0.0003     |
|    loss                 | 1.4        |
|    n_updates            | 9860       |
|    policy_gradient_loss | 0.006      |
|    std                  | 0.254      |
|    value_loss           | 10.7       |
----------------------------------------
-----------------------------------------
| rollout/                |             |
|    ep_len_mean          | 285         |
|    ep_rew_mean          | -70.5       |
| time/                   |             |
|    fps                  | 1056        |
|    iterations           | 13          |
|    time_elapsed         | 100         |
|    total_timesteps      | 106496      |
| train/                  |             |
|    approx_kl            | 0.020396516 |
|    clip_fraction        | 0.238       |
|    clip_range           | 0.2         |
|    entropy_loss         | -0.131      |
|    explained_variance   | 0.685       |
|    learning_rate        | 0.0003      |
|    loss                 | 1.89        |
|    n_updates            | 9870        |
|    policy_gradient_loss | 0.0077      |
|    std                  | 0.256       |
|    value_loss           | 12.2        |
-----------------------------------------
-----------------------------------------
| rollout/                |             |
|    ep_len_mean          | 286         |
|    ep_rew_mean          | -90.4       |
| time/                   |             |
|    fps                  | 1053        |
|    iterations           | 14          |
|    time_elapsed         | 108         |
|    total_timesteps      | 114688      |
| train/                  |             |
|    approx_kl            | 0.025104634 |
|    clip_fraction        | 0.229       |
|    clip_range           | 0.2         |
|    entropy_loss         | -0.162      |
|    explained_variance   | 0.896       |
|    learning_rate        | 0.0003      |
|    loss                 | 10          |
|    n_updates            | 9880        |
|    policy_gradient_loss | 0.00174     |
|    std                  | 0.257       |
|    value_loss           | 15.1        |
-----------------------------------------
-----------------------------------------
| rollout/                |             |
|    ep_len_mean          | 298         |
|    ep_rew_mean          | -93.8       |
| time/                   |             |
|    fps                  | 1055        |
|    iterations           | 15          |
|    time_elapsed         | 116         |
|    total_timesteps      | 122880      |
| train/                  |             |
|    approx_kl            | 0.019786209 |
|    clip_fraction        | 0.234       |
|    clip_range           | 0.2         |
|    entropy_loss         | -0.194      |
|    explained_variance   | 0.943       |
|    learning_rate        | 0.0003      |
|    loss                 | 5.07        |
|    n_updates            | 9890        |
|    policy_gradient_loss | 0.00348     |
|    std                  | 0.259       |
|    value_loss           | 15.3        |
-----------------------------------------
-----------------------------------------
| rollout/                |             |
|    ep_len_mean          | 283         |
|    ep_rew_mean          | -90.3       |
| time/                   |             |
|    fps                  | 1056        |
|    iterations           | 16          |
|    time_elapsed         | 124         |
|    total_timesteps      | 131072      |
| train/                  |             |
|    approx_kl            | 0.027337372 |
|    clip_fraction        | 0.267       |
|    clip_range           | 0.2         |
|    entropy_loss         | -0.216      |
|    explained_variance   | 0.855       |
|    learning_rate        | 0.0003      |
|    loss                 | 12.9        |
|    n_updates            | 9900        |
|    policy_gradient_loss | 0.000821    |
|    std                  | 0.261       |
|    value_loss           | 28.4        |
-----------------------------------------
----------------------------------------
| rollout/                |            |
|    ep_len_mean          | 282        |
|    ep_rew_mean          | -83.4      |
| time/                   |            |
|    fps                  | 1057       |
|    iterations           | 17         |
|    time_elapsed         | 131        |
|    total_timesteps      | 139264     |
| train/                  |            |
|    approx_kl            | 0.03021608 |
|    clip_fraction        | 0.286      |
|    clip_range           | 0.2        |
|    entropy_loss         | -0.248     |
|    explained_variance   | 0.948      |
|    learning_rate        | 0.0003     |
|    loss                 | 3.92       |
|    n_updates            | 9910       |
|    policy_gradient_loss | 0.00335    |
|    std                  | 0.263      |
|    value_loss           | 15.2       |
----------------------------------------
-----------------------------------------
| rollout/                |             |
|    ep_len_mean          | 268         |
|    ep_rew_mean          | -88.2       |
| time/                   |             |
|    fps                  | 1057        |
|    iterations           | 18          |
|    time_elapsed         | 139         |
|    total_timesteps      | 147456      |
| train/                  |             |
|    approx_kl            | 0.027858261 |
|    clip_fraction        | 0.266       |
|    clip_range           | 0.2         |
|    entropy_loss         | -0.275      |
|    explained_variance   | 0.885       |
|    learning_rate        | 0.0003      |
|    loss                 | 12.8        |
|    n_updates            | 9920        |
|    policy_gradient_loss | 0.00119     |
|    std                  | 0.265       |
|    value_loss           | 28.9        |
-----------------------------------------
----------------------------------------
| rollout/                |            |
|    ep_len_mean          | 301        |
|    ep_rew_mean          | -98.9      |
| time/                   |            |
|    fps                  | 1056       |
|    iterations           | 19         |
|    time_elapsed         | 147        |
|    total_timesteps      | 155648     |
| train/                  |            |
|    approx_kl            | 0.02894236 |
|    clip_fraction        | 0.243      |
|    clip_range           | 0.2        |
|    entropy_loss         | -0.325     |
|    explained_variance   | 0.909      |
|    learning_rate        | 0.0003     |
|    loss                 | 4.59       |
|    n_updates            | 9930       |
|    policy_gradient_loss | 0.00169    |
|    std                  | 0.269      |
|    value_loss           | 26.9       |
----------------------------------------
----------------------------------------
| rollout/                |            |
|    ep_len_mean          | 313        |
|    ep_rew_mean          | -111       |
| time/                   |            |
|    fps                  | 1058       |
|    iterations           | 20         |
|    time_elapsed         | 154        |
|    total_timesteps      | 163840     |
| train/                  |            |
|    approx_kl            | 0.03131498 |
|    clip_fraction        | 0.291      |
|    clip_range           | 0.2        |
|    entropy_loss         | -0.374     |
|    explained_variance   | 0.927      |
|    learning_rate        | 0.0003     |
|    loss                 | 9.78       |
|    n_updates            | 9940       |
|    policy_gradient_loss | 0.0018     |
|    std                  | 0.272      |
|    value_loss           | 21.4       |
----------------------------------------
-----------------------------------------
| rollout/                |             |
|    ep_len_mean          | 308         |
|    ep_rew_mean          | -115        |
| time/                   |             |
|    fps                  | 1060        |
|    iterations           | 21          |
|    time_elapsed         | 162         |
|    total_timesteps      | 172032      |
| train/                  |             |
|    approx_kl            | 0.025218636 |
|    clip_fraction        | 0.289       |
|    clip_range           | 0.2         |
|    entropy_loss         | -0.402      |
|    explained_variance   | 0.956       |
|    learning_rate        | 0.0003      |
|    loss                 | 2.81        |
|    n_updates            | 9950        |
|    policy_gradient_loss | -7.77e-05   |
|    std                  | 0.273       |
|    value_loss           | 14.7        |
-----------------------------------------
-----------------------------------------
| rollout/                |             |
|    ep_len_mean          | 334         |
|    ep_rew_mean          | -120        |
| time/                   |             |
|    fps                  | 1059        |
|    iterations           | 22          |
|    time_elapsed         | 170         |
|    total_timesteps      | 180224      |
| train/                  |             |
|    approx_kl            | 0.023024783 |
|    clip_fraction        | 0.232       |
|    clip_range           | 0.2         |
|    entropy_loss         | -0.416      |
|    explained_variance   | 0.966       |
|    learning_rate        | 0.0003      |
|    loss                 | 5.57        |
|    n_updates            | 9960        |
|    policy_gradient_loss | 0.000935    |
|    std                  | 0.274       |
|    value_loss           | 16.3        |
-----------------------------------------
-----------------------------------------
| rollout/                |             |
|    ep_len_mean          | 328         |
|    ep_rew_mean          | -111        |
| time/                   |             |
|    fps                  | 1058        |
|    iterations           | 23          |
|    time_elapsed         | 178         |
|    total_timesteps      | 188416      |
| train/                  |             |
|    approx_kl            | 0.029380945 |
|    clip_fraction        | 0.274       |
|    clip_range           | 0.2         |
|    entropy_loss         | -0.442      |
|    explained_variance   | 0.935       |
|    learning_rate        | 0.0003      |
|    loss                 | 12.6        |
|    n_updates            | 9970        |
|    policy_gradient_loss | 0.00297     |
|    std                  | 0.276       |
|    value_loss           | 22.8        |
-----------------------------------------
-----------------------------------------
| rollout/                |             |
|    ep_len_mean          | 350         |
|    ep_rew_mean          | -135        |
| time/                   |             |
|    fps                  | 1057        |
|    iterations           | 24          |
|    time_elapsed         | 185         |
|    total_timesteps      | 196608      |
| train/                  |             |
|    approx_kl            | 0.020388179 |
|    clip_fraction        | 0.212       |
|    clip_range           | 0.2         |
|    entropy_loss         | -0.457      |
|    explained_variance   | 0.944       |
|    learning_rate        | 0.0003      |
|    loss                 | 14.3        |
|    n_updates            | 9980        |
|    policy_gradient_loss | 0.00118     |
|    std                  | 0.276       |
|    value_loss           | 23.6        |
-----------------------------------------
[PeriodicArtifactCallback] step 200000: saving checkpoint, evaluating, rendering...
[PeriodicArtifactCallback] step 200000: success_rate=0.00 pick_success_rate=0.40 mean_reward=-172.07 -> C:\GitHub\HumanoidRobot\simulation\training\pick_place\runs\pp_v10\dashboard.html
-----------------------------------------
| rollout/                |             |
|    ep_len_mean          | 380         |
|    ep_rew_mean          | -140        |
| time/                   |             |
|    fps                  | 991         |
|    iterations           | 25          |
|    time_elapsed         | 206         |
|    total_timesteps      | 204800      |
| train/                  |             |
|    approx_kl            | 0.022663636 |
|    clip_fraction        | 0.252       |
|    clip_range           | 0.2         |
|    entropy_loss         | -0.486      |
|    explained_variance   | 0.942       |
|    learning_rate        | 0.0003      |
|    loss                 | 6.23        |
|    n_updates            | 9990        |
|    policy_gradient_loss | 0.00359     |
|    std                  | 0.279       |
|    value_loss           | 21.3        |
-----------------------------------------
----------------------------------------
| rollout/                |            |
|    ep_len_mean          | 383        |
|    ep_rew_mean          | -136       |
| time/                   |            |
|    fps                  | 999        |
|    iterations           | 26         |
|    time_elapsed         | 213        |
|    total_timesteps      | 212992     |
| train/                  |            |
|    approx_kl            | 0.03399525 |
|    clip_fraction        | 0.322      |
|    clip_range           | 0.2        |
|    entropy_loss         | -0.534     |
|    explained_variance   | 0.943      |
|    learning_rate        | 0.0003     |
|    loss                 | 7.88       |
|    n_updates            | 10000      |
|    policy_gradient_loss | 0.0042     |
|    std                  | 0.282      |
|    value_loss           | 18.8       |
----------------------------------------
-----------------------------------------
| rollout/                |             |
|    ep_len_mean          | 339         |
|    ep_rew_mean          | -133        |
| time/                   |             |
|    fps                  | 1002        |
|    iterations           | 27          |
|    time_elapsed         | 220         |
|    total_timesteps      | 221184      |
| train/                  |             |
|    approx_kl            | 0.027705645 |
|    clip_fraction        | 0.272       |
|    clip_range           | 0.2         |
|    entropy_loss         | -0.586      |
|    explained_variance   | 0.964       |
|    learning_rate        | 0.0003      |
|    loss                 | 5.38        |
|    n_updates            | 10010       |
|    policy_gradient_loss | 0.00218     |
|    std                  | 0.286       |
|    value_loss           | 27.4        |
-----------------------------------------
-----------------------------------------
| rollout/                |             |
|    ep_len_mean          | 337         |
|    ep_rew_mean          | -113        |
| time/                   |             |
|    fps                  | 1002        |
|    iterations           | 28          |
|    time_elapsed         | 228         |
|    total_timesteps      | 229376      |
| train/                  |             |
|    approx_kl            | 0.020907981 |
|    clip_fraction        | 0.237       |
|    clip_range           | 0.2         |
|    entropy_loss         | -0.635      |
|    explained_variance   | 0.96        |
|    learning_rate        | 0.0003      |
|    loss                 | 7.17        |
|    n_updates            | 10020       |
|    policy_gradient_loss | 6.1e-05     |
|    std                  | 0.289       |
|    value_loss           | 28.9        |
-----------------------------------------
-----------------------------------------
| rollout/                |             |
|    ep_len_mean          | 289         |
|    ep_rew_mean          | -96.8       |
| time/                   |             |
|    fps                  | 1006        |
|    iterations           | 29          |
|    time_elapsed         | 236         |
|    total_timesteps      | 237568      |
| train/                  |             |
|    approx_kl            | 0.025530877 |
|    clip_fraction        | 0.267       |
|    clip_range           | 0.2         |
|    entropy_loss         | -0.678      |
|    explained_variance   | 0.909       |
|    learning_rate        | 0.0003      |
|    loss                 | 5.89        |
|    n_updates            | 10030       |
|    policy_gradient_loss | -0.000434   |
|    std                  | 0.292       |
|    value_loss           | 32.6        |
-----------------------------------------
-----------------------------------------
| rollout/                |             |
|    ep_len_mean          | 278         |
|    ep_rew_mean          | -80.1       |
| time/                   |             |
|    fps                  | 1006        |
|    iterations           | 30          |
|    time_elapsed         | 244         |
|    total_timesteps      | 245760      |
| train/                  |             |
|    approx_kl            | 0.026028275 |
|    clip_fraction        | 0.264       |
|    clip_range           | 0.2         |
|    entropy_loss         | -0.704      |
|    explained_variance   | 0.931       |
|    learning_rate        | 0.0003      |
|    loss                 | 12.5        |
|    n_updates            | 10040       |
|    policy_gradient_loss | 0.00315     |
|    std                  | 0.293       |
|    value_loss           | 24          |
-----------------------------------------
-----------------------------------------
| rollout/                |             |
|    ep_len_mean          | 275         |
|    ep_rew_mean          | -83.8       |
| time/                   |             |
|    fps                  | 1005        |
|    iterations           | 31          |
|    time_elapsed         | 252         |
|    total_timesteps      | 253952      |
| train/                  |             |
|    approx_kl            | 0.030266874 |
|    clip_fraction        | 0.351       |
|    clip_range           | 0.2         |
|    entropy_loss         | -0.745      |
|    explained_variance   | 0.958       |
|    learning_rate        | 0.0003      |
|    loss                 | 3.1         |
|    n_updates            | 10050       |
|    policy_gradient_loss | 0.00595     |
|    std                  | 0.297       |
|    value_loss           | 9.62        |
-----------------------------------------
----------------------------------------
| rollout/                |            |
|    ep_len_mean          | 276        |
|    ep_rew_mean          | -84.4      |
| time/                   |            |
|    fps                  | 1004       |
|    iterations           | 32         |
|    time_elapsed         | 260        |
|    total_timesteps      | 262144     |
| train/                  |            |
|    approx_kl            | 0.02731345 |
|    clip_fraction        | 0.232      |
|    clip_range           | 0.2        |
|    entropy_loss         | -0.753     |
|    explained_variance   | 0.958      |
|    learning_rate        | 0.0003     |
|    loss                 | 4.37       |
|    n_updates            | 10060      |
|    policy_gradient_loss | -0.00177   |
|    std                  | 0.297      |
|    value_loss           | 24         |
----------------------------------------
-----------------------------------------
| rollout/                |             |
|    ep_len_mean          | 305         |
|    ep_rew_mean          | -106        |
| time/                   |             |
|    fps                  | 1008        |
|    iterations           | 33          |
|    time_elapsed         | 268         |
|    total_timesteps      | 270336      |
| train/                  |             |
|    approx_kl            | 0.020787492 |
|    clip_fraction        | 0.217       |
|    clip_range           | 0.2         |
|    entropy_loss         | -0.775      |
|    explained_variance   | 0.956       |
|    learning_rate        | 0.0003      |
|    loss                 | 11          |
|    n_updates            | 10070       |
|    policy_gradient_loss | -0.000877   |
|    std                  | 0.3         |
|    value_loss           | 29.5        |
-----------------------------------------
-----------------------------------------
| rollout/                |             |
|    ep_len_mean          | 307         |
|    ep_rew_mean          | -119        |
| time/                   |             |
|    fps                  | 1010        |
|    iterations           | 34          |
|    time_elapsed         | 275         |
|    total_timesteps      | 278528      |
| train/                  |             |
|    approx_kl            | 0.025016377 |
|    clip_fraction        | 0.231       |
|    clip_range           | 0.2         |
|    entropy_loss         | -0.806      |
|    explained_variance   | 0.958       |
|    learning_rate        | 0.0003      |
|    loss                 | 7.52        |
|    n_updates            | 10080       |
|    policy_gradient_loss | 0.00103     |
|    std                  | 0.303       |
|    value_loss           | 35.7        |
-----------------------------------------
-----------------------------------------
| rollout/                |             |
|    ep_len_mean          | 302         |
|    ep_rew_mean          | -129        |
| time/                   |             |
|    fps                  | 1011        |
|    iterations           | 35          |
|    time_elapsed         | 283         |
|    total_timesteps      | 286720      |
| train/                  |             |
|    approx_kl            | 0.021340715 |
|    clip_fraction        | 0.196       |
|    clip_range           | 0.2         |
|    entropy_loss         | -0.83       |
|    explained_variance   | 0.942       |
|    learning_rate        | 0.0003      |
|    loss                 | 16.6        |
|    n_updates            | 10090       |
|    policy_gradient_loss | -0.00186    |
|    std                  | 0.303       |
|    value_loss           | 31.7        |
-----------------------------------------
-----------------------------------------
| rollout/                |             |
|    ep_len_mean          | 314         |
|    ep_rew_mean          | -132        |
| time/                   |             |
|    fps                  | 1011        |
|    iterations           | 36          |
|    time_elapsed         | 291         |
|    total_timesteps      | 294912      |
| train/                  |             |
|    approx_kl            | 0.022219587 |
|    clip_fraction        | 0.225       |
|    clip_range           | 0.2         |
|    entropy_loss         | -0.849      |
|    explained_variance   | 0.972       |
|    learning_rate        | 0.0003      |
|    loss                 | 20.9        |
|    n_updates            | 10100       |
|    policy_gradient_loss | -0.000617   |
|    std                  | 0.307       |
|    value_loss           | 38          |
-----------------------------------------
-----------------------------------------
| rollout/                |             |
|    ep_len_mean          | 303         |
|    ep_rew_mean          | -120        |
| time/                   |             |
|    fps                  | 1011        |
|    iterations           | 37          |
|    time_elapsed         | 299         |
|    total_timesteps      | 303104      |
| train/                  |             |
|    approx_kl            | 0.023164734 |
|    clip_fraction        | 0.264       |
|    clip_range           | 0.2         |
|    entropy_loss         | -0.898      |
|    explained_variance   | 0.9         |
|    learning_rate        | 0.0003      |
|    loss                 | 9.14        |
|    n_updates            | 10110       |
|    policy_gradient_loss | 0.00105     |
|    std                  | 0.311       |
|    value_loss           | 38.3        |
-----------------------------------------
-----------------------------------------
| rollout/                |             |
|    ep_len_mean          | 322         |
|    ep_rew_mean          | -113        |
| time/                   |             |
|    fps                  | 1012        |
|    iterations           | 38          |
|    time_elapsed         | 307         |
|    total_timesteps      | 311296      |
| train/                  |             |
|    approx_kl            | 0.025446206 |
|    clip_fraction        | 0.272       |
|    clip_range           | 0.2         |
|    entropy_loss         | -0.944      |
|    explained_variance   | 0.965       |
|    learning_rate        | 0.0003      |
|    loss                 | 4.69        |
|    n_updates            | 10120       |
|    policy_gradient_loss | 0.00364     |
|    std                  | 0.314       |
|    value_loss           | 23.5        |
-----------------------------------------
-----------------------------------------
| rollout/                |             |
|    ep_len_mean          | 326         |
|    ep_rew_mean          | -103        |
| time/                   |             |
|    fps                  | 1015        |
|    iterations           | 39          |
|    time_elapsed         | 314         |
|    total_timesteps      | 319488      |
| train/                  |             |
|    approx_kl            | 0.033867124 |
|    clip_fraction        | 0.304       |
|    clip_range           | 0.2         |
|    entropy_loss         | -0.977      |
|    explained_variance   | 0.97        |
|    learning_rate        | 0.0003      |
|    loss                 | 7.82        |
|    n_updates            | 10130       |
|    policy_gradient_loss | 0.00682     |
|    std                  | 0.316       |
|    value_loss           | 12.9        |
-----------------------------------------
----------------------------------------
| rollout/                |            |
|    ep_len_mean          | 344        |
|    ep_rew_mean          | -110       |
| time/                   |            |
|    fps                  | 1019       |
|    iterations           | 40         |
|    time_elapsed         | 321        |
|    total_timesteps      | 327680     |
| train/                  |            |
|    approx_kl            | 0.02164853 |
|    clip_fraction        | 0.247      |
|    clip_range           | 0.2        |
|    entropy_loss         | -0.978     |
|    explained_variance   | 0.954      |
|    learning_rate        | 0.0003     |
|    loss                 | 2.04       |
|    n_updates            | 10140      |
|    policy_gradient_loss | -0.00222   |
|    std                  | 0.316      |
|    value_loss           | 14         |
----------------------------------------
----------------------------------------
| rollout/                |            |
|    ep_len_mean          | 357        |
|    ep_rew_mean          | -118       |
| time/                   |            |
|    fps                  | 1023       |
|    iterations           | 41         |
|    time_elapsed         | 328        |
|    total_timesteps      | 335872     |
| train/                  |            |
|    approx_kl            | 0.02052736 |
|    clip_fraction        | 0.249      |
|    clip_range           | 0.2        |
|    entropy_loss         | -1.01      |
|    explained_variance   | 0.941      |
|    learning_rate        | 0.0003     |
|    loss                 | 5.23       |
|    n_updates            | 10150      |
|    policy_gradient_loss | 0.00174    |
|    std                  | 0.318      |
|    value_loss           | 15.2       |
----------------------------------------
-----------------------------------------
| rollout/                |             |
|    ep_len_mean          | 360         |
|    ep_rew_mean          | -115        |
| time/                   |             |
|    fps                  | 1026        |
|    iterations           | 42          |
|    time_elapsed         | 335         |
|    total_timesteps      | 344064      |
| train/                  |             |
|    approx_kl            | 0.018881872 |
|    clip_fraction        | 0.211       |
|    clip_range           | 0.2         |
|    entropy_loss         | -1.03       |
|    explained_variance   | 0.917       |
|    learning_rate        | 0.0003      |
|    loss                 | 26.3        |
|    n_updates            | 10160       |
|    policy_gradient_loss | -0.00296    |
|    std                  | 0.321       |
|    value_loss           | 23.7        |
-----------------------------------------
-----------------------------------------
| rollout/                |             |
|    ep_len_mean          | 351         |
|    ep_rew_mean          | -103        |
| time/                   |             |
|    fps                  | 1030        |
|    iterations           | 43          |
|    time_elapsed         | 341         |
|    total_timesteps      | 352256      |
| train/                  |             |
|    approx_kl            | 0.022677317 |
|    clip_fraction        | 0.268       |
|    clip_range           | 0.2         |
|    entropy_loss         | -1.09       |
|    explained_variance   | 0.952       |
|    learning_rate        | 0.0003      |
|    loss                 | 1.44        |
|    n_updates            | 10170       |
|    policy_gradient_loss | 8.2e-05     |
|    std                  | 0.328       |
|    value_loss           | 16.4        |
-----------------------------------------
-----------------------------------------
| rollout/                |             |
|    ep_len_mean          | 349         |
|    ep_rew_mean          | -107        |
| time/                   |             |
|    fps                  | 1034        |
|    iterations           | 44          |
|    time_elapsed         | 348         |
|    total_timesteps      | 360448      |
| train/                  |             |
|    approx_kl            | 0.023195263 |
|    clip_fraction        | 0.228       |
|    clip_range           | 0.2         |
|    entropy_loss         | -1.16       |
|    explained_variance   | 0.978       |
|    learning_rate        | 0.0003      |
|    loss                 | 4.41        |
|    n_updates            | 10180       |
|    policy_gradient_loss | 2.87e-05    |
|    std                  | 0.332       |
|    value_loss           | 17.6        |
-----------------------------------------
-----------------------------------------
| rollout/                |             |
|    ep_len_mean          | 326         |
|    ep_rew_mean          | -108        |
| time/                   |             |
|    fps                  | 1037        |
|    iterations           | 45          |
|    time_elapsed         | 355         |
|    total_timesteps      | 368640      |
| train/                  |             |
|    approx_kl            | 0.024458885 |
|    clip_fraction        | 0.256       |
|    clip_range           | 0.2         |
|    entropy_loss         | -1.19       |
|    explained_variance   | 0.967       |
|    learning_rate        | 0.0003      |
|    loss                 | 2.18        |
|    n_updates            | 10190       |
|    policy_gradient_loss | -0.000457   |
|    std                  | 0.335       |
|    value_loss           | 14.6        |
-----------------------------------------
-----------------------------------------
| rollout/                |             |
|    ep_len_mean          | 326         |
|    ep_rew_mean          | -111        |
| time/                   |             |
|    fps                  | 1038        |
|    iterations           | 46          |
|    time_elapsed         | 362         |
|    total_timesteps      | 376832      |
| train/                  |             |
|    approx_kl            | 0.019077899 |
|    clip_fraction        | 0.205       |
|    clip_range           | 0.2         |
|    entropy_loss         | -1.22       |
|    explained_variance   | 0.973       |
|    learning_rate        | 0.0003      |
|    loss                 | 9.4         |
|    n_updates            | 10200       |
|    policy_gradient_loss | -0.00164    |
|    std                  | 0.336       |
|    value_loss           | 20.9        |
-----------------------------------------
-----------------------------------------
| rollout/                |             |
|    ep_len_mean          | 285         |
|    ep_rew_mean          | -88         |
| time/                   |             |
|    fps                  | 1039        |
|    iterations           | 47          |
|    time_elapsed         | 370         |
|    total_timesteps      | 385024      |
| train/                  |             |
|    approx_kl            | 0.021679174 |
|    clip_fraction        | 0.225       |
|    clip_range           | 0.2         |
|    entropy_loss         | -1.23       |
|    explained_variance   | 0.95        |
|    learning_rate        | 0.0003      |
|    loss                 | 23.3        |
|    n_updates            | 10210       |
|    policy_gradient_loss | -0.0021     |
|    std                  | 0.336       |
|    value_loss           | 36.7        |
-----------------------------------------
-----------------------------------------
| rollout/                |             |
|    ep_len_mean          | 325         |
|    ep_rew_mean          | -128        |
| time/                   |             |
|    fps                  | 1041        |
|    iterations           | 48          |
|    time_elapsed         | 377         |
|    total_timesteps      | 393216      |
| train/                  |             |
|    approx_kl            | 0.017918862 |
|    clip_fraction        | 0.193       |
|    clip_range           | 0.2         |
|    entropy_loss         | -1.24       |
|    explained_variance   | 0.959       |
|    learning_rate        | 0.0003      |
|    loss                 | 17.1        |
|    n_updates            | 10220       |
|    policy_gradient_loss | -0.00219    |
|    std                  | 0.338       |
|    value_loss           | 41          |
-----------------------------------------
[PeriodicArtifactCallback] step 400000: running periodic self-monitoring analysis...
[PeriodicArtifactCallback] analysis written to C:\GitHub\HumanoidRobot\simulation\training\pick_place\runs\pp_v10\analysis_400000.md (stalled=False)
[PeriodicArtifactCallback] step 400000: saving checkpoint, evaluating, rendering...
[PeriodicArtifactCallback] step 400000: success_rate=0.00 pick_success_rate=0.60 mean_reward=-143.35 -> C:\GitHub\HumanoidRobot\simulation\training\pick_place\runs\pp_v10\dashboard.html
-----------------------------------------
| rollout/                |             |
|    ep_len_mean          | 326         |
|    ep_rew_mean          | -115        |
| time/                   |             |
|    fps                  | 1000        |
|    iterations           | 49          |
|    time_elapsed         | 401         |
|    total_timesteps      | 401408      |
| train/                  |             |
|    approx_kl            | 0.020904306 |
|    clip_fraction        | 0.288       |
|    clip_range           | 0.2         |
|    entropy_loss         | -1.27       |
|    explained_variance   | 0.96        |
|    learning_rate        | 0.0003      |
|    loss                 | 19.2        |
|    n_updates            | 10230       |
|    policy_gradient_loss | 0.00816     |
|    std                  | 0.34        |
|    value_loss           | 22.1        |
-----------------------------------------
-----------------------------------------
| rollout/                |             |
|    ep_len_mean          | 314         |
|    ep_rew_mean          | -111        |
| time/                   |             |
|    fps                  | 1004        |
|    iterations           | 50          |
|    time_elapsed         | 407         |
|    total_timesteps      | 409600      |
| train/                  |             |
|    approx_kl            | 0.026800122 |
|    clip_fraction        | 0.249       |
|    clip_range           | 0.2         |
|    entropy_loss         | -1.28       |
|    explained_variance   | 0.97        |
|    learning_rate        | 0.0003      |
|    loss                 | 2.19        |
|    n_updates            | 10240       |
|    policy_gradient_loss | 0.00202     |
|    std                  | 0.342       |
|    value_loss           | 19.6        |
-----------------------------------------
-----------------------------------------
| rollout/                |             |
|    ep_len_mean          | 343         |
|    ep_rew_mean          | -120        |
| time/                   |             |
|    fps                  | 1007        |
|    iterations           | 51          |
|    time_elapsed         | 414         |
|    total_timesteps      | 417792      |
| train/                  |             |
|    approx_kl            | 0.026623826 |
|    clip_fraction        | 0.24        |
|    clip_range           | 0.2         |
|    entropy_loss         | -1.31       |
|    explained_variance   | 0.967       |
|    learning_rate        | 0.0003      |
|    loss                 | 1.99        |
|    n_updates            | 10250       |
|    policy_gradient_loss | -0.00214    |
|    std                  | 0.343       |
|    value_loss           | 20.6        |
-----------------------------------------
-----------------------------------------
| rollout/                |             |
|    ep_len_mean          | 348         |
|    ep_rew_mean          | -103        |
| time/                   |             |
|    fps                  | 1010        |
|    iterations           | 52          |
|    time_elapsed         | 421         |
|    total_timesteps      | 425984      |
| train/                  |             |
|    approx_kl            | 0.018598381 |
|    clip_fraction        | 0.211       |
|    clip_range           | 0.2         |
|    entropy_loss         | -1.33       |
|    explained_variance   | 0.947       |
|    learning_rate        | 0.0003      |
|    loss                 | 5.73        |
|    n_updates            | 10260       |
|    policy_gradient_loss | -0.00431    |
|    std                  | 0.346       |
|    value_loss           | 20.7        |
-----------------------------------------
-----------------------------------------
| rollout/                |             |
|    ep_len_mean          | 328         |
|    ep_rew_mean          | -97.4       |
| time/                   |             |
|    fps                  | 1009        |
|    iterations           | 53          |
|    time_elapsed         | 429         |
|    total_timesteps      | 434176      |
| train/                  |             |
|    approx_kl            | 0.023034899 |
|    clip_fraction        | 0.22        |
|    clip_range           | 0.2         |
|    entropy_loss         | -1.36       |
|    explained_variance   | 0.973       |
|    learning_rate        | 0.0003      |
|    loss                 | 11.7        |
|    n_updates            | 10270       |
|    policy_gradient_loss | -0.00245    |
|    std                  | 0.348       |
|    value_loss           | 20.7        |
-----------------------------------------
-----------------------------------------
| rollout/                |             |
|    ep_len_mean          | 323         |
|    ep_rew_mean          | -103        |
| time/                   |             |
|    fps                  | 1010        |
|    iterations           | 54          |
|    time_elapsed         | 437         |
|    total_timesteps      | 442368      |
| train/                  |             |
|    approx_kl            | 0.024605852 |
|    clip_fraction        | 0.258       |
|    clip_range           | 0.2         |
|    entropy_loss         | -1.41       |
|    explained_variance   | 0.972       |
|    learning_rate        | 0.0003      |
|    loss                 | 0.904       |
|    n_updates            | 10280       |
|    policy_gradient_loss | -0.00326    |
|    std                  | 0.352       |
|    value_loss           | 14.7        |
-----------------------------------------
-----------------------------------------
| rollout/                |             |
|    ep_len_mean          | 310         |
|    ep_rew_mean          | -107        |
| time/                   |             |
|    fps                  | 1010        |
|    iterations           | 55          |
|    time_elapsed         | 445         |
|    total_timesteps      | 450560      |
| train/                  |             |
|    approx_kl            | 0.016269092 |
|    clip_fraction        | 0.181       |
|    clip_range           | 0.2         |
|    entropy_loss         | -1.42       |
|    explained_variance   | 0.978       |
|    learning_rate        | 0.0003      |
|    loss                 | 5.02        |
|    n_updates            | 10290       |
|    policy_gradient_loss | -0.0034     |
|    std                  | 0.352       |
|    value_loss           | 19.3        |
-----------------------------------------
----------------------------------------
| rollout/                |            |
|    ep_len_mean          | 328        |
|    ep_rew_mean          | -122       |
| time/                   |            |
|    fps                  | 1013       |
|    iterations           | 56         |
|    time_elapsed         | 452        |
|    total_timesteps      | 458752     |
| train/                  |            |
|    approx_kl            | 0.01748306 |
|    clip_fraction        | 0.186      |
|    clip_range           | 0.2        |
|    entropy_loss         | -1.46      |
|    explained_variance   | 0.953      |
|    learning_rate        | 0.0003     |
|    loss                 | 7.16       |
|    n_updates            | 10300      |
|    policy_gradient_loss | -0.00297   |
|    std                  | 0.357      |
|    value_loss           | 23.3       |
----------------------------------------
-----------------------------------------
| rollout/                |             |
|    ep_len_mean          | 318         |
|    ep_rew_mean          | -121        |
| time/                   |             |
|    fps                  | 1016        |
|    iterations           | 57          |
|    time_elapsed         | 459         |
|    total_timesteps      | 466944      |
| train/                  |             |
|    approx_kl            | 0.020421926 |
|    clip_fraction        | 0.202       |
|    clip_range           | 0.2         |
|    entropy_loss         | -1.51       |
|    explained_variance   | 0.977       |
|    learning_rate        | 0.0003      |
|    loss                 | 4.77        |
|    n_updates            | 10310       |
|    policy_gradient_loss | -0.00402    |
|    std                  | 0.361       |
|    value_loss           | 40.8        |
-----------------------------------------
-----------------------------------------
| rollout/                |             |
|    ep_len_mean          | 350         |
|    ep_rew_mean          | -127        |
| time/                   |             |
|    fps                  | 1016        |
|    iterations           | 58          |
|    time_elapsed         | 467         |
|    total_timesteps      | 475136      |
| train/                  |             |
|    approx_kl            | 0.026320975 |
|    clip_fraction        | 0.308       |
|    clip_range           | 0.2         |
|    entropy_loss         | -1.56       |
|    explained_variance   | 0.977       |
|    learning_rate        | 0.0003      |
|    loss                 | 1.61        |
|    n_updates            | 10320       |
|    policy_gradient_loss | 0.00605     |
|    std                  | 0.363       |
|    value_loss           | 14.4        |
-----------------------------------------
-----------------------------------------
| rollout/                |             |
|    ep_len_mean          | 346         |
|    ep_rew_mean          | -125        |
| time/                   |             |
|    fps                  | 1015        |
|    iterations           | 59          |
|    time_elapsed         | 475         |
|    total_timesteps      | 483328      |
| train/                  |             |
|    approx_kl            | 0.019770866 |
|    clip_fraction        | 0.193       |
|    clip_range           | 0.2         |
|    entropy_loss         | -1.56       |
|    explained_variance   | 0.983       |
|    learning_rate        | 0.0003      |
|    loss                 | 7.31        |
|    n_updates            | 10330       |
|    policy_gradient_loss | -0.00482    |
|    std                  | 0.364       |
|    value_loss           | 21.8        |
-----------------------------------------
-----------------------------------------
| rollout/                |             |
|    ep_len_mean          | 327         |
|    ep_rew_mean          | -123        |
| time/                   |             |
|    fps                  | 1015        |
|    iterations           | 60          |
|    time_elapsed         | 483         |
|    total_timesteps      | 491520      |
| train/                  |             |
|    approx_kl            | 0.013532776 |
|    clip_fraction        | 0.156       |
|    clip_range           | 0.2         |
|    entropy_loss         | -1.55       |
|    explained_variance   | 0.893       |
|    learning_rate        | 0.0003      |
|    loss                 | 8.37        |
|    n_updates            | 10340       |
|    policy_gradient_loss | -0.0045     |
|    std                  | 0.363       |
|    value_loss           | 33.7        |
-----------------------------------------
-----------------------------------------
| rollout/                |             |
|    ep_len_mean          | 315         |
|    ep_rew_mean          | -112        |
| time/                   |             |
|    fps                  | 1015        |
|    iterations           | 61          |
|    time_elapsed         | 492         |
|    total_timesteps      | 499712      |
| train/                  |             |
|    approx_kl            | 0.020924123 |
|    clip_fraction        | 0.237       |
|    clip_range           | 0.2         |
|    entropy_loss         | -1.56       |
|    explained_variance   | 0.964       |
|    learning_rate        | 0.0003      |
|    loss                 | 3.71        |
|    n_updates            | 10350       |
|    policy_gradient_loss | -0.00271    |
|    std                  | 0.364       |
|    value_loss           | 15.9        |
-----------------------------------------
----------------------------------------
| rollout/                |            |
|    ep_len_mean          | 324        |
|    ep_rew_mean          | -101       |
| time/                   |            |
|    fps                  | 1015       |
|    iterations           | 62         |
|    time_elapsed         | 500        |
|    total_timesteps      | 507904     |
| train/                  |            |
|    approx_kl            | 0.01840308 |
|    clip_fraction        | 0.189      |
|    clip_range           | 0.2        |
|    entropy_loss         | -1.58      |
|    explained_variance   | 0.942      |
|    learning_rate        | 0.0003     |
|    loss                 | 17.8       |
|    n_updates            | 10360      |
|    policy_gradient_loss | -0.00268   |
|    std                  | 0.366      |
|    value_loss           | 32.7       |
----------------------------------------
-----------------------------------------
| rollout/                |             |
|    ep_len_mean          | 296         |
|    ep_rew_mean          | -92.4       |
| time/                   |             |
|    fps                  | 1014        |
|    iterations           | 63          |
|    time_elapsed         | 508         |
|    total_timesteps      | 516096      |
| train/                  |             |
|    approx_kl            | 0.025171176 |
|    clip_fraction        | 0.276       |
|    clip_range           | 0.2         |
|    entropy_loss         | -1.59       |
|    explained_variance   | 0.871       |
|    learning_rate        | 0.0003      |
|    loss                 | 1.77        |
|    n_updates            | 10370       |
|    policy_gradient_loss | 0.0018      |
|    std                  | 0.368       |
|    value_loss           | 10.9        |
-----------------------------------------
-----------------------------------------
| rollout/                |             |
|    ep_len_mean          | 302         |
|    ep_rew_mean          | -91.3       |
| time/                   |             |
|    fps                  | 1015        |
|    iterations           | 64          |
|    time_elapsed         | 516         |
|    total_timesteps      | 524288      |
| train/                  |             |
|    approx_kl            | 0.013587339 |
|    clip_fraction        | 0.157       |
|    clip_range           | 0.2         |
|    entropy_loss         | -1.61       |
|    explained_variance   | 0.942       |
|    learning_rate        | 0.0003      |
|    loss                 | 9.42        |
|    n_updates            | 10380       |
|    policy_gradient_loss | -0.00449    |
|    std                  | 0.37        |
|    value_loss           | 19.3        |
-----------------------------------------
-----------------------------------------
| rollout/                |             |
|    ep_len_mean          | 310         |
|    ep_rew_mean          | -99.1       |
| time/                   |             |
|    fps                  | 1015        |
|    iterations           | 65          |
|    time_elapsed         | 524         |
|    total_timesteps      | 532480      |
| train/                  |             |
|    approx_kl            | 0.019233666 |
|    clip_fraction        | 0.191       |
|    clip_range           | 0.2         |
|    entropy_loss         | -1.63       |
|    explained_variance   | 0.926       |
|    learning_rate        | 0.0003      |
|    loss                 | 4.23        |
|    n_updates            | 10390       |
|    policy_gradient_loss | -0.00323    |
|    std                  | 0.371       |
|    value_loss           | 15.7        |
-----------------------------------------
-----------------------------------------
| rollout/                |             |
|    ep_len_mean          | 334         |
|    ep_rew_mean          | -106        |
| time/                   |             |
|    fps                  | 1015        |
|    iterations           | 66          |
|    time_elapsed         | 532         |
|    total_timesteps      | 540672      |
| train/                  |             |
|    approx_kl            | 0.026148159 |
|    clip_fraction        | 0.269       |
|    clip_range           | 0.2         |
|    entropy_loss         | -1.69       |
|    explained_variance   | 0.948       |
|    learning_rate        | 0.0003      |
|    loss                 | 1.58        |
|    n_updates            | 10400       |
|    policy_gradient_loss | -0.000355   |
|    std                  | 0.376       |
|    value_loss           | 8.68        |
-----------------------------------------
-----------------------------------------
| rollout/                |             |
|    ep_len_mean          | 357         |
|    ep_rew_mean          | -121        |
| time/                   |             |
|    fps                  | 1015        |
|    iterations           | 67          |
|    time_elapsed         | 540         |
|    total_timesteps      | 548864      |
| train/                  |             |
|    approx_kl            | 0.021492168 |
|    clip_fraction        | 0.2         |
|    clip_range           | 0.2         |
|    entropy_loss         | -1.74       |
|    explained_variance   | 0.917       |
|    learning_rate        | 0.0003      |
|    loss                 | 3.69        |
|    n_updates            | 10410       |
|    policy_gradient_loss | -0.00329    |
|    std                  | 0.382       |
|    value_loss           | 8.29        |
-----------------------------------------
-----------------------------------------
| rollout/                |             |
|    ep_len_mean          | 351         |
|    ep_rew_mean          | -112        |
| time/                   |             |
|    fps                  | 1015        |
|    iterations           | 68          |
|    time_elapsed         | 548         |
|    total_timesteps      | 557056      |
| train/                  |             |
|    approx_kl            | 0.017526278 |
|    clip_fraction        | 0.187       |
|    clip_range           | 0.2         |
|    entropy_loss         | -1.78       |
|    explained_variance   | 0.908       |
|    learning_rate        | 0.0003      |
|    loss                 | 3.26        |
|    n_updates            | 10420       |
|    policy_gradient_loss | -0.00354    |
|    std                  | 0.384       |
|    value_loss           | 9.84        |
-----------------------------------------
-----------------------------------------
| rollout/                |             |
|    ep_len_mean          | 374         |
|    ep_rew_mean          | -123        |
| time/                   |             |
|    fps                  | 1015        |
|    iterations           | 69          |
|    time_elapsed         | 556         |
|    total_timesteps      | 565248      |
| train/                  |             |
|    approx_kl            | 0.012056305 |
|    clip_fraction        | 0.119       |
|    clip_range           | 0.2         |
|    entropy_loss         | -1.8        |
|    explained_variance   | 0.898       |
|    learning_rate        | 0.0003      |
|    loss                 | 2.74        |
|    n_updates            | 10430       |
|    policy_gradient_loss | -0.000593   |
|    std                  | 0.385       |
|    value_loss           | 16.8        |
-----------------------------------------
-----------------------------------------
| rollout/                |             |
|    ep_len_mean          | 360         |
|    ep_rew_mean          | -119        |
| time/                   |             |
|    fps                  | 1015        |
|    iterations           | 70          |
|    time_elapsed         | 564         |
|    total_timesteps      | 573440      |
| train/                  |             |
|    approx_kl            | 0.024904888 |
|    clip_fraction        | 0.287       |
|    clip_range           | 0.2         |
|    entropy_loss         | -1.81       |
|    explained_variance   | 0.897       |
|    learning_rate        | 0.0003      |
|    loss                 | 3.52        |
|    n_updates            | 10440       |
|    policy_gradient_loss | -0.000484   |
|    std                  | 0.386       |
|    value_loss           | 5.48        |
-----------------------------------------
-----------------------------------------
| rollout/                |             |
|    ep_len_mean          | 376         |
|    ep_rew_mean          | -122        |
| time/                   |             |
|    fps                  | 1016        |
|    iterations           | 71          |
|    time_elapsed         | 572         |
|    total_timesteps      | 581632      |
| train/                  |             |
|    approx_kl            | 0.017900938 |
|    clip_fraction        | 0.185       |
|    clip_range           | 0.2         |
|    entropy_loss         | -1.82       |
|    explained_variance   | 0.902       |
|    learning_rate        | 0.0003      |
|    loss                 | 2.88        |
|    n_updates            | 10450       |
|    policy_gradient_loss | -0.0047     |
|    std                  | 0.389       |
|    value_loss           | 8.13        |
-----------------------------------------
-----------------------------------------
| rollout/                |             |
|    ep_len_mean          | 364         |
|    ep_rew_mean          | -113        |
| time/                   |             |
|    fps                  | 1016        |
|    iterations           | 72          |
|    time_elapsed         | 580         |
|    total_timesteps      | 589824      |
| train/                  |             |
|    approx_kl            | 0.015845794 |
|    clip_fraction        | 0.181       |
|    clip_range           | 0.2         |
|    entropy_loss         | -1.83       |
|    explained_variance   | 0.949       |
|    learning_rate        | 0.0003      |
|    loss                 | 4.85        |
|    n_updates            | 10460       |
|    policy_gradient_loss | -0.00179    |
|    std                  | 0.388       |
|    value_loss           | 6.98        |
-----------------------------------------
-----------------------------------------
| rollout/                |             |
|    ep_len_mean          | 334         |
|    ep_rew_mean          | -89         |
| time/                   |             |
|    fps                  | 1018        |
|    iterations           | 73          |
|    time_elapsed         | 587         |
|    total_timesteps      | 598016      |
| train/                  |             |
|    approx_kl            | 0.019846473 |
|    clip_fraction        | 0.193       |
|    clip_range           | 0.2         |
|    entropy_loss         | -1.85       |
|    explained_variance   | 0.958       |
|    learning_rate        | 0.0003      |
|    loss                 | 14.3        |
|    n_updates            | 10470       |
|    policy_gradient_loss | -0.00375    |
|    std                  | 0.39        |
|    value_loss           | 6.87        |
-----------------------------------------
[PeriodicArtifactCallback] step 600000: saving checkpoint, evaluating, rendering...
[PeriodicArtifactCallback] step 600000: success_rate=0.00 pick_success_rate=0.60 mean_reward=-115.65 -> C:\GitHub\HumanoidRobot\simulation\training\pick_place\runs\pp_v10\dashboard.html
-----------------------------------------
| rollout/                |             |
|    ep_len_mean          | 341         |
|    ep_rew_mean          | -92.8       |
| time/                   |             |
|    fps                  | 1001        |
|    iterations           | 74          |
|    time_elapsed         | 605         |
|    total_timesteps      | 606208      |
| train/                  |             |
|    approx_kl            | 0.017018685 |
|    clip_fraction        | 0.172       |
|    clip_range           | 0.2         |
|    entropy_loss         | -1.87       |
|    explained_variance   | 0.88        |
|    learning_rate        | 0.0003      |
|    loss                 | 1.75        |
|    n_updates            | 10480       |
|    policy_gradient_loss | -0.00111    |
|    std                  | 0.391       |
|    value_loss           | 5.67        |
-----------------------------------------
-----------------------------------------
| rollout/                |             |
|    ep_len_mean          | 352         |
|    ep_rew_mean          | -94.7       |
| time/                   |             |
|    fps                  | 1003        |
|    iterations           | 75          |
|    time_elapsed         | 612         |
|    total_timesteps      | 614400      |
| train/                  |             |
|    approx_kl            | 0.017700082 |
|    clip_fraction        | 0.194       |
|    clip_range           | 0.2         |
|    entropy_loss         | -1.88       |
|    explained_variance   | 0.871       |
|    learning_rate        | 0.0003      |
|    loss                 | 2.14        |
|    n_updates            | 10490       |
|    policy_gradient_loss | -0.0045     |
|    std                  | 0.393       |
|    value_loss           | 7.77        |
-----------------------------------------
----------------------------------------
| rollout/                |            |
|    ep_len_mean          | 318        |
|    ep_rew_mean          | -79        |
| time/                   |            |
|    fps                  | 1005       |
|    iterations           | 76         |
|    time_elapsed         | 619        |
|    total_timesteps      | 622592     |
| train/                  |            |
|    approx_kl            | 0.01984965 |
|    clip_fraction        | 0.188      |
|    clip_range           | 0.2        |
|    entropy_loss         | -1.92      |
|    explained_variance   | 0.913      |
|    learning_rate        | 0.0003     |
|    loss                 | 1.21       |
|    n_updates            | 10500      |
|    policy_gradient_loss | -0.00474   |
|    std                  | 0.4        |
|    value_loss           | 11.6       |
----------------------------------------
-----------------------------------------
| rollout/                |             |
|    ep_len_mean          | 315         |
|    ep_rew_mean          | -78.7       |
| time/                   |             |
|    fps                  | 1007        |
|    iterations           | 77          |
|    time_elapsed         | 626         |
|    total_timesteps      | 630784      |
| train/                  |             |
|    approx_kl            | 0.019407995 |
|    clip_fraction        | 0.207       |
|    clip_range           | 0.2         |
|    entropy_loss         | -1.97       |
|    explained_variance   | 0.922       |
|    learning_rate        | 0.0003      |
|    loss                 | 3.14        |
|    n_updates            | 10510       |
|    policy_gradient_loss | -0.00368    |
|    std                  | 0.402       |
|    value_loss           | 10.5        |
-----------------------------------------
-----------------------------------------
| rollout/                |             |
|    ep_len_mean          | 285         |
|    ep_rew_mean          | -63.7       |
| time/                   |             |
|    fps                  | 1007        |
|    iterations           | 78          |
|    time_elapsed         | 634         |
|    total_timesteps      | 638976      |
| train/                  |             |
|    approx_kl            | 0.020796824 |
|    clip_fraction        | 0.197       |
|    clip_range           | 0.2         |
|    entropy_loss         | -1.98       |
|    explained_variance   | 0.91        |
|    learning_rate        | 0.0003      |
|    loss                 | 2.6         |
|    n_updates            | 10520       |
|    policy_gradient_loss | -0.0027     |
|    std                  | 0.402       |
|    value_loss           | 10.7        |
-----------------------------------------
-----------------------------------------
| rollout/                |             |
|    ep_len_mean          | 257         |
|    ep_rew_mean          | -47.7       |
| time/                   |             |
|    fps                  | 1006        |
|    iterations           | 79          |
|    time_elapsed         | 642         |
|    total_timesteps      | 647168      |
| train/                  |             |
|    approx_kl            | 0.018704688 |
|    clip_fraction        | 0.23        |
|    clip_range           | 0.2         |
|    entropy_loss         | -2.01       |
|    explained_variance   | 0.947       |
|    learning_rate        | 0.0003      |
|    loss                 | 3.83        |
|    n_updates            | 10530       |
|    policy_gradient_loss | -0.000591   |
|    std                  | 0.408       |
|    value_loss           | 5.96        |
-----------------------------------------
-----------------------------------------
| rollout/                |             |
|    ep_len_mean          | 300         |
|    ep_rew_mean          | -75.7       |
| time/                   |             |
|    fps                  | 1007        |
|    iterations           | 80          |
|    time_elapsed         | 650         |
|    total_timesteps      | 655360      |
| train/                  |             |
|    approx_kl            | 0.012986293 |
|    clip_fraction        | 0.142       |
|    clip_range           | 0.2         |
|    entropy_loss         | -2.05       |
|    explained_variance   | 0.96        |
|    learning_rate        | 0.0003      |
|    loss                 | 0.884       |
|    n_updates            | 10540       |
|    policy_gradient_loss | -0.0014     |
|    std                  | 0.411       |
|    value_loss           | 11.9        |
-----------------------------------------
-----------------------------------------
| rollout/                |             |
|    ep_len_mean          | 297         |
|    ep_rew_mean          | -78.6       |
| time/                   |             |
|    fps                  | 1007        |
|    iterations           | 81          |
|    time_elapsed         | 658         |
|    total_timesteps      | 663552      |
| train/                  |             |
|    approx_kl            | 0.013791895 |
|    clip_fraction        | 0.154       |
|    clip_range           | 0.2         |
|    entropy_loss         | -2.08       |
|    explained_variance   | 0.906       |
|    learning_rate        | 0.0003      |
|    loss                 | 2.89        |
|    n_updates            | 10550       |
|    policy_gradient_loss | -0.00282    |
|    std                  | 0.415       |
|    value_loss           | 20.1        |
-----------------------------------------
-----------------------------------------
| rollout/                |             |
|    ep_len_mean          | 319         |
|    ep_rew_mean          | -82.9       |
| time/                   |             |
|    fps                  | 1007        |
|    iterations           | 82          |
|    time_elapsed         | 666         |
|    total_timesteps      | 671744      |
| train/                  |             |
|    approx_kl            | 0.016830372 |
|    clip_fraction        | 0.197       |
|    clip_range           | 0.2         |
|    entropy_loss         | -2.11       |
|    explained_variance   | 0.893       |
|    learning_rate        | 0.0003      |
|    loss                 | 1.9         |
|    n_updates            | 10560       |
|    policy_gradient_loss | -0.00392    |
|    std                  | 0.416       |
|    value_loss           | 17          |
-----------------------------------------
-----------------------------------------
| rollout/                |             |
|    ep_len_mean          | 364         |
|    ep_rew_mean          | -99         |
| time/                   |             |
|    fps                  | 1007        |
|    iterations           | 83          |
|    time_elapsed         | 674         |
|    total_timesteps      | 679936      |
| train/                  |             |
|    approx_kl            | 0.020555856 |
|    clip_fraction        | 0.244       |
|    clip_range           | 0.2         |
|    entropy_loss         | -2.16       |
|    explained_variance   | 0.91        |
|    learning_rate        | 0.0003      |
|    loss                 | 0.775       |
|    n_updates            | 10570       |
|    policy_gradient_loss | -0.00106    |
|    std                  | 0.42        |
|    value_loss           | 3.96        |
-----------------------------------------
-----------------------------------------
| rollout/                |             |
|    ep_len_mean          | 375         |
|    ep_rew_mean          | -115        |
| time/                   |             |
|    fps                  | 1007        |
|    iterations           | 84          |
|    time_elapsed         | 682         |
|    total_timesteps      | 688128      |
| train/                  |             |
|    approx_kl            | 0.010761535 |
|    clip_fraction        | 0.118       |
|    clip_range           | 0.2         |
|    entropy_loss         | -2.16       |
|    explained_variance   | 0.937       |
|    learning_rate        | 0.0003      |
|    loss                 | 1.2         |
|    n_updates            | 10580       |
|    policy_gradient_loss | -0.00183    |
|    std                  | 0.421       |
|    value_loss           | 9.24        |
-----------------------------------------
-----------------------------------------
| rollout/                |             |
|    ep_len_mean          | 385         |
|    ep_rew_mean          | -116        |
| time/                   |             |
|    fps                  | 1007        |
|    iterations           | 85          |
|    time_elapsed         | 690         |
|    total_timesteps      | 696320      |
| train/                  |             |
|    approx_kl            | 0.011968315 |
|    clip_fraction        | 0.139       |
|    clip_range           | 0.2         |
|    entropy_loss         | -2.19       |
|    explained_variance   | 0.94        |
|    learning_rate        | 0.0003      |
|    loss                 | 2.95        |
|    n_updates            | 10590       |
|    policy_gradient_loss | -0.00101    |
|    std                  | 0.425       |
|    value_loss           | 7.83        |
-----------------------------------------
-----------------------------------------
| rollout/                |             |
|    ep_len_mean          | 407         |
|    ep_rew_mean          | -125        |
| time/                   |             |
|    fps                  | 1007        |
|    iterations           | 86          |
|    time_elapsed         | 699         |
|    total_timesteps      | 704512      |
| train/                  |             |
|    approx_kl            | 0.013069088 |
|    clip_fraction        | 0.158       |
|    clip_range           | 0.2         |
|    entropy_loss         | -2.22       |
|    explained_variance   | 0.961       |
|    learning_rate        | 0.0003      |
|    loss                 | 5.52        |
|    n_updates            | 10600       |
|    policy_gradient_loss | -0.000879   |
|    std                  | 0.428       |
|    value_loss           | 7.43        |
-----------------------------------------
-----------------------------------------
| rollout/                |             |
|    ep_len_mean          | 362         |
|    ep_rew_mean          | -110        |
| time/                   |             |
|    fps                  | 1007        |
|    iterations           | 87          |
|    time_elapsed         | 707         |
|    total_timesteps      | 712704      |
| train/                  |             |
|    approx_kl            | 0.017899249 |
|    clip_fraction        | 0.192       |
|    clip_range           | 0.2         |
|    entropy_loss         | -2.26       |
|    explained_variance   | 0.966       |
|    learning_rate        | 0.0003      |
|    loss                 | 0.66        |
|    n_updates            | 10610       |
|    policy_gradient_loss | -0.00113    |
|    std                  | 0.432       |
|    value_loss           | 3.73        |
-----------------------------------------
-----------------------------------------
| rollout/                |             |
|    ep_len_mean          | 367         |
|    ep_rew_mean          | -93         |
| time/                   |             |
|    fps                  | 1008        |
|    iterations           | 88          |
|    time_elapsed         | 714         |
|    total_timesteps      | 720896      |
| train/                  |             |
|    approx_kl            | 0.017254598 |
|    clip_fraction        | 0.176       |
|    clip_range           | 0.2         |
|    entropy_loss         | -2.28       |
|    explained_variance   | 0.919       |
|    learning_rate        | 0.0003      |
|    loss                 | 2.61        |
|    n_updates            | 10620       |
|    policy_gradient_loss | -0.00359    |
|    std                  | 0.432       |
|    value_loss           | 6.34        |
-----------------------------------------
-----------------------------------------
| rollout/                |             |
|    ep_len_mean          | 395         |
|    ep_rew_mean          | -104        |
| time/                   |             |
|    fps                  | 1010        |
|    iterations           | 89          |
|    time_elapsed         | 721         |
|    total_timesteps      | 729088      |
| train/                  |             |
|    approx_kl            | 0.014424896 |
|    clip_fraction        | 0.201       |
|    clip_range           | 0.2         |
|    entropy_loss         | -2.28       |
|    explained_variance   | 0.913       |
|    learning_rate        | 0.0003      |
|    loss                 | 0.693       |
|    n_updates            | 10630       |
|    policy_gradient_loss | -0.00291    |
|    std                  | 0.432       |
|    value_loss           | 4.17        |
-----------------------------------------
-----------------------------------------
| rollout/                |             |
|    ep_len_mean          | 390         |
|    ep_rew_mean          | -116        |
| time/                   |             |
|    fps                  | 1012        |
|    iterations           | 90          |
|    time_elapsed         | 728         |
|    total_timesteps      | 737280      |
| train/                  |             |
|    approx_kl            | 0.012611443 |
|    clip_fraction        | 0.146       |
|    clip_range           | 0.2         |
|    entropy_loss         | -2.3        |
|    explained_variance   | 0.905       |
|    learning_rate        | 0.0003      |
|    loss                 | 3.98        |
|    n_updates            | 10640       |
|    policy_gradient_loss | -0.003      |
|    std                  | 0.435       |
|    value_loss           | 7.51        |
-----------------------------------------
-----------------------------------------
| rollout/                |             |
|    ep_len_mean          | 404         |
|    ep_rew_mean          | -123        |
| time/                   |             |
|    fps                  | 1014        |
|    iterations           | 91          |
|    time_elapsed         | 734         |
|    total_timesteps      | 745472      |
| train/                  |             |
|    approx_kl            | 0.011760768 |
|    clip_fraction        | 0.117       |
|    clip_range           | 0.2         |
|    entropy_loss         | -2.33       |
|    explained_variance   | 0.97        |
|    learning_rate        | 0.0003      |
|    loss                 | 5.67        |
|    n_updates            | 10650       |
|    policy_gradient_loss | -0.00354    |
|    std                  | 0.441       |
|    value_loss           | 12.9        |
-----------------------------------------
-----------------------------------------
| rollout/                |             |
|    ep_len_mean          | 407         |
|    ep_rew_mean          | -131        |
| time/                   |             |
|    fps                  | 1016        |
|    iterations           | 92          |
|    time_elapsed         | 741         |
|    total_timesteps      | 753664      |
| train/                  |             |
|    approx_kl            | 0.024845228 |
|    clip_fraction        | 0.205       |
|    clip_range           | 0.2         |
|    entropy_loss         | -2.37       |
|    explained_variance   | 0.957       |
|    learning_rate        | 0.0003      |
|    loss                 | 2.27        |
|    n_updates            | 10660       |
|    policy_gradient_loss | -0.00127    |
|    std                  | 0.444       |
|    value_loss           | 12.3        |
-----------------------------------------
-----------------------------------------
| rollout/                |             |
|    ep_len_mean          | 381         |
|    ep_rew_mean          | -119        |
| time/                   |             |
|    fps                  | 1018        |
|    iterations           | 93          |
|    time_elapsed         | 748         |
|    total_timesteps      | 761856      |
| train/                  |             |
|    approx_kl            | 0.019165218 |
|    clip_fraction        | 0.214       |
|    clip_range           | 0.2         |
|    entropy_loss         | -2.4        |
|    explained_variance   | 0.97        |
|    learning_rate        | 0.0003      |
|    loss                 | 2.25        |
|    n_updates            | 10670       |
|    policy_gradient_loss | -0.000554   |
|    std                  | 0.447       |
|    value_loss           | 4.12        |
-----------------------------------------
------------------------------------------
| rollout/                |              |
|    ep_len_mean          | 369          |
|    ep_rew_mean          | -116         |
| time/                   |              |
|    fps                  | 1020         |
|    iterations           | 94           |
|    time_elapsed         | 754          |
|    total_timesteps      | 770048       |
| train/                  |              |
|    approx_kl            | 0.0151575245 |
|    clip_fraction        | 0.159        |
|    clip_range           | 0.2          |
|    entropy_loss         | -2.42        |
|    explained_variance   | 0.881        |
|    learning_rate        | 0.0003       |
|    loss                 | 2.01         |
|    n_updates            | 10680        |
|    policy_gradient_loss | -0.00333     |
|    std                  | 0.449        |
|    value_loss           | 10.9         |
------------------------------------------
-----------------------------------------
| rollout/                |             |
|    ep_len_mean          | 346         |
|    ep_rew_mean          | -84         |
| time/                   |             |
|    fps                  | 1021        |
|    iterations           | 95          |
|    time_elapsed         | 761         |
|    total_timesteps      | 778240      |
| train/                  |             |
|    approx_kl            | 0.016040383 |
|    clip_fraction        | 0.202       |
|    clip_range           | 0.2         |
|    entropy_loss         | -2.43       |
|    explained_variance   | 0.918       |
|    learning_rate        | 0.0003      |
|    loss                 | 1.55        |
|    n_updates            | 10690       |
|    policy_gradient_loss | -0.000158   |
|    std                  | 0.45        |
|    value_loss           | 4.5         |
-----------------------------------------
-----------------------------------------
| rollout/                |             |
|    ep_len_mean          | 344         |
|    ep_rew_mean          | -74         |
| time/                   |             |
|    fps                  | 1023        |
|    iterations           | 96          |
|    time_elapsed         | 768         |
|    total_timesteps      | 786432      |
| train/                  |             |
|    approx_kl            | 0.012237333 |
|    clip_fraction        | 0.143       |
|    clip_range           | 0.2         |
|    entropy_loss         | -2.45       |
|    explained_variance   | 0.889       |
|    learning_rate        | 0.0003      |
|    loss                 | 3.33        |
|    n_updates            | 10700       |
|    policy_gradient_loss | -0.002      |
|    std                  | 0.452       |
|    value_loss           | 8.66        |
-----------------------------------------
-----------------------------------------
| rollout/                |             |
|    ep_len_mean          | 350         |
|    ep_rew_mean          | -82.3       |
| time/                   |             |
|    fps                  | 1025        |
|    iterations           | 97          |
|    time_elapsed         | 775         |
|    total_timesteps      | 794624      |
| train/                  |             |
|    approx_kl            | 0.018122988 |
|    clip_fraction        | 0.15        |
|    clip_range           | 0.2         |
|    entropy_loss         | -2.47       |
|    explained_variance   | 0.835       |
|    learning_rate        | 0.0003      |
|    loss                 | 4.72        |
|    n_updates            | 10710       |
|    policy_gradient_loss | -0.00169    |
|    std                  | 0.455       |
|    value_loss           | 6.96        |
-----------------------------------------
[PeriodicArtifactCallback] step 800000: running periodic self-monitoring analysis...
[PeriodicArtifactCallback] analysis written to C:\GitHub\HumanoidRobot\simulation\training\pick_place\runs\pp_v10\analysis_800000.md (stalled=True)
[PeriodicArtifactCallback] step 800000: saving checkpoint, evaluating, rendering...
[PeriodicArtifactCallback] step 800000: success_rate=0.00 pick_success_rate=0.60 mean_reward=-120.34 -> C:\GitHub\HumanoidRobot\simulation\training\pick_place\runs\pp_v10\dashboard.html
Training complete. Final checkpoint: C:\GitHub\HumanoidRobot\simulation\training\pick_place\runs\pp_v10\checkpoints\final.zip
Dashboard: C:\GitHub\HumanoidRobot\simulation\training\pick_place\runs\pp_v10\dashboard.html
