Continuing from checkpoint: C:/GitHub/HumanoidRobot/simulation/training/pick_place/runs/pp_v18/checkpoints/ckpt_800000.zip
Logging to C:\GitHub\HumanoidRobot\simulation\training\pick_place\runs\pp_v19\logs\pp_v19_1
---------------------------------
| rollout/           |          |
|    ep_len_mean     | 23.3     |
|    ep_rew_mean     | 30       |
| time/              |          |
|    fps             | 3699     |
|    iterations      | 1        |
|    time_elapsed    | 2        |
|    total_timesteps | 8192     |
---------------------------------
----------------------------------------
| rollout/                |            |
|    ep_len_mean          | 97.4       |
|    ep_rew_mean          | -5.5       |
| time/                   |            |
|    fps                  | 1514       |
|    iterations           | 2          |
|    time_elapsed         | 10         |
|    total_timesteps      | 16384      |
| train/                  |            |
|    approx_kl            | 0.02142853 |
|    clip_fraction        | 0.205      |
|    clip_range           | 0.2        |
|    entropy_loss         | -2.36      |
|    explained_variance   | 0.981      |
|    learning_rate        | 0.0003     |
|    loss                 | 2.69       |
|    n_updates            | 21690      |
|    policy_gradient_loss | -0.00459   |
|    std                  | 0.485      |
|    value_loss           | 13.3       |
----------------------------------------
-----------------------------------------
| rollout/                |             |
|    ep_len_mean          | 92          |
|    ep_rew_mean          | -4.72       |
| time/                   |             |
|    fps                  | 1260        |
|    iterations           | 3           |
|    time_elapsed         | 19          |
|    total_timesteps      | 24576       |
| train/                  |             |
|    approx_kl            | 0.021089464 |
|    clip_fraction        | 0.222       |
|    clip_range           | 0.2         |
|    entropy_loss         | -2.38       |
|    explained_variance   | 0.991       |
|    learning_rate        | 0.0003      |
|    loss                 | 0.571       |
|    n_updates            | 21700       |
|    policy_gradient_loss | 0.00306     |
|    std                  | 0.487       |
|    value_loss           | 2.32        |
-----------------------------------------
-----------------------------------------
| rollout/                |             |
|    ep_len_mean          | 85.6        |
|    ep_rew_mean          | -1.55       |
| time/                   |             |
|    fps                  | 1174        |
|    iterations           | 4           |
|    time_elapsed         | 27          |
|    total_timesteps      | 32768       |
| train/                  |             |
|    approx_kl            | 0.020316534 |
|    clip_fraction        | 0.205       |
|    clip_range           | 0.2         |
|    entropy_loss         | -2.39       |
|    explained_variance   | 0.987       |
|    learning_rate        | 0.0003      |
|    loss                 | 0.214       |
|    n_updates            | 21710       |
|    policy_gradient_loss | 0.00296     |
|    std                  | 0.491       |
|    value_loss           | 4.95        |
-----------------------------------------
---------------------------------------
| rollout/                |           |
|    ep_len_mean          | 79.8      |
|    ep_rew_mean          | 3.02      |
| time/                   |           |
|    fps                  | 1118      |
|    iterations           | 5         |
|    time_elapsed         | 36        |
|    total_timesteps      | 40960     |
| train/                  |           |
|    approx_kl            | 0.0270384 |
|    clip_fraction        | 0.184     |
|    clip_range           | 0.2       |
|    entropy_loss         | -2.4      |
|    explained_variance   | 0.973     |
|    learning_rate        | 0.0003    |
|    loss                 | 2.16      |
|    n_updates            | 21720     |
|    policy_gradient_loss | -0.00175  |
|    std                  | 0.488     |
|    value_loss           | 8.8       |
---------------------------------------
-----------------------------------------
| rollout/                |             |
|    ep_len_mean          | 109         |
|    ep_rew_mean          | -8.46       |
| time/                   |             |
|    fps                  | 1093        |
|    iterations           | 6           |
|    time_elapsed         | 44          |
|    total_timesteps      | 49152       |
| train/                  |             |
|    approx_kl            | 0.026359852 |
|    clip_fraction        | 0.312       |
|    clip_range           | 0.2         |
|    entropy_loss         | -2.4        |
|    explained_variance   | 0.994       |
|    learning_rate        | 0.0003      |
|    loss                 | 0.422       |
|    n_updates            | 21730       |
|    policy_gradient_loss | 0.000889    |
|    std                  | 0.488       |
|    value_loss           | 2.71        |
-----------------------------------------
-----------------------------------------
| rollout/                |             |
|    ep_len_mean          | 91.7        |
|    ep_rew_mean          | -1.62       |
| time/                   |             |
|    fps                  | 1066        |
|    iterations           | 7           |
|    time_elapsed         | 53          |
|    total_timesteps      | 57344       |
| train/                  |             |
|    approx_kl            | 0.023011502 |
|    clip_fraction        | 0.224       |
|    clip_range           | 0.2         |
|    entropy_loss         | -2.41       |
|    explained_variance   | 0.993       |
|    learning_rate        | 0.0003      |
|    loss                 | 0.24        |
|    n_updates            | 21740       |
|    policy_gradient_loss | 0.00169     |
|    std                  | 0.491       |
|    value_loss           | 2.4         |
-----------------------------------------
-----------------------------------------
| rollout/                |             |
|    ep_len_mean          | 62.8        |
|    ep_rew_mean          | 12.4        |
| time/                   |             |
|    fps                  | 1053        |
|    iterations           | 8           |
|    time_elapsed         | 62          |
|    total_timesteps      | 65536       |
| train/                  |             |
|    approx_kl            | 0.020335063 |
|    clip_fraction        | 0.199       |
|    clip_range           | 0.2         |
|    entropy_loss         | -2.44       |
|    explained_variance   | 0.99        |
|    learning_rate        | 0.0003      |
|    loss                 | 3.76        |
|    n_updates            | 21750       |
|    policy_gradient_loss | -0.00164    |
|    std                  | 0.494       |
|    value_loss           | 4.14        |
-----------------------------------------
-----------------------------------------
| rollout/                |             |
|    ep_len_mean          | 109         |
|    ep_rew_mean          | -10.8       |
| time/                   |             |
|    fps                  | 1041        |
|    iterations           | 9           |
|    time_elapsed         | 70          |
|    total_timesteps      | 73728       |
| train/                  |             |
|    approx_kl            | 0.021144504 |
|    clip_fraction        | 0.22        |
|    clip_range           | 0.2         |
|    entropy_loss         | -2.47       |
|    explained_variance   | 0.989       |
|    learning_rate        | 0.0003      |
|    loss                 | 0.421       |
|    n_updates            | 21760       |
|    policy_gradient_loss | -0.00146    |
|    std                  | 0.499       |
|    value_loss           | 4.57        |
-----------------------------------------
-----------------------------------------
| rollout/                |             |
|    ep_len_mean          | 85.6        |
|    ep_rew_mean          | 1.8         |
| time/                   |             |
|    fps                  | 1034        |
|    iterations           | 10          |
|    time_elapsed         | 79          |
|    total_timesteps      | 81920       |
| train/                  |             |
|    approx_kl            | 0.017758463 |
|    clip_fraction        | 0.162       |
|    clip_range           | 0.2         |
|    entropy_loss         | -2.47       |
|    explained_variance   | 0.985       |
|    learning_rate        | 0.0003      |
|    loss                 | 1.55        |
|    n_updates            | 21770       |
|    policy_gradient_loss | -0.00285    |
|    std                  | 0.496       |
|    value_loss           | 3.91        |
-----------------------------------------
-----------------------------------------
| rollout/                |             |
|    ep_len_mean          | 73.7        |
|    ep_rew_mean          | 5.64        |
| time/                   |             |
|    fps                  | 1025        |
|    iterations           | 11          |
|    time_elapsed         | 87          |
|    total_timesteps      | 90112       |
| train/                  |             |
|    approx_kl            | 0.029056083 |
|    clip_fraction        | 0.275       |
|    clip_range           | 0.2         |
|    entropy_loss         | -2.44       |
|    explained_variance   | 0.993       |
|    learning_rate        | 0.0003      |
|    loss                 | 0.78        |
|    n_updates            | 21780       |
|    policy_gradient_loss | -0.000716   |
|    std                  | 0.493       |
|    value_loss           | 3.36        |
-----------------------------------------
-----------------------------------------
| rollout/                |             |
|    ep_len_mean          | 80.1        |
|    ep_rew_mean          | 4.53        |
| time/                   |             |
|    fps                  | 1020        |
|    iterations           | 12          |
|    time_elapsed         | 96          |
|    total_timesteps      | 98304       |
| train/                  |             |
|    approx_kl            | 0.034086227 |
|    clip_fraction        | 0.266       |
|    clip_range           | 0.2         |
|    entropy_loss         | -2.44       |
|    explained_variance   | 0.99        |
|    learning_rate        | 0.0003      |
|    loss                 | 0.826       |
|    n_updates            | 21790       |
|    policy_gradient_loss | -0.00234    |
|    std                  | 0.495       |
|    value_loss           | 5.41        |
-----------------------------------------
----------------------------------------
| rollout/                |            |
|    ep_len_mean          | 120        |
|    ep_rew_mean          | -15.6      |
| time/                   |            |
|    fps                  | 1012       |
|    iterations           | 13         |
|    time_elapsed         | 105        |
|    total_timesteps      | 106496     |
| train/                  |            |
|    approx_kl            | 0.02447683 |
|    clip_fraction        | 0.234      |
|    clip_range           | 0.2        |
|    entropy_loss         | -2.44      |
|    explained_variance   | 0.983      |
|    learning_rate        | 0.0003     |
|    loss                 | 0.999      |
|    n_updates            | 21800      |
|    policy_gradient_loss | -0.00406   |
|    std                  | 0.493      |
|    value_loss           | 5.89       |
----------------------------------------
-----------------------------------------
| rollout/                |             |
|    ep_len_mean          | 86.2        |
|    ep_rew_mean          | 1.39        |
| time/                   |             |
|    fps                  | 1010        |
|    iterations           | 14          |
|    time_elapsed         | 113         |
|    total_timesteps      | 114688      |
| train/                  |             |
|    approx_kl            | 0.025075587 |
|    clip_fraction        | 0.238       |
|    clip_range           | 0.2         |
|    entropy_loss         | -2.42       |
|    explained_variance   | 0.995       |
|    learning_rate        | 0.0003      |
|    loss                 | 0.172       |
|    n_updates            | 21810       |
|    policy_gradient_loss | -0.000109   |
|    std                  | 0.491       |
|    value_loss           | 1.35        |
-----------------------------------------
----------------------------------------
| rollout/                |            |
|    ep_len_mean          | 80.2       |
|    ep_rew_mean          | 9.22       |
| time/                   |            |
|    fps                  | 1004       |
|    iterations           | 15         |
|    time_elapsed         | 122        |
|    total_timesteps      | 122880     |
| train/                  |            |
|    approx_kl            | 0.03090091 |
|    clip_fraction        | 0.281      |
|    clip_range           | 0.2        |
|    entropy_loss         | -2.41      |
|    explained_variance   | 0.994      |
|    learning_rate        | 0.0003     |
|    loss                 | 0.369      |
|    n_updates            | 21820      |
|    policy_gradient_loss | -0.0025    |
|    std                  | 0.49       |
|    value_loss           | 1.82       |
----------------------------------------
-----------------------------------------
| rollout/                |             |
|    ep_len_mean          | 91.8        |
|    ep_rew_mean          | 1.31        |
| time/                   |             |
|    fps                  | 1002        |
|    iterations           | 16          |
|    time_elapsed         | 130         |
|    total_timesteps      | 131072      |
| train/                  |             |
|    approx_kl            | 0.029239923 |
|    clip_fraction        | 0.266       |
|    clip_range           | 0.2         |
|    entropy_loss         | -2.39       |
|    explained_variance   | 0.99        |
|    learning_rate        | 0.0003      |
|    loss                 | 8.53        |
|    n_updates            | 21830       |
|    policy_gradient_loss | -0.00431    |
|    std                  | 0.488       |
|    value_loss           | 3.86        |
-----------------------------------------
-----------------------------------------
| rollout/                |             |
|    ep_len_mean          | 80.4        |
|    ep_rew_mean          | 6.56        |
| time/                   |             |
|    fps                  | 996         |
|    iterations           | 17          |
|    time_elapsed         | 139         |
|    total_timesteps      | 139264      |
| train/                  |             |
|    approx_kl            | 0.022052616 |
|    clip_fraction        | 0.226       |
|    clip_range           | 0.2         |
|    entropy_loss         | -2.38       |
|    explained_variance   | 0.996       |
|    learning_rate        | 0.0003      |
|    loss                 | 0.159       |
|    n_updates            | 21840       |
|    policy_gradient_loss | -0.00435    |
|    std                  | 0.485       |
|    value_loss           | 1.33        |
-----------------------------------------
-----------------------------------------
| rollout/                |             |
|    ep_len_mean          | 103         |
|    ep_rew_mean          | -6.63       |
| time/                   |             |
|    fps                  | 998         |
|    iterations           | 18          |
|    time_elapsed         | 147         |
|    total_timesteps      | 147456      |
| train/                  |             |
|    approx_kl            | 0.026604567 |
|    clip_fraction        | 0.198       |
|    clip_range           | 0.2         |
|    entropy_loss         | -2.37       |
|    explained_variance   | 0.987       |
|    learning_rate        | 0.0003      |
|    loss                 | 6.41        |
|    n_updates            | 21850       |
|    policy_gradient_loss | -0.00197    |
|    std                  | 0.485       |
|    value_loss           | 5.1         |
-----------------------------------------
-----------------------------------------
| rollout/                |             |
|    ep_len_mean          | 109         |
|    ep_rew_mean          | -5.08       |
| time/                   |             |
|    fps                  | 995         |
|    iterations           | 19          |
|    time_elapsed         | 156         |
|    total_timesteps      | 155648      |
| train/                  |             |
|    approx_kl            | 0.025744105 |
|    clip_fraction        | 0.257       |
|    clip_range           | 0.2         |
|    entropy_loss         | -2.35       |
|    explained_variance   | 0.996       |
|    learning_rate        | 0.0003      |
|    loss                 | 0.0966      |
|    n_updates            | 21860       |
|    policy_gradient_loss | -0.000755   |
|    std                  | 0.481       |
|    value_loss           | 0.741       |
-----------------------------------------
----------------------------------------
| rollout/                |            |
|    ep_len_mean          | 132        |
|    ep_rew_mean          | -18.6      |
| time/                   |            |
|    fps                  | 995        |
|    iterations           | 20         |
|    time_elapsed         | 164        |
|    total_timesteps      | 163840     |
| train/                  |            |
|    approx_kl            | 0.02401847 |
|    clip_fraction        | 0.234      |
|    clip_range           | 0.2        |
|    entropy_loss         | -2.32      |
|    explained_variance   | 0.998      |
|    learning_rate        | 0.0003     |
|    loss                 | 0.151      |
|    n_updates            | 21870      |
|    policy_gradient_loss | -0.00266   |
|    std                  | 0.48       |
|    value_loss           | 0.491      |
----------------------------------------
-----------------------------------------
| rollout/                |             |
|    ep_len_mean          | 143         |
|    ep_rew_mean          | -22.8       |
| time/                   |             |
|    fps                  | 993         |
|    iterations           | 21          |
|    time_elapsed         | 173         |
|    total_timesteps      | 172032      |
| train/                  |             |
|    approx_kl            | 0.020575738 |
|    clip_fraction        | 0.175       |
|    clip_range           | 0.2         |
|    entropy_loss         | -2.31       |
|    explained_variance   | 0.988       |
|    learning_rate        | 0.0003      |
|    loss                 | 0.616       |
|    n_updates            | 21880       |
|    policy_gradient_loss | -0.002      |
|    std                  | 0.477       |
|    value_loss           | 2.88        |
-----------------------------------------
-----------------------------------------
| rollout/                |             |
|    ep_len_mean          | 144         |
|    ep_rew_mean          | -23.6       |
| time/                   |             |
|    fps                  | 992         |
|    iterations           | 22          |
|    time_elapsed         | 181         |
|    total_timesteps      | 180224      |
| train/                  |             |
|    approx_kl            | 0.014660726 |
|    clip_fraction        | 0.127       |
|    clip_range           | 0.2         |
|    entropy_loss         | -2.32       |
|    explained_variance   | 0.971       |
|    learning_rate        | 0.0003      |
|    loss                 | 1.89        |
|    n_updates            | 21890       |
|    policy_gradient_loss | 0.00331     |
|    std                  | 0.484       |
|    value_loss           | 2.27        |
-----------------------------------------
-----------------------------------------
| rollout/                |             |
|    ep_len_mean          | 132         |
|    ep_rew_mean          | -15.1       |
| time/                   |             |
|    fps                  | 990         |
|    iterations           | 23          |
|    time_elapsed         | 190         |
|    total_timesteps      | 188416      |
| train/                  |             |
|    approx_kl            | 0.021422757 |
|    clip_fraction        | 0.173       |
|    clip_range           | 0.2         |
|    entropy_loss         | -2.38       |
|    explained_variance   | 0.984       |
|    learning_rate        | 0.0003      |
|    loss                 | 0.202       |
|    n_updates            | 21900       |
|    policy_gradient_loss | 0.000161    |
|    std                  | 0.489       |
|    value_loss           | 2.16        |
-----------------------------------------
-----------------------------------------
| rollout/                |             |
|    ep_len_mean          | 87.1        |
|    ep_rew_mean          | 4.59        |
| time/                   |             |
|    fps                  | 990         |
|    iterations           | 24          |
|    time_elapsed         | 198         |
|    total_timesteps      | 196608      |
| train/                  |             |
|    approx_kl            | 0.020450177 |
|    clip_fraction        | 0.207       |
|    clip_range           | 0.2         |
|    entropy_loss         | -2.41       |
|    explained_variance   | 0.989       |
|    learning_rate        | 0.0003      |
|    loss                 | 0.192       |
|    n_updates            | 21910       |
|    policy_gradient_loss | 0.00229     |
|    std                  | 0.493       |
|    value_loss           | 2.13        |
-----------------------------------------
[PeriodicArtifactCallback] step 200000: saving checkpoint, evaluating, rendering...
[PeriodicArtifactCallback] step 200000: success_rate=0.00 pick_success_rate=0.20 mean_reward=-227.62 -> C:\GitHub\HumanoidRobot\simulation\training\pick_place\runs\pp_v19\dashboard.html
-----------------------------------------
| rollout/                |             |
|    ep_len_mean          | 103         |
|    ep_rew_mean          | -0.436      |
| time/                   |             |
|    fps                  | 933         |
|    iterations           | 25          |
|    time_elapsed         | 219         |
|    total_timesteps      | 204800      |
| train/                  |             |
|    approx_kl            | 0.023609564 |
|    clip_fraction        | 0.195       |
|    clip_range           | 0.2         |
|    entropy_loss         | -2.44       |
|    explained_variance   | 0.988       |
|    learning_rate        | 0.0003      |
|    loss                 | 0.584       |
|    n_updates            | 21920       |
|    policy_gradient_loss | -0.0032     |
|    std                  | 0.493       |
|    value_loss           | 2.63        |
-----------------------------------------
-----------------------------------------
| rollout/                |             |
|    ep_len_mean          | 103         |
|    ep_rew_mean          | -1.36       |
| time/                   |             |
|    fps                  | 934         |
|    iterations           | 26          |
|    time_elapsed         | 227         |
|    total_timesteps      | 212992      |
| train/                  |             |
|    approx_kl            | 0.021282377 |
|    clip_fraction        | 0.257       |
|    clip_range           | 0.2         |
|    entropy_loss         | -2.42       |
|    explained_variance   | 0.996       |
|    learning_rate        | 0.0003      |
|    loss                 | 0.268       |
|    n_updates            | 21930       |
|    policy_gradient_loss | -0.000392   |
|    std                  | 0.49        |
|    value_loss           | 0.721       |
-----------------------------------------
-----------------------------------------
| rollout/                |             |
|    ep_len_mean          | 120         |
|    ep_rew_mean          | -9.61       |
| time/                   |             |
|    fps                  | 934         |
|    iterations           | 27          |
|    time_elapsed         | 236         |
|    total_timesteps      | 221184      |
| train/                  |             |
|    approx_kl            | 0.022169076 |
|    clip_fraction        | 0.215       |
|    clip_range           | 0.2         |
|    entropy_loss         | -2.42       |
|    explained_variance   | 0.991       |
|    learning_rate        | 0.0003      |
|    loss                 | 0.496       |
|    n_updates            | 21940       |
|    policy_gradient_loss | -0.00376    |
|    std                  | 0.494       |
|    value_loss           | 2.52        |
-----------------------------------------
-----------------------------------------
| rollout/                |             |
|    ep_len_mean          | 131         |
|    ep_rew_mean          | -21.7       |
| time/                   |             |
|    fps                  | 935         |
|    iterations           | 28          |
|    time_elapsed         | 245         |
|    total_timesteps      | 229376      |
| train/                  |             |
|    approx_kl            | 0.011369794 |
|    clip_fraction        | 0.113       |
|    clip_range           | 0.2         |
|    entropy_loss         | -2.43       |
|    explained_variance   | 0.972       |
|    learning_rate        | 0.0003      |
|    loss                 | 3.41        |
|    n_updates            | 21950       |
|    policy_gradient_loss | -0.00428    |
|    std                  | 0.493       |
|    value_loss           | 6.49        |
-----------------------------------------
-----------------------------------------
| rollout/                |             |
|    ep_len_mean          | 114         |
|    ep_rew_mean          | -11.3       |
| time/                   |             |
|    fps                  | 935         |
|    iterations           | 29          |
|    time_elapsed         | 253         |
|    total_timesteps      | 237568      |
| train/                  |             |
|    approx_kl            | 0.026408752 |
|    clip_fraction        | 0.256       |
|    clip_range           | 0.2         |
|    entropy_loss         | -2.41       |
|    explained_variance   | 0.991       |
|    learning_rate        | 0.0003      |
|    loss                 | 7.42        |
|    n_updates            | 21960       |
|    policy_gradient_loss | 2.31e-05    |
|    std                  | 0.492       |
|    value_loss           | 3.94        |
-----------------------------------------
-----------------------------------------
| rollout/                |             |
|    ep_len_mean          | 138         |
|    ep_rew_mean          | -23.6       |
| time/                   |             |
|    fps                  | 937         |
|    iterations           | 30          |
|    time_elapsed         | 262         |
|    total_timesteps      | 245760      |
| train/                  |             |
|    approx_kl            | 0.026657317 |
|    clip_fraction        | 0.249       |
|    clip_range           | 0.2         |
|    entropy_loss         | -2.38       |
|    explained_variance   | 0.988       |
|    learning_rate        | 0.0003      |
|    loss                 | 0.222       |
|    n_updates            | 21970       |
|    policy_gradient_loss | -0.00198    |
|    std                  | 0.487       |
|    value_loss           | 3.41        |
-----------------------------------------
-----------------------------------------
| rollout/                |             |
|    ep_len_mean          | 91.4        |
|    ep_rew_mean          | -11.1       |
| time/                   |             |
|    fps                  | 942         |
|    iterations           | 31          |
|    time_elapsed         | 269         |
|    total_timesteps      | 253952      |
| train/                  |             |
|    approx_kl            | 0.035078257 |
|    clip_fraction        | 0.185       |
|    clip_range           | 0.2         |
|    entropy_loss         | -2.36       |
|    explained_variance   | 0.972       |
|    learning_rate        | 0.0003      |
|    loss                 | 0.6         |
|    n_updates            | 21980       |
|    policy_gradient_loss | -0.00994    |
|    std                  | 0.487       |
|    value_loss           | 3.3         |
-----------------------------------------
-----------------------------------------
| rollout/                |             |
|    ep_len_mean          | 91.3        |
|    ep_rew_mean          | -1.66       |
| time/                   |             |
|    fps                  | 947         |
|    iterations           | 32          |
|    time_elapsed         | 276         |
|    total_timesteps      | 262144      |
| train/                  |             |
|    approx_kl            | 0.065436624 |
|    clip_fraction        | 0.227       |
|    clip_range           | 0.2         |
|    entropy_loss         | -2.33       |
|    explained_variance   | 0.984       |
|    learning_rate        | 0.0003      |
|    loss                 | 1.79        |
|    n_updates            | 21990       |
|    policy_gradient_loss | -0.00735    |
|    std                  | 0.481       |
|    value_loss           | 2.96        |
-----------------------------------------
-----------------------------------------
| rollout/                |             |
|    ep_len_mean          | 108         |
|    ep_rew_mean          | -12         |
| time/                   |             |
|    fps                  | 947         |
|    iterations           | 33          |
|    time_elapsed         | 285         |
|    total_timesteps      | 270336      |
| train/                  |             |
|    approx_kl            | 0.028795656 |
|    clip_fraction        | 0.246       |
|    clip_range           | 0.2         |
|    entropy_loss         | -2.3        |
|    explained_variance   | 0.992       |
|    learning_rate        | 0.0003      |
|    loss                 | 2.46        |
|    n_updates            | 22000       |
|    policy_gradient_loss | -0.00353    |
|    std                  | 0.482       |
|    value_loss           | 4.94        |
-----------------------------------------
-----------------------------------------
| rollout/                |             |
|    ep_len_mean          | 137         |
|    ep_rew_mean          | -21.4       |
| time/                   |             |
|    fps                  | 949         |
|    iterations           | 34          |
|    time_elapsed         | 293         |
|    total_timesteps      | 278528      |
| train/                  |             |
|    approx_kl            | 0.022582809 |
|    clip_fraction        | 0.218       |
|    clip_range           | 0.2         |
|    entropy_loss         | -2.33       |
|    explained_variance   | 0.985       |
|    learning_rate        | 0.0003      |
|    loss                 | 0.848       |
|    n_updates            | 22010       |
|    policy_gradient_loss | 0.00236     |
|    std                  | 0.485       |
|    value_loss           | 2.55        |
-----------------------------------------
-----------------------------------------
| rollout/                |             |
|    ep_len_mean          | 80          |
|    ep_rew_mean          | -1.12       |
| time/                   |             |
|    fps                  | 948         |
|    iterations           | 35          |
|    time_elapsed         | 302         |
|    total_timesteps      | 286720      |
| train/                  |             |
|    approx_kl            | 0.016740851 |
|    clip_fraction        | 0.178       |
|    clip_range           | 0.2         |
|    entropy_loss         | -2.33       |
|    explained_variance   | 0.981       |
|    learning_rate        | 0.0003      |
|    loss                 | 0.694       |
|    n_updates            | 22020       |
|    policy_gradient_loss | -0.000832   |
|    std                  | 0.483       |
|    value_loss           | 5.98        |
-----------------------------------------
-----------------------------------------
| rollout/                |             |
|    ep_len_mean          | 109         |
|    ep_rew_mean          | -6.56       |
| time/                   |             |
|    fps                  | 950         |
|    iterations           | 36          |
|    time_elapsed         | 310         |
|    total_timesteps      | 294912      |
| train/                  |             |
|    approx_kl            | 0.024017885 |
|    clip_fraction        | 0.243       |
|    clip_range           | 0.2         |
|    entropy_loss         | -2.34       |
|    explained_variance   | 0.994       |
|    learning_rate        | 0.0003      |
|    loss                 | 0.621       |
|    n_updates            | 22030       |
|    policy_gradient_loss | 0.000641    |
|    std                  | 0.486       |
|    value_loss           | 3.3         |
-----------------------------------------
-----------------------------------------
| rollout/                |             |
|    ep_len_mean          | 138         |
|    ep_rew_mean          | -18         |
| time/                   |             |
|    fps                  | 950         |
|    iterations           | 37          |
|    time_elapsed         | 319         |
|    total_timesteps      | 303104      |
| train/                  |             |
|    approx_kl            | 0.025153529 |
|    clip_fraction        | 0.222       |
|    clip_range           | 0.2         |
|    entropy_loss         | -2.37       |
|    explained_variance   | 0.992       |
|    learning_rate        | 0.0003      |
|    loss                 | 0.958       |
|    n_updates            | 22040       |
|    policy_gradient_loss | -0.00715    |
|    std                  | 0.486       |
|    value_loss           | 2.86        |
-----------------------------------------
-----------------------------------------
| rollout/                |             |
|    ep_len_mean          | 132         |
|    ep_rew_mean          | -22.5       |
| time/                   |             |
|    fps                  | 951         |
|    iterations           | 38          |
|    time_elapsed         | 327         |
|    total_timesteps      | 311296      |
| train/                  |             |
|    approx_kl            | 0.025748767 |
|    clip_fraction        | 0.264       |
|    clip_range           | 0.2         |
|    entropy_loss         | -2.35       |
|    explained_variance   | 0.994       |
|    learning_rate        | 0.0003      |
|    loss                 | 0.108       |
|    n_updates            | 22050       |
|    policy_gradient_loss | -0.0012     |
|    std                  | 0.484       |
|    value_loss           | 1.03        |
-----------------------------------------
----------------------------------------
| rollout/                |            |
|    ep_len_mean          | 132        |
|    ep_rew_mean          | -28        |
| time/                   |            |
|    fps                  | 952        |
|    iterations           | 39         |
|    time_elapsed         | 335        |
|    total_timesteps      | 319488     |
| train/                  |            |
|    approx_kl            | 0.01556297 |
|    clip_fraction        | 0.186      |
|    clip_range           | 0.2        |
|    entropy_loss         | -2.35      |
|    explained_variance   | 0.99       |
|    learning_rate        | 0.0003     |
|    loss                 | 0.445      |
|    n_updates            | 22060      |
|    policy_gradient_loss | -0.00253   |
|    std                  | 0.485      |
|    value_loss           | 3.07       |
----------------------------------------
-----------------------------------------
| rollout/                |             |
|    ep_len_mean          | 97.1        |
|    ep_rew_mean          | -6.98       |
| time/                   |             |
|    fps                  | 952         |
|    iterations           | 40          |
|    time_elapsed         | 343         |
|    total_timesteps      | 327680      |
| train/                  |             |
|    approx_kl            | 0.017295394 |
|    clip_fraction        | 0.186       |
|    clip_range           | 0.2         |
|    entropy_loss         | -2.36       |
|    explained_variance   | 0.99        |
|    learning_rate        | 0.0003      |
|    loss                 | 1.45        |
|    n_updates            | 22070       |
|    policy_gradient_loss | -0.000506   |
|    std                  | 0.488       |
|    value_loss           | 3.24        |
-----------------------------------------
-----------------------------------------
| rollout/                |             |
|    ep_len_mean          | 126         |
|    ep_rew_mean          | -21.5       |
| time/                   |             |
|    fps                  | 953         |
|    iterations           | 41          |
|    time_elapsed         | 352         |
|    total_timesteps      | 335872      |
| train/                  |             |
|    approx_kl            | 0.019532226 |
|    clip_fraction        | 0.234       |
|    clip_range           | 0.2         |
|    entropy_loss         | -2.35       |
|    explained_variance   | 0.989       |
|    learning_rate        | 0.0003      |
|    loss                 | 2.58        |
|    n_updates            | 22080       |
|    policy_gradient_loss | -0.00272    |
|    std                  | 0.486       |
|    value_loss           | 4.42        |
-----------------------------------------
----------------------------------------
| rollout/                |            |
|    ep_len_mean          | 155        |
|    ep_rew_mean          | -29.4      |
| time/                   |            |
|    fps                  | 954        |
|    iterations           | 42         |
|    time_elapsed         | 360        |
|    total_timesteps      | 344064     |
| train/                  |            |
|    approx_kl            | 0.02871747 |
|    clip_fraction        | 0.251      |
|    clip_range           | 0.2        |
|    entropy_loss         | -2.34      |
|    explained_variance   | 0.99       |
|    learning_rate        | 0.0003     |
|    loss                 | 0.277      |
|    n_updates            | 22090      |
|    policy_gradient_loss | 0.00337    |
|    std                  | 0.487      |
|    value_loss           | 2.35       |
----------------------------------------
-----------------------------------------
| rollout/                |             |
|    ep_len_mean          | 132         |
|    ep_rew_mean          | -20.2       |
| time/                   |             |
|    fps                  | 954         |
|    iterations           | 43          |
|    time_elapsed         | 368         |
|    total_timesteps      | 352256      |
| train/                  |             |
|    approx_kl            | 0.017993955 |
|    clip_fraction        | 0.197       |
|    clip_range           | 0.2         |
|    entropy_loss         | -2.35       |
|    explained_variance   | 0.989       |
|    learning_rate        | 0.0003      |
|    loss                 | 0.0852      |
|    n_updates            | 22100       |
|    policy_gradient_loss | 0.00184     |
|    std                  | 0.487       |
|    value_loss           | 1.75        |
-----------------------------------------
-----------------------------------------
| rollout/                |             |
|    ep_len_mean          | 138         |
|    ep_rew_mean          | -22.6       |
| time/                   |             |
|    fps                  | 955         |
|    iterations           | 44          |
|    time_elapsed         | 377         |
|    total_timesteps      | 360448      |
| train/                  |             |
|    approx_kl            | 0.014744506 |
|    clip_fraction        | 0.146       |
|    clip_range           | 0.2         |
|    entropy_loss         | -2.36       |
|    explained_variance   | 0.972       |
|    learning_rate        | 0.0003      |
|    loss                 | 0.524       |
|    n_updates            | 22110       |
|    policy_gradient_loss | -0.00163    |
|    std                  | 0.491       |
|    value_loss           | 8.35        |
-----------------------------------------
------------------------------------------
| rollout/                |              |
|    ep_len_mean          | 138          |
|    ep_rew_mean          | -19.6        |
| time/                   |              |
|    fps                  | 954          |
|    iterations           | 45           |
|    time_elapsed         | 386          |
|    total_timesteps      | 368640       |
| train/                  |              |
|    approx_kl            | 0.0149379475 |
|    clip_fraction        | 0.152        |
|    clip_range           | 0.2          |
|    entropy_loss         | -2.37        |
|    explained_variance   | 0.98         |
|    learning_rate        | 0.0003       |
|    loss                 | 1.37         |
|    n_updates            | 22120        |
|    policy_gradient_loss | -7.67e-05    |
|    std                  | 0.496        |
|    value_loss           | 4.34         |
------------------------------------------
-----------------------------------------
| rollout/                |             |
|    ep_len_mean          | 126         |
|    ep_rew_mean          | -14.4       |
| time/                   |             |
|    fps                  | 955         |
|    iterations           | 46          |
|    time_elapsed         | 394         |
|    total_timesteps      | 376832      |
| train/                  |             |
|    approx_kl            | 0.023353986 |
|    clip_fraction        | 0.229       |
|    clip_range           | 0.2         |
|    entropy_loss         | -2.38       |
|    explained_variance   | 0.99        |
|    learning_rate        | 0.0003      |
|    loss                 | 0.24        |
|    n_updates            | 22130       |
|    policy_gradient_loss | -5.51e-05   |
|    std                  | 0.496       |
|    value_loss           | 3.26        |
-----------------------------------------
----------------------------------------
| rollout/                |            |
|    ep_len_mean          | 132        |
|    ep_rew_mean          | -15.5      |
| time/                   |            |
|    fps                  | 955        |
|    iterations           | 47         |
|    time_elapsed         | 402        |
|    total_timesteps      | 385024     |
| train/                  |            |
|    approx_kl            | 0.02222403 |
|    clip_fraction        | 0.221      |
|    clip_range           | 0.2        |
|    entropy_loss         | -2.37      |
|    explained_variance   | 0.988      |
|    learning_rate        | 0.0003     |
|    loss                 | 0.299      |
|    n_updates            | 22140      |
|    policy_gradient_loss | 0.00137    |
|    std                  | 0.494      |
|    value_loss           | 2.14       |
----------------------------------------
-----------------------------------------
| rollout/                |             |
|    ep_len_mean          | 85.4        |
|    ep_rew_mean          | 0.743       |
| time/                   |             |
|    fps                  | 955         |
|    iterations           | 48          |
|    time_elapsed         | 411         |
|    total_timesteps      | 393216      |
| train/                  |             |
|    approx_kl            | 0.026864212 |
|    clip_fraction        | 0.235       |
|    clip_range           | 0.2         |
|    entropy_loss         | -2.37       |
|    explained_variance   | 0.993       |
|    learning_rate        | 0.0003      |
|    loss                 | 7.74        |
|    n_updates            | 22150       |
|    policy_gradient_loss | 0.00137     |
|    std                  | 0.498       |
|    value_loss           | 2.6         |
-----------------------------------------
[PeriodicArtifactCallback] step 400000: running periodic self-monitoring analysis...
[PeriodicArtifactCallback] analysis written to C:\GitHub\HumanoidRobot\simulation\training\pick_place\runs\pp_v19\analysis_400000.md (stalled=False)
[PeriodicArtifactCallback] step 400000: saving checkpoint, evaluating, rendering...
[PeriodicArtifactCallback] step 400000: success_rate=0.00 pick_success_rate=0.20 mean_reward=-208.02 -> C:\GitHub\HumanoidRobot\simulation\training\pick_place\runs\pp_v19\dashboard.html
-----------------------------------------
| rollout/                |             |
|    ep_len_mean          | 120         |
|    ep_rew_mean          | -14.2       |
| time/                   |             |
|    fps                  | 913         |
|    iterations           | 49          |
|    time_elapsed         | 439         |
|    total_timesteps      | 401408      |
| train/                  |             |
|    approx_kl            | 0.017359437 |
|    clip_fraction        | 0.178       |
|    clip_range           | 0.2         |
|    entropy_loss         | -2.37       |
|    explained_variance   | 0.987       |
|    learning_rate        | 0.0003      |
|    loss                 | 7.32        |
|    n_updates            | 22160       |
|    policy_gradient_loss | -0.00254    |
|    std                  | 0.494       |
|    value_loss           | 6.44        |
-----------------------------------------
-----------------------------------------
| rollout/                |             |
|    ep_len_mean          | 155         |
|    ep_rew_mean          | -28.8       |
| time/                   |             |
|    fps                  | 914         |
|    iterations           | 50          |
|    time_elapsed         | 447         |
|    total_timesteps      | 409600      |
| train/                  |             |
|    approx_kl            | 0.019103445 |
|    clip_fraction        | 0.165       |
|    clip_range           | 0.2         |
|    entropy_loss         | -2.35       |
|    explained_variance   | 0.978       |
|    learning_rate        | 0.0003      |
|    loss                 | 5.04        |
|    n_updates            | 22170       |
|    policy_gradient_loss | -0.00266    |
|    std                  | 0.494       |
|    value_loss           | 3.41        |
-----------------------------------------
-----------------------------------------
| rollout/                |             |
|    ep_len_mean          | 126         |
|    ep_rew_mean          | -11.1       |
| time/                   |             |
|    fps                  | 915         |
|    iterations           | 51          |
|    time_elapsed         | 456         |
|    total_timesteps      | 417792      |
| train/                  |             |
|    approx_kl            | 0.025433129 |
|    clip_fraction        | 0.263       |
|    clip_range           | 0.2         |
|    entropy_loss         | -2.31       |
|    explained_variance   | 0.992       |
|    learning_rate        | 0.0003      |
|    loss                 | 0.177       |
|    n_updates            | 22180       |
|    policy_gradient_loss | -0.000545   |
|    std                  | 0.487       |
|    value_loss           | 1.38        |
-----------------------------------------
-----------------------------------------
| rollout/                |             |
|    ep_len_mean          | 126         |
|    ep_rew_mean          | -9.54       |
| time/                   |             |
|    fps                  | 916         |
|    iterations           | 52          |
|    time_elapsed         | 464         |
|    total_timesteps      | 425984      |
| train/                  |             |
|    approx_kl            | 0.024045788 |
|    clip_fraction        | 0.213       |
|    clip_range           | 0.2         |
|    entropy_loss         | -2.31       |
|    explained_variance   | 0.987       |
|    learning_rate        | 0.0003      |
|    loss                 | 0.369       |
|    n_updates            | 22190       |
|    policy_gradient_loss | -0.00156    |
|    std                  | 0.49        |
|    value_loss           | 2.39        |
-----------------------------------------
-----------------------------------------
| rollout/                |             |
|    ep_len_mean          | 143         |
|    ep_rew_mean          | -19.5       |
| time/                   |             |
|    fps                  | 917         |
|    iterations           | 53          |
|    time_elapsed         | 473         |
|    total_timesteps      | 434176      |
| train/                  |             |
|    approx_kl            | 0.019152852 |
|    clip_fraction        | 0.195       |
|    clip_range           | 0.2         |
|    entropy_loss         | -2.35       |
|    explained_variance   | 0.988       |
|    learning_rate        | 0.0003      |
|    loss                 | 0.157       |
|    n_updates            | 22200       |
|    policy_gradient_loss | -0.00165    |
|    std                  | 0.497       |
|    value_loss           | 2.51        |
-----------------------------------------
-----------------------------------------
| rollout/                |             |
|    ep_len_mean          | 172         |
|    ep_rew_mean          | -37.8       |
| time/                   |             |
|    fps                  | 921         |
|    iterations           | 54          |
|    time_elapsed         | 480         |
|    total_timesteps      | 442368      |
| train/                  |             |
|    approx_kl            | 0.018548476 |
|    clip_fraction        | 0.183       |
|    clip_range           | 0.2         |
|    entropy_loss         | -2.36       |
|    explained_variance   | 0.989       |
|    learning_rate        | 0.0003      |
|    loss                 | 1.13        |
|    n_updates            | 22210       |
|    policy_gradient_loss | -0.000439   |
|    std                  | 0.497       |
|    value_loss           | 2.11        |
-----------------------------------------
-----------------------------------------
| rollout/                |             |
|    ep_len_mean          | 150         |
|    ep_rew_mean          | -26.4       |
| time/                   |             |
|    fps                  | 924         |
|    iterations           | 55          |
|    time_elapsed         | 487         |
|    total_timesteps      | 450560      |
| train/                  |             |
|    approx_kl            | 0.032869108 |
|    clip_fraction        | 0.253       |
|    clip_range           | 0.2         |
|    entropy_loss         | -2.34       |
|    explained_variance   | 0.995       |
|    learning_rate        | 0.0003      |
|    loss                 | 0.167       |
|    n_updates            | 22220       |
|    policy_gradient_loss | -0.000542   |
|    std                  | 0.494       |
|    value_loss           | 1.29        |
-----------------------------------------
-----------------------------------------
| rollout/                |             |
|    ep_len_mean          | 155         |
|    ep_rew_mean          | -22.6       |
| time/                   |             |
|    fps                  | 925         |
|    iterations           | 56          |
|    time_elapsed         | 495         |
|    total_timesteps      | 458752      |
| train/                  |             |
|    approx_kl            | 0.025299458 |
|    clip_fraction        | 0.249       |
|    clip_range           | 0.2         |
|    entropy_loss         | -2.34       |
|    explained_variance   | 0.996       |
|    learning_rate        | 0.0003      |
|    loss                 | 0.167       |
|    n_updates            | 22230       |
|    policy_gradient_loss | -0.00348    |
|    std                  | 0.494       |
|    value_loss           | 1.08        |
-----------------------------------------
-----------------------------------------
| rollout/                |             |
|    ep_len_mean          | 178         |
|    ep_rew_mean          | -33.5       |
| time/                   |             |
|    fps                  | 926         |
|    iterations           | 57          |
|    time_elapsed         | 503         |
|    total_timesteps      | 466944      |
| train/                  |             |
|    approx_kl            | 0.026197039 |
|    clip_fraction        | 0.234       |
|    clip_range           | 0.2         |
|    entropy_loss         | -2.34       |
|    explained_variance   | 0.996       |
|    learning_rate        | 0.0003      |
|    loss                 | 0.198       |
|    n_updates            | 22240       |
|    policy_gradient_loss | -0.00161    |
|    std                  | 0.495       |
|    value_loss           | 1.4         |
-----------------------------------------
----------------------------------------
| rollout/                |            |
|    ep_len_mean          | 172        |
|    ep_rew_mean          | -32.9      |
| time/                   |            |
|    fps                  | 927        |
|    iterations           | 58         |
|    time_elapsed         | 512        |
|    total_timesteps      | 475136     |
| train/                  |            |
|    approx_kl            | 0.02373293 |
|    clip_fraction        | 0.237      |
|    clip_range           | 0.2        |
|    entropy_loss         | -2.34      |
|    explained_variance   | 0.993      |
|    learning_rate        | 0.0003     |
|    loss                 | 0.201      |
|    n_updates            | 22250      |
|    policy_gradient_loss | -0.00354   |
|    std                  | 0.495      |
|    value_loss           | 0.458      |
----------------------------------------
-----------------------------------------
| rollout/                |             |
|    ep_len_mean          | 161         |
|    ep_rew_mean          | -35.7       |
| time/                   |             |
|    fps                  | 928         |
|    iterations           | 59          |
|    time_elapsed         | 520         |
|    total_timesteps      | 483328      |
| train/                  |             |
|    approx_kl            | 0.011158563 |
|    clip_fraction        | 0.11        |
|    clip_range           | 0.2         |
|    entropy_loss         | -2.33       |
|    explained_variance   | 0.983       |
|    learning_rate        | 0.0003      |
|    loss                 | 0.637       |
|    n_updates            | 22260       |
|    policy_gradient_loss | -0.0045     |
|    std                  | 0.497       |
|    value_loss           | 3.4         |
-----------------------------------------
-----------------------------------------
| rollout/                |             |
|    ep_len_mean          | 149         |
|    ep_rew_mean          | -42.5       |
| time/                   |             |
|    fps                  | 929         |
|    iterations           | 60          |
|    time_elapsed         | 528         |
|    total_timesteps      | 491520      |
| train/                  |             |
|    approx_kl            | 0.019498788 |
|    clip_fraction        | 0.174       |
|    clip_range           | 0.2         |
|    entropy_loss         | -2.36       |
|    explained_variance   | 0.991       |
|    learning_rate        | 0.0003      |
|    loss                 | 0.519       |
|    n_updates            | 22270       |
|    policy_gradient_loss | -0.00595    |
|    std                  | 0.502       |
|    value_loss           | 3.7         |
-----------------------------------------
-----------------------------------------
| rollout/                |             |
|    ep_len_mean          | 132         |
|    ep_rew_mean          | -22.1       |
| time/                   |             |
|    fps                  | 930         |
|    iterations           | 61          |
|    time_elapsed         | 537         |
|    total_timesteps      | 499712      |
| train/                  |             |
|    approx_kl            | 0.021936478 |
|    clip_fraction        | 0.198       |
|    clip_range           | 0.2         |
|    entropy_loss         | -2.38       |
|    explained_variance   | 0.99        |
|    learning_rate        | 0.0003      |
|    loss                 | 0.41        |
|    n_updates            | 22280       |
|    policy_gradient_loss | -0.00104    |
|    std                  | 0.5         |
|    value_loss           | 2.94        |
-----------------------------------------
----------------------------------------
| rollout/                |            |
|    ep_len_mean          | 167        |
|    ep_rew_mean          | -46.6      |
| time/                   |            |
|    fps                  | 931        |
|    iterations           | 62         |
|    time_elapsed         | 545        |
|    total_timesteps      | 507904     |
| train/                  |            |
|    approx_kl            | 0.03128073 |
|    clip_fraction        | 0.174      |
|    clip_range           | 0.2        |
|    entropy_loss         | -2.4       |
|    explained_variance   | 0.954      |
|    learning_rate        | 0.0003     |
|    loss                 | 0.931      |
|    n_updates            | 22290      |
|    policy_gradient_loss | 0.00539    |
|    std                  | 0.506      |
|    value_loss           | 4.14       |
----------------------------------------
-----------------------------------------
| rollout/                |             |
|    ep_len_mean          | 196         |
|    ep_rew_mean          | -61.5       |
| time/                   |             |
|    fps                  | 932         |
|    iterations           | 63          |
|    time_elapsed         | 553         |
|    total_timesteps      | 516096      |
| train/                  |             |
|    approx_kl            | 0.014005949 |
|    clip_fraction        | 0.15        |
|    clip_range           | 0.2         |
|    entropy_loss         | -2.42       |
|    explained_variance   | 0.943       |
|    learning_rate        | 0.0003      |
|    loss                 | 1.03        |
|    n_updates            | 22300       |
|    policy_gradient_loss | 0.000647    |
|    std                  | 0.507       |
|    value_loss           | 6.17        |
-----------------------------------------
-----------------------------------------
| rollout/                |             |
|    ep_len_mean          | 207         |
|    ep_rew_mean          | -65.8       |
| time/                   |             |
|    fps                  | 932         |
|    iterations           | 64          |
|    time_elapsed         | 562         |
|    total_timesteps      | 524288      |
| train/                  |             |
|    approx_kl            | 0.020162893 |
|    clip_fraction        | 0.182       |
|    clip_range           | 0.2         |
|    entropy_loss         | -2.43       |
|    explained_variance   | 0.972       |
|    learning_rate        | 0.0003      |
|    loss                 | 1.24        |
|    n_updates            | 22310       |
|    policy_gradient_loss | 0.000334    |
|    std                  | 0.508       |
|    value_loss           | 4.18        |
-----------------------------------------
-----------------------------------------
| rollout/                |             |
|    ep_len_mean          | 178         |
|    ep_rew_mean          | -52.6       |
| time/                   |             |
|    fps                  | 933         |
|    iterations           | 65          |
|    time_elapsed         | 570         |
|    total_timesteps      | 532480      |
| train/                  |             |
|    approx_kl            | 0.021637006 |
|    clip_fraction        | 0.187       |
|    clip_range           | 0.2         |
|    entropy_loss         | -2.43       |
|    explained_variance   | 0.974       |
|    learning_rate        | 0.0003      |
|    loss                 | 7.3         |
|    n_updates            | 22320       |
|    policy_gradient_loss | -0.00096    |
|    std                  | 0.511       |
|    value_loss           | 9.19        |
-----------------------------------------
-----------------------------------------
| rollout/                |             |
|    ep_len_mean          | 196         |
|    ep_rew_mean          | -61.1       |
| time/                   |             |
|    fps                  | 933         |
|    iterations           | 66          |
|    time_elapsed         | 578         |
|    total_timesteps      | 540672      |
| train/                  |             |
|    approx_kl            | 0.019760866 |
|    clip_fraction        | 0.174       |
|    clip_range           | 0.2         |
|    entropy_loss         | -2.48       |
|    explained_variance   | 0.965       |
|    learning_rate        | 0.0003      |
|    loss                 | 0.882       |
|    n_updates            | 22330       |
|    policy_gradient_loss | 0.00244     |
|    std                  | 0.52        |
|    value_loss           | 6.38        |
-----------------------------------------
-----------------------------------------
| rollout/                |             |
|    ep_len_mean          | 127         |
|    ep_rew_mean          | -23         |
| time/                   |             |
|    fps                  | 934         |
|    iterations           | 67          |
|    time_elapsed         | 587         |
|    total_timesteps      | 548864      |
| train/                  |             |
|    approx_kl            | 0.027558196 |
|    clip_fraction        | 0.234       |
|    clip_range           | 0.2         |
|    entropy_loss         | -2.51       |
|    explained_variance   | 0.986       |
|    learning_rate        | 0.0003      |
|    loss                 | 1.76        |
|    n_updates            | 22340       |
|    policy_gradient_loss | 0.00106     |
|    std                  | 0.521       |
|    value_loss           | 1.89        |
-----------------------------------------
----------------------------------------
| rollout/                |            |
|    ep_len_mean          | 132        |
|    ep_rew_mean          | -15.8      |
| time/                   |            |
|    fps                  | 935        |
|    iterations           | 68         |
|    time_elapsed         | 595        |
|    total_timesteps      | 557056     |
| train/                  |            |
|    approx_kl            | 0.03329373 |
|    clip_fraction        | 0.278      |
|    clip_range           | 0.2        |
|    entropy_loss         | -2.49      |
|    explained_variance   | 0.995      |
|    learning_rate        | 0.0003     |
|    loss                 | 0.219      |
|    n_updates            | 22350      |
|    policy_gradient_loss | -0.00142   |
|    std                  | 0.516      |
|    value_loss           | 1.79       |
----------------------------------------
-----------------------------------------
| rollout/                |             |
|    ep_len_mean          | 201         |
|    ep_rew_mean          | -49.7       |
| time/                   |             |
|    fps                  | 936         |
|    iterations           | 69          |
|    time_elapsed         | 603         |
|    total_timesteps      | 565248      |
| train/                  |             |
|    approx_kl            | 0.013315398 |
|    clip_fraction        | 0.148       |
|    clip_range           | 0.2         |
|    entropy_loss         | -2.52       |
|    explained_variance   | 0.977       |
|    learning_rate        | 0.0003      |
|    loss                 | 0.263       |
|    n_updates            | 22360       |
|    policy_gradient_loss | -0.00208    |
|    std                  | 0.519       |
|    value_loss           | 2.56        |
-----------------------------------------
-----------------------------------------
| rollout/                |             |
|    ep_len_mean          | 145         |
|    ep_rew_mean          | -28.7       |
| time/                   |             |
|    fps                  | 936         |
|    iterations           | 70          |
|    time_elapsed         | 612         |
|    total_timesteps      | 573440      |
| train/                  |             |
|    approx_kl            | 0.015209635 |
|    clip_fraction        | 0.131       |
|    clip_range           | 0.2         |
|    entropy_loss         | -2.5        |
|    explained_variance   | 0.964       |
|    learning_rate        | 0.0003      |
|    loss                 | 3.64        |
|    n_updates            | 22370       |
|    policy_gradient_loss | -0.00122    |
|    std                  | 0.517       |
|    value_loss           | 4.42        |
-----------------------------------------
----------------------------------------
| rollout/                |            |
|    ep_len_mean          | 127        |
|    ep_rew_mean          | -18.2      |
| time/                   |            |
|    fps                  | 937        |
|    iterations           | 71         |
|    time_elapsed         | 620        |
|    total_timesteps      | 581632     |
| train/                  |            |
|    approx_kl            | 0.18966496 |
|    clip_fraction        | 0.275      |
|    clip_range           | 0.2        |
|    entropy_loss         | -2.48      |
|    explained_variance   | 0.986      |
|    learning_rate        | 0.0003     |
|    loss                 | 0.535      |
|    n_updates            | 22380      |
|    policy_gradient_loss | -0.0037    |
|    std                  | 0.515      |
|    value_loss           | 3.33       |
----------------------------------------
----------------------------------------
| rollout/                |            |
|    ep_len_mean          | 143        |
|    ep_rew_mean          | -22        |
| time/                   |            |
|    fps                  | 937        |
|    iterations           | 72         |
|    time_elapsed         | 628        |
|    total_timesteps      | 589824     |
| train/                  |            |
|    approx_kl            | 0.02792653 |
|    clip_fraction        | 0.289      |
|    clip_range           | 0.2        |
|    entropy_loss         | -2.47      |
|    explained_variance   | 0.992      |
|    learning_rate        | 0.0003     |
|    loss                 | 4.44       |
|    n_updates            | 22390      |
|    policy_gradient_loss | 0.00584    |
|    std                  | 0.516      |
|    value_loss           | 2.22       |
----------------------------------------
----------------------------------------
| rollout/                |            |
|    ep_len_mean          | 178        |
|    ep_rew_mean          | -36.3      |
| time/                   |            |
|    fps                  | 938        |
|    iterations           | 73         |
|    time_elapsed         | 637        |
|    total_timesteps      | 598016     |
| train/                  |            |
|    approx_kl            | 0.01718624 |
|    clip_fraction        | 0.199      |
|    clip_range           | 0.2        |
|    entropy_loss         | -2.46      |
|    explained_variance   | 0.983      |
|    learning_rate        | 0.0003     |
|    loss                 | 2.09       |
|    n_updates            | 22400      |
|    policy_gradient_loss | -0.00211   |
|    std                  | 0.514      |
|    value_loss           | 4.15       |
----------------------------------------
[PeriodicArtifactCallback] step 600000: saving checkpoint, evaluating, rendering...
[PeriodicArtifactCallback] step 600000: success_rate=0.00 pick_success_rate=0.20 mean_reward=-215.59 -> C:\GitHub\HumanoidRobot\simulation\training\pick_place\runs\pp_v19\dashboard.html
-----------------------------------------
| rollout/                |             |
|    ep_len_mean          | 213         |
|    ep_rew_mean          | -49.4       |
| time/                   |             |
|    fps                  | 923         |
|    iterations           | 74          |
|    time_elapsed         | 656         |
|    total_timesteps      | 606208      |
| train/                  |             |
|    approx_kl            | 0.025815684 |
|    clip_fraction        | 0.276       |
|    clip_range           | 0.2         |
|    entropy_loss         | -2.47       |
|    explained_variance   | 0.989       |
|    learning_rate        | 0.0003      |
|    loss                 | 0.579       |
|    n_updates            | 22410       |
|    policy_gradient_loss | 0.00279     |
|    std                  | 0.514       |
|    value_loss           | 1           |
-----------------------------------------
-----------------------------------------
| rollout/                |             |
|    ep_len_mean          | 195         |
|    ep_rew_mean          | -46.6       |
| time/                   |             |
|    fps                  | 923         |
|    iterations           | 75          |
|    time_elapsed         | 664         |
|    total_timesteps      | 614400      |
| train/                  |             |
|    approx_kl            | 0.017377745 |
|    clip_fraction        | 0.148       |
|    clip_range           | 0.2         |
|    entropy_loss         | -2.47       |
|    explained_variance   | 0.969       |
|    learning_rate        | 0.0003      |
|    loss                 | 0.34        |
|    n_updates            | 22420       |
|    policy_gradient_loss | -0.00529    |
|    std                  | 0.516       |
|    value_loss           | 4.08        |
-----------------------------------------
-----------------------------------------
| rollout/                |             |
|    ep_len_mean          | 195         |
|    ep_rew_mean          | -52.1       |
| time/                   |             |
|    fps                  | 924         |
|    iterations           | 76          |
|    time_elapsed         | 673         |
|    total_timesteps      | 622592      |
| train/                  |             |
|    approx_kl            | 0.013183502 |
|    clip_fraction        | 0.149       |
|    clip_range           | 0.2         |
|    entropy_loss         | -2.53       |
|    explained_variance   | 0.963       |
|    learning_rate        | 0.0003      |
|    loss                 | 0.496       |
|    n_updates            | 22430       |
|    policy_gradient_loss | 0.00385     |
|    std                  | 0.527       |
|    value_loss           | 2.71        |
-----------------------------------------
----------------------------------------
| rollout/                |            |
|    ep_len_mean          | 190        |
|    ep_rew_mean          | -52.8      |
| time/                   |            |
|    fps                  | 925        |
|    iterations           | 77         |
|    time_elapsed         | 681        |
|    total_timesteps      | 630784     |
| train/                  |            |
|    approx_kl            | 0.04730335 |
|    clip_fraction        | 0.245      |
|    clip_range           | 0.2        |
|    entropy_loss         | -2.55      |
|    explained_variance   | 0.962      |
|    learning_rate        | 0.0003     |
|    loss                 | 2.9        |
|    n_updates            | 22440      |
|    policy_gradient_loss | 0.00697    |
|    std                  | 0.523      |
|    value_loss           | 6.17       |
----------------------------------------
---------------------------------------
| rollout/                |           |
|    ep_len_mean          | 172       |
|    ep_rew_mean          | -43.1     |
| time/                   |           |
|    fps                  | 926       |
|    iterations           | 78        |
|    time_elapsed         | 689       |
|    total_timesteps      | 638976    |
| train/                  |           |
|    approx_kl            | 0.0193153 |
|    clip_fraction        | 0.161     |
|    clip_range           | 0.2       |
|    entropy_loss         | -2.54     |
|    explained_variance   | 0.947     |
|    learning_rate        | 0.0003    |
|    loss                 | 0.334     |
|    n_updates            | 22450     |
|    policy_gradient_loss | -0.00371  |
|    std                  | 0.525     |
|    value_loss           | 3.86      |
---------------------------------------
------------------------------------------
| rollout/                |              |
|    ep_len_mean          | 149          |
|    ep_rew_mean          | -32.8        |
| time/                   |              |
|    fps                  | 927          |
|    iterations           | 79           |
|    time_elapsed         | 697          |
|    total_timesteps      | 647168       |
| train/                  |              |
|    approx_kl            | 0.0155097395 |
|    clip_fraction        | 0.166        |
|    clip_range           | 0.2          |
|    entropy_loss         | -2.57        |
|    explained_variance   | 0.98         |
|    learning_rate        | 0.0003       |
|    loss                 | 0.298        |
|    n_updates            | 22460        |
|    policy_gradient_loss | 0.00168      |
|    std                  | 0.524        |
|    value_loss           | 4.4          |
------------------------------------------
-----------------------------------------
| rollout/                |             |
|    ep_len_mean          | 144         |
|    ep_rew_mean          | -21.7       |
| time/                   |             |
|    fps                  | 928         |
|    iterations           | 80          |
|    time_elapsed         | 706         |
|    total_timesteps      | 655360      |
| train/                  |             |
|    approx_kl            | 0.031507142 |
|    clip_fraction        | 0.263       |
|    clip_range           | 0.2         |
|    entropy_loss         | -2.56       |
|    explained_variance   | 0.987       |
|    learning_rate        | 0.0003      |
|    loss                 | 4.91        |
|    n_updates            | 22470       |
|    policy_gradient_loss | 0.00118     |
|    std                  | 0.519       |
|    value_loss           | 4.6         |
-----------------------------------------
-----------------------------------------
| rollout/                |             |
|    ep_len_mean          | 150         |
|    ep_rew_mean          | -23.3       |
| time/                   |             |
|    fps                  | 928         |
|    iterations           | 81          |
|    time_elapsed         | 714         |
|    total_timesteps      | 663552      |
| train/                  |             |
|    approx_kl            | 0.034546416 |
|    clip_fraction        | 0.268       |
|    clip_range           | 0.2         |
|    entropy_loss         | -2.57       |
|    explained_variance   | 0.996       |
|    learning_rate        | 0.0003      |
|    loss                 | 0.348       |
|    n_updates            | 22480       |
|    policy_gradient_loss | -0.00174    |
|    std                  | 0.52        |
|    value_loss           | 1.41        |
-----------------------------------------
-----------------------------------------
| rollout/                |             |
|    ep_len_mean          | 167         |
|    ep_rew_mean          | -38.4       |
| time/                   |             |
|    fps                  | 929         |
|    iterations           | 82          |
|    time_elapsed         | 722         |
|    total_timesteps      | 671744      |
| train/                  |             |
|    approx_kl            | 0.017558679 |
|    clip_fraction        | 0.177       |
|    clip_range           | 0.2         |
|    entropy_loss         | -2.58       |
|    explained_variance   | 0.978       |
|    learning_rate        | 0.0003      |
|    loss                 | 0.186       |
|    n_updates            | 22490       |
|    policy_gradient_loss | -0.000388   |
|    std                  | 0.521       |
|    value_loss           | 2.05        |
-----------------------------------------
----------------------------------------
| rollout/                |            |
|    ep_len_mean          | 207        |
|    ep_rew_mean          | -59.8      |
| time/                   |            |
|    fps                  | 929        |
|    iterations           | 83         |
|    time_elapsed         | 731        |
|    total_timesteps      | 679936     |
| train/                  |            |
|    approx_kl            | 0.01253745 |
|    clip_fraction        | 0.12       |
|    clip_range           | 0.2        |
|    entropy_loss         | -2.59      |
|    explained_variance   | 0.967      |
|    learning_rate        | 0.0003     |
|    loss                 | 0.791      |
|    n_updates            | 22500      |
|    policy_gradient_loss | 6.74e-05   |
|    std                  | 0.52       |
|    value_loss           | 2.92       |
----------------------------------------
-----------------------------------------
| rollout/                |             |
|    ep_len_mean          | 137         |
|    ep_rew_mean          | -24.8       |
| time/                   |             |
|    fps                  | 930         |
|    iterations           | 84          |
|    time_elapsed         | 739         |
|    total_timesteps      | 688128      |
| train/                  |             |
|    approx_kl            | 0.020845808 |
|    clip_fraction        | 0.193       |
|    clip_range           | 0.2         |
|    entropy_loss         | -2.57       |
|    explained_variance   | 0.981       |
|    learning_rate        | 0.0003      |
|    loss                 | 0.109       |
|    n_updates            | 22510       |
|    policy_gradient_loss | 0.000632    |
|    std                  | 0.516       |
|    value_loss           | 1.92        |
-----------------------------------------
-----------------------------------------
| rollout/                |             |
|    ep_len_mean          | 132         |
|    ep_rew_mean          | -19         |
| time/                   |             |
|    fps                  | 930         |
|    iterations           | 85          |
|    time_elapsed         | 748         |
|    total_timesteps      | 696320      |
| train/                  |             |
|    approx_kl            | 0.018514963 |
|    clip_fraction        | 0.185       |
|    clip_range           | 0.2         |
|    entropy_loss         | -2.57       |
|    explained_variance   | 0.989       |
|    learning_rate        | 0.0003      |
|    loss                 | 0.163       |
|    n_updates            | 22520       |
|    policy_gradient_loss | -4.2e-05    |
|    std                  | 0.519       |
|    value_loss           | 3.64        |
-----------------------------------------
-----------------------------------------
| rollout/                |             |
|    ep_len_mean          | 149         |
|    ep_rew_mean          | -25.8       |
| time/                   |             |
|    fps                  | 930         |
|    iterations           | 86          |
|    time_elapsed         | 756         |
|    total_timesteps      | 704512      |
| train/                  |             |
|    approx_kl            | 0.025267858 |
|    clip_fraction        | 0.245       |
|    clip_range           | 0.2         |
|    entropy_loss         | -2.57       |
|    explained_variance   | 0.991       |
|    learning_rate        | 0.0003      |
|    loss                 | 0.186       |
|    n_updates            | 22530       |
|    policy_gradient_loss | -0.00208    |
|    std                  | 0.518       |
|    value_loss           | 1.56        |
-----------------------------------------
-----------------------------------------
| rollout/                |             |
|    ep_len_mean          | 201         |
|    ep_rew_mean          | -50         |
| time/                   |             |
|    fps                  | 931         |
|    iterations           | 87          |
|    time_elapsed         | 765         |
|    total_timesteps      | 712704      |
| train/                  |             |
|    approx_kl            | 0.013414712 |
|    clip_fraction        | 0.138       |
|    clip_range           | 0.2         |
|    entropy_loss         | -2.57       |
|    explained_variance   | 0.981       |
|    learning_rate        | 0.0003      |
|    loss                 | 0.227       |
|    n_updates            | 22540       |
|    policy_gradient_loss | -0.00228    |
|    std                  | 0.519       |
|    value_loss           | 3.12        |
-----------------------------------------
-----------------------------------------
| rollout/                |             |
|    ep_len_mean          | 224         |
|    ep_rew_mean          | -60.5       |
| time/                   |             |
|    fps                  | 931         |
|    iterations           | 88          |
|    time_elapsed         | 773         |
|    total_timesteps      | 720896      |
| train/                  |             |
|    approx_kl            | 0.023504931 |
|    clip_fraction        | 0.184       |
|    clip_range           | 0.2         |
|    entropy_loss         | -2.59       |
|    explained_variance   | 0.981       |
|    learning_rate        | 0.0003      |
|    loss                 | 2.34        |
|    n_updates            | 22550       |
|    policy_gradient_loss | -8.01e-05   |
|    std                  | 0.52        |
|    value_loss           | 2.3         |
-----------------------------------------
-----------------------------------------
| rollout/                |             |
|    ep_len_mean          | 247         |
|    ep_rew_mean          | -69.8       |
| time/                   |             |
|    fps                  | 932         |
|    iterations           | 89          |
|    time_elapsed         | 782         |
|    total_timesteps      | 729088      |
| train/                  |             |
|    approx_kl            | 0.026419956 |
|    clip_fraction        | 0.244       |
|    clip_range           | 0.2         |
|    entropy_loss         | -2.6        |
|    explained_variance   | 0.985       |
|    learning_rate        | 0.0003      |
|    loss                 | 0.275       |
|    n_updates            | 22560       |
|    policy_gradient_loss | -0.00402    |
|    std                  | 0.521       |
|    value_loss           | 2.66        |
-----------------------------------------
-----------------------------------------
| rollout/                |             |
|    ep_len_mean          | 230         |
|    ep_rew_mean          | -63         |
| time/                   |             |
|    fps                  | 932         |
|    iterations           | 90          |
|    time_elapsed         | 790         |
|    total_timesteps      | 737280      |
| train/                  |             |
|    approx_kl            | 0.028526492 |
|    clip_fraction        | 0.245       |
|    clip_range           | 0.2         |
|    entropy_loss         | -2.6        |
|    explained_variance   | 0.971       |
|    learning_rate        | 0.0003      |
|    loss                 | 3.45        |
|    n_updates            | 22570       |
|    policy_gradient_loss | -0.00333    |
|    std                  | 0.524       |
|    value_loss           | 3.51        |
-----------------------------------------
-----------------------------------------
| rollout/                |             |
|    ep_len_mean          | 201         |
|    ep_rew_mean          | -64.2       |
| time/                   |             |
|    fps                  | 933         |
|    iterations           | 91          |
|    time_elapsed         | 798         |
|    total_timesteps      | 745472      |
| train/                  |             |
|    approx_kl            | 0.015287107 |
|    clip_fraction        | 0.15        |
|    clip_range           | 0.2         |
|    entropy_loss         | -2.61       |
|    explained_variance   | 0.976       |
|    learning_rate        | 0.0003      |
|    loss                 | 1.24        |
|    n_updates            | 22580       |
|    policy_gradient_loss | -0.00101    |
|    std                  | 0.524       |
|    value_loss           | 4.43        |
-----------------------------------------
-----------------------------------------
| rollout/                |             |
|    ep_len_mean          | 173         |
|    ep_rew_mean          | -56.7       |
| time/                   |             |
|    fps                  | 933         |
|    iterations           | 92          |
|    time_elapsed         | 807         |
|    total_timesteps      | 753664      |
| train/                  |             |
|    approx_kl            | 0.019859692 |
|    clip_fraction        | 0.195       |
|    clip_range           | 0.2         |
|    entropy_loss         | -2.62       |
|    explained_variance   | 0.979       |
|    learning_rate        | 0.0003      |
|    loss                 | 0.596       |
|    n_updates            | 22590       |
|    policy_gradient_loss | -0.000296   |
|    std                  | 0.528       |
|    value_loss           | 3.39        |
-----------------------------------------
-----------------------------------------
| rollout/                |             |
|    ep_len_mean          | 173         |
|    ep_rew_mean          | -40.7       |
| time/                   |             |
|    fps                  | 934         |
|    iterations           | 93          |
|    time_elapsed         | 815         |
|    total_timesteps      | 761856      |
| train/                  |             |
|    approx_kl            | 0.025675192 |
|    clip_fraction        | 0.258       |
|    clip_range           | 0.2         |
|    entropy_loss         | -2.61       |
|    explained_variance   | 0.991       |
|    learning_rate        | 0.0003      |
|    loss                 | 0.232       |
|    n_updates            | 22600       |
|    policy_gradient_loss | 6.63e-05    |
|    std                  | 0.527       |
|    value_loss           | 1.64        |
-----------------------------------------
-----------------------------------------
| rollout/                |             |
|    ep_len_mean          | 161         |
|    ep_rew_mean          | -30.8       |
| time/                   |             |
|    fps                  | 934         |
|    iterations           | 94          |
|    time_elapsed         | 823         |
|    total_timesteps      | 770048      |
| train/                  |             |
|    approx_kl            | 0.027212093 |
|    clip_fraction        | 0.215       |
|    clip_range           | 0.2         |
|    entropy_loss         | -2.59       |
|    explained_variance   | 0.994       |
|    learning_rate        | 0.0003      |
|    loss                 | 0.263       |
|    n_updates            | 22610       |
|    policy_gradient_loss | -0.00424    |
|    std                  | 0.52        |
|    value_loss           | 1.49        |
-----------------------------------------
-----------------------------------------
| rollout/                |             |
|    ep_len_mean          | 155         |
|    ep_rew_mean          | -22.8       |
| time/                   |             |
|    fps                  | 935         |
|    iterations           | 95          |
|    time_elapsed         | 832         |
|    total_timesteps      | 778240      |
| train/                  |             |
|    approx_kl            | 0.020767724 |
|    clip_fraction        | 0.251       |
|    clip_range           | 0.2         |
|    entropy_loss         | -2.56       |
|    explained_variance   | 0.986       |
|    learning_rate        | 0.0003      |
|    loss                 | 0.221       |
|    n_updates            | 22620       |
|    policy_gradient_loss | -0.0023     |
|    std                  | 0.517       |
|    value_loss           | 4.29        |
-----------------------------------------
-----------------------------------------
| rollout/                |             |
|    ep_len_mean          | 172         |
|    ep_rew_mean          | -36.7       |
| time/                   |             |
|    fps                  | 935         |
|    iterations           | 96          |
|    time_elapsed         | 840         |
|    total_timesteps      | 786432      |
| train/                  |             |
|    approx_kl            | 0.016412338 |
|    clip_fraction        | 0.159       |
|    clip_range           | 0.2         |
|    entropy_loss         | -2.56       |
|    explained_variance   | 0.983       |
|    learning_rate        | 0.0003      |
|    loss                 | 0.518       |
|    n_updates            | 22630       |
|    policy_gradient_loss | -0.00651    |
|    std                  | 0.52        |
|    value_loss           | 4.52        |
-----------------------------------------
-----------------------------------------
| rollout/                |             |
|    ep_len_mean          | 184         |
|    ep_rew_mean          | -44         |
| time/                   |             |
|    fps                  | 936         |
|    iterations           | 97          |
|    time_elapsed         | 848         |
|    total_timesteps      | 794624      |
| train/                  |             |
|    approx_kl            | 0.017373286 |
|    clip_fraction        | 0.203       |
|    clip_range           | 0.2         |
|    entropy_loss         | -2.6        |
|    explained_variance   | 0.991       |
|    learning_rate        | 0.0003      |
|    loss                 | 0.341       |
|    n_updates            | 22640       |
|    policy_gradient_loss | 0.00271     |
|    std                  | 0.525       |
|    value_loss           | 1.95        |
-----------------------------------------
[PeriodicArtifactCallback] step 800000: running periodic self-monitoring analysis...
[PeriodicArtifactCallback] analysis written to C:\GitHub\HumanoidRobot\simulation\training\pick_place\runs\pp_v19\analysis_800000.md (stalled=False)
[PeriodicArtifactCallback] step 800000: saving checkpoint, evaluating, rendering...
[PeriodicArtifactCallback] step 800000: success_rate=0.00 pick_success_rate=0.20 mean_reward=-240.62 -> C:\GitHub\HumanoidRobot\simulation\training\pick_place\runs\pp_v19\dashboard.html
-----------------------------------------
| rollout/                |             |
|    ep_len_mean          | 178         |
|    ep_rew_mean          | -31.5       |
| time/                   |             |
|    fps                  | 915         |
|    iterations           | 98          |
|    time_elapsed         | 876         |
|    total_timesteps      | 802816      |
| train/                  |             |
|    approx_kl            | 0.016259473 |
|    clip_fraction        | 0.127       |
|    clip_range           | 0.2         |
|    entropy_loss         | -2.64       |
|    explained_variance   | 0.965       |
|    learning_rate        | 0.0003      |
|    loss                 | 0.737       |
|    n_updates            | 22650       |
|    policy_gradient_loss | 0.0017      |
|    std                  | 0.527       |
|    value_loss           | 1.96        |
-----------------------------------------
-----------------------------------------
| rollout/                |             |
|    ep_len_mean          | 173         |
|    ep_rew_mean          | -33.4       |
| time/                   |             |
|    fps                  | 916         |
|    iterations           | 99          |
|    time_elapsed         | 885         |
|    total_timesteps      | 811008      |
| train/                  |             |
|    approx_kl            | 0.022946857 |
|    clip_fraction        | 0.222       |
|    clip_range           | 0.2         |
|    entropy_loss         | -2.65       |
|    explained_variance   | 0.991       |
|    learning_rate        | 0.0003      |
|    loss                 | 0.367       |
|    n_updates            | 22660       |
|    policy_gradient_loss | -0.00537    |
|    std                  | 0.527       |
|    value_loss           | 1.14        |
-----------------------------------------
-----------------------------------------
| rollout/                |             |
|    ep_len_mean          | 196         |
|    ep_rew_mean          | -41.6       |
| time/                   |             |
|    fps                  | 916         |
|    iterations           | 100         |
|    time_elapsed         | 893         |
|    total_timesteps      | 819200      |
| train/                  |             |
|    approx_kl            | 0.011172531 |
|    clip_fraction        | 0.114       |
|    clip_range           | 0.2         |
|    entropy_loss         | -2.67       |
|    explained_variance   | 0.963       |
|    learning_rate        | 0.0003      |
|    loss                 | 1.03        |
|    n_updates            | 22670       |
|    policy_gradient_loss | 0.000327    |
|    std                  | 0.531       |
|    value_loss           | 1.53        |
-----------------------------------------
-----------------------------------------
| rollout/                |             |
|    ep_len_mean          | 196         |
|    ep_rew_mean          | -39.8       |
| time/                   |             |
|    fps                  | 917         |
|    iterations           | 101         |
|    time_elapsed         | 901         |
|    total_timesteps      | 827392      |
| train/                  |             |
|    approx_kl            | 0.018222576 |
|    clip_fraction        | 0.183       |
|    clip_range           | 0.2         |
|    entropy_loss         | -2.7        |
|    explained_variance   | 0.981       |
|    learning_rate        | 0.0003      |
|    loss                 | 0.79        |
|    n_updates            | 22680       |
|    policy_gradient_loss | 0.00114     |
|    std                  | 0.534       |
|    value_loss           | 0.837       |
-----------------------------------------
-----------------------------------------
| rollout/                |             |
|    ep_len_mean          | 173         |
|    ep_rew_mean          | -30.3       |
| time/                   |             |
|    fps                  | 918         |
|    iterations           | 102         |
|    time_elapsed         | 909         |
|    total_timesteps      | 835584      |
| train/                  |             |
|    approx_kl            | 0.022026803 |
|    clip_fraction        | 0.229       |
|    clip_range           | 0.2         |
|    entropy_loss         | -2.68       |
|    explained_variance   | 0.989       |
|    learning_rate        | 0.0003      |
|    loss                 | 0.941       |
|    n_updates            | 22690       |
|    policy_gradient_loss | -0.00364    |
|    std                  | 0.53        |
|    value_loss           | 1.48        |
-----------------------------------------
----------------------------------------
| rollout/                |            |
|    ep_len_mean          | 161        |
|    ep_rew_mean          | -31.8      |
| time/                   |            |
|    fps                  | 920        |
|    iterations           | 103        |
|    time_elapsed         | 916        |
|    total_timesteps      | 843776     |
| train/                  |            |
|    approx_kl            | 0.03614726 |
|    clip_fraction        | 0.235      |
|    clip_range           | 0.2        |
|    entropy_loss         | -2.65      |
|    explained_variance   | 0.983      |
|    learning_rate        | 0.0003     |
|    loss                 | 0.236      |
|    n_updates            | 22700      |
|    policy_gradient_loss | -0.00756   |
|    std                  | 0.528      |
|    value_loss           | 1.97       |
----------------------------------------
-----------------------------------------
| rollout/                |             |
|    ep_len_mean          | 162         |
|    ep_rew_mean          | -45.3       |
| time/                   |             |
|    fps                  | 921         |
|    iterations           | 104         |
|    time_elapsed         | 924         |
|    total_timesteps      | 851968      |
| train/                  |             |
|    approx_kl            | 0.015294427 |
|    clip_fraction        | 0.127       |
|    clip_range           | 0.2         |
|    entropy_loss         | -2.66       |
|    explained_variance   | 0.844       |
|    learning_rate        | 0.0003      |
|    loss                 | 1.39        |
|    n_updates            | 22710       |
|    policy_gradient_loss | 0.00613     |
|    std                  | 0.532       |
|    value_loss           | 5.63        |
-----------------------------------------
-----------------------------------------
| rollout/                |             |
|    ep_len_mean          | 191         |
|    ep_rew_mean          | -59.2       |
| time/                   |             |
|    fps                  | 921         |
|    iterations           | 105         |
|    time_elapsed         | 933         |
|    total_timesteps      | 860160      |
| train/                  |             |
|    approx_kl            | 0.018555153 |
|    clip_fraction        | 0.163       |
|    clip_range           | 0.2         |
|    entropy_loss         | -2.66       |
|    explained_variance   | 0.979       |
|    learning_rate        | 0.0003      |
|    loss                 | 0.909       |
|    n_updates            | 22720       |
|    policy_gradient_loss | -0.000459   |
|    std                  | 0.527       |
|    value_loss           | 3.58        |
-----------------------------------------
