Continuing from checkpoint: C:/GitHub/HumanoidRobot/simulation/training/pick_place/runs/pp_v19/checkpoints/ckpt_800000.zip
Logging to C:\GitHub\HumanoidRobot\simulation\training\pick_place\runs\pp_v21\logs\pp_v21_1
---------------------------------
| rollout/           |          |
|    ep_len_mean     | 23.5     |
|    ep_rew_mean     | 29.5     |
| time/              |          |
|    fps             | 3709     |
|    iterations      | 1        |
|    time_elapsed    | 2        |
|    total_timesteps | 8192     |
---------------------------------
-----------------------------------------
| rollout/                |             |
|    ep_len_mean          | 97.6        |
|    ep_rew_mean          | -16.3       |
| time/                   |             |
|    fps                  | 1526        |
|    iterations           | 2           |
|    time_elapsed         | 10          |
|    total_timesteps      | 16384       |
| train/                  |             |
|    approx_kl            | 0.021510288 |
|    clip_fraction        | 0.151       |
|    clip_range           | 0.2         |
|    entropy_loss         | -2.65       |
|    explained_variance   | 0.978       |
|    learning_rate        | 0.0003      |
|    loss                 | 3.52        |
|    n_updates            | 22660       |
|    policy_gradient_loss | -0.0107     |
|    std                  | 0.526       |
|    value_loss           | 11.9        |
-----------------------------------------
----------------------------------------
| rollout/                |            |
|    ep_len_mean          | 103        |
|    ep_rew_mean          | -11.3      |
| time/                   |            |
|    fps                  | 1268       |
|    iterations           | 3          |
|    time_elapsed         | 19         |
|    total_timesteps      | 24576      |
| train/                  |            |
|    approx_kl            | 0.03463873 |
|    clip_fraction        | 0.217      |
|    clip_range           | 0.2        |
|    entropy_loss         | -2.65      |
|    explained_variance   | 0.983      |
|    learning_rate        | 0.0003     |
|    loss                 | 0.966      |
|    n_updates            | 22670      |
|    policy_gradient_loss | -0.001     |
|    std                  | 0.526      |
|    value_loss           | 6.16       |
----------------------------------------
-----------------------------------------
| rollout/                |             |
|    ep_len_mean          | 74.5        |
|    ep_rew_mean          | 5.37        |
| time/                   |             |
|    fps                  | 1178        |
|    iterations           | 4           |
|    time_elapsed         | 27          |
|    total_timesteps      | 32768       |
| train/                  |             |
|    approx_kl            | 0.019143425 |
|    clip_fraction        | 0.198       |
|    clip_range           | 0.2         |
|    entropy_loss         | -2.66       |
|    explained_variance   | 0.99        |
|    learning_rate        | 0.0003      |
|    loss                 | 0.778       |
|    n_updates            | 22680       |
|    policy_gradient_loss | 0.00259     |
|    std                  | 0.526       |
|    value_loss           | 2.87        |
-----------------------------------------
-----------------------------------------
| rollout/                |             |
|    ep_len_mean          | 92.3        |
|    ep_rew_mean          | -1.18       |
| time/                   |             |
|    fps                  | 1118        |
|    iterations           | 5           |
|    time_elapsed         | 36          |
|    total_timesteps      | 40960       |
| train/                  |             |
|    approx_kl            | 0.019766564 |
|    clip_fraction        | 0.187       |
|    clip_range           | 0.2         |
|    entropy_loss         | -2.67       |
|    explained_variance   | 0.992       |
|    learning_rate        | 0.0003      |
|    loss                 | 5.73        |
|    n_updates            | 22690       |
|    policy_gradient_loss | 0.00177     |
|    std                  | 0.528       |
|    value_loss           | 2.75        |
-----------------------------------------
----------------------------------------
| rollout/                |            |
|    ep_len_mean          | 91.5       |
|    ep_rew_mean          | -1.92      |
| time/                   |            |
|    fps                  | 1091       |
|    iterations           | 6          |
|    time_elapsed         | 45         |
|    total_timesteps      | 49152      |
| train/                  |            |
|    approx_kl            | 0.01681519 |
|    clip_fraction        | 0.188      |
|    clip_range           | 0.2        |
|    entropy_loss         | -2.66      |
|    explained_variance   | 0.987      |
|    learning_rate        | 0.0003     |
|    loss                 | 0.465      |
|    n_updates            | 22700      |
|    policy_gradient_loss | -0.00202   |
|    std                  | 0.526      |
|    value_loss           | 3.42       |
----------------------------------------
-----------------------------------------
| rollout/                |             |
|    ep_len_mean          | 115         |
|    ep_rew_mean          | -25.6       |
| time/                   |             |
|    fps                  | 1065        |
|    iterations           | 7           |
|    time_elapsed         | 53          |
|    total_timesteps      | 57344       |
| train/                  |             |
|    approx_kl            | 0.012493304 |
|    clip_fraction        | 0.144       |
|    clip_range           | 0.2         |
|    entropy_loss         | -2.64       |
|    explained_variance   | 0.989       |
|    learning_rate        | 0.0003      |
|    loss                 | 1.23        |
|    n_updates            | 22710       |
|    policy_gradient_loss | -0.00426    |
|    std                  | 0.524       |
|    value_loss           | 5.83        |
-----------------------------------------
-----------------------------------------
| rollout/                |             |
|    ep_len_mean          | 68.3        |
|    ep_rew_mean          | 3.26        |
| time/                   |             |
|    fps                  | 1050        |
|    iterations           | 8           |
|    time_elapsed         | 62          |
|    total_timesteps      | 65536       |
| train/                  |             |
|    approx_kl            | 0.018008871 |
|    clip_fraction        | 0.188       |
|    clip_range           | 0.2         |
|    entropy_loss         | -2.62       |
|    explained_variance   | 0.991       |
|    learning_rate        | 0.0003      |
|    loss                 | 0.659       |
|    n_updates            | 22720       |
|    policy_gradient_loss | -0.000419   |
|    std                  | 0.522       |
|    value_loss           | 3.41        |
-----------------------------------------
-----------------------------------------
| rollout/                |             |
|    ep_len_mean          | 91.4        |
|    ep_rew_mean          | 1.34        |
| time/                   |             |
|    fps                  | 1037        |
|    iterations           | 9           |
|    time_elapsed         | 71          |
|    total_timesteps      | 73728       |
| train/                  |             |
|    approx_kl            | 0.020727385 |
|    clip_fraction        | 0.243       |
|    clip_range           | 0.2         |
|    entropy_loss         | -2.62       |
|    explained_variance   | 0.993       |
|    learning_rate        | 0.0003      |
|    loss                 | 0.431       |
|    n_updates            | 22730       |
|    policy_gradient_loss | -0.000758   |
|    std                  | 0.522       |
|    value_loss           | 5.02        |
-----------------------------------------
-----------------------------------------
| rollout/                |             |
|    ep_len_mean          | 86          |
|    ep_rew_mean          | 2.9         |
| time/                   |             |
|    fps                  | 1030        |
|    iterations           | 10          |
|    time_elapsed         | 79          |
|    total_timesteps      | 81920       |
| train/                  |             |
|    approx_kl            | 0.014863404 |
|    clip_fraction        | 0.178       |
|    clip_range           | 0.2         |
|    entropy_loss         | -2.63       |
|    explained_variance   | 0.984       |
|    learning_rate        | 0.0003      |
|    loss                 | 5.77        |
|    n_updates            | 22740       |
|    policy_gradient_loss | -0.000135   |
|    std                  | 0.525       |
|    value_loss           | 4.12        |
-----------------------------------------
-----------------------------------------
| rollout/                |             |
|    ep_len_mean          | 109         |
|    ep_rew_mean          | -9.42       |
| time/                   |             |
|    fps                  | 1022        |
|    iterations           | 11          |
|    time_elapsed         | 88          |
|    total_timesteps      | 90112       |
| train/                  |             |
|    approx_kl            | 0.025242098 |
|    clip_fraction        | 0.216       |
|    clip_range           | 0.2         |
|    entropy_loss         | -2.61       |
|    explained_variance   | 0.996       |
|    learning_rate        | 0.0003      |
|    loss                 | 0.205       |
|    n_updates            | 22750       |
|    policy_gradient_loss | -0.0014     |
|    std                  | 0.522       |
|    value_loss           | 1.95        |
-----------------------------------------
-----------------------------------------
| rollout/                |             |
|    ep_len_mean          | 103         |
|    ep_rew_mean          | -2.55       |
| time/                   |             |
|    fps                  | 1021        |
|    iterations           | 12          |
|    time_elapsed         | 96          |
|    total_timesteps      | 98304       |
| train/                  |             |
|    approx_kl            | 0.026017662 |
|    clip_fraction        | 0.214       |
|    clip_range           | 0.2         |
|    entropy_loss         | -2.59       |
|    explained_variance   | 0.991       |
|    learning_rate        | 0.0003      |
|    loss                 | 0.81        |
|    n_updates            | 22760       |
|    policy_gradient_loss | -0.00321    |
|    std                  | 0.52        |
|    value_loss           | 3.51        |
-----------------------------------------
-----------------------------------------
| rollout/                |             |
|    ep_len_mean          | 85.8        |
|    ep_rew_mean          | 2.86        |
| time/                   |             |
|    fps                  | 1013        |
|    iterations           | 13          |
|    time_elapsed         | 105         |
|    total_timesteps      | 106496      |
| train/                  |             |
|    approx_kl            | 0.025638046 |
|    clip_fraction        | 0.238       |
|    clip_range           | 0.2         |
|    entropy_loss         | -2.59       |
|    explained_variance   | 0.995       |
|    learning_rate        | 0.0003      |
|    loss                 | 5.68        |
|    n_updates            | 22770       |
|    policy_gradient_loss | -0.00155    |
|    std                  | 0.52        |
|    value_loss           | 2.22        |
-----------------------------------------
-----------------------------------------
| rollout/                |             |
|    ep_len_mean          | 68.5        |
|    ep_rew_mean          | 8.76        |
| time/                   |             |
|    fps                  | 1010        |
|    iterations           | 14          |
|    time_elapsed         | 113         |
|    total_timesteps      | 114688      |
| train/                  |             |
|    approx_kl            | 0.021866366 |
|    clip_fraction        | 0.203       |
|    clip_range           | 0.2         |
|    entropy_loss         | -2.56       |
|    explained_variance   | 0.989       |
|    learning_rate        | 0.0003      |
|    loss                 | 0.332       |
|    n_updates            | 22780       |
|    policy_gradient_loss | -0.000935   |
|    std                  | 0.513       |
|    value_loss           | 2.45        |
-----------------------------------------
-----------------------------------------
| rollout/                |             |
|    ep_len_mean          | 86.4        |
|    ep_rew_mean          | 2.46        |
| time/                   |             |
|    fps                  | 1003        |
|    iterations           | 15          |
|    time_elapsed         | 122         |
|    total_timesteps      | 122880      |
| train/                  |             |
|    approx_kl            | 0.025124844 |
|    clip_fraction        | 0.238       |
|    clip_range           | 0.2         |
|    entropy_loss         | -2.55       |
|    explained_variance   | 0.996       |
|    learning_rate        | 0.0003      |
|    loss                 | 0.301       |
|    n_updates            | 22790       |
|    policy_gradient_loss | 0.00201     |
|    std                  | 0.515       |
|    value_loss           | 1.73        |
-----------------------------------------
-----------------------------------------
| rollout/                |             |
|    ep_len_mean          | 115         |
|    ep_rew_mean          | -15.4       |
| time/                   |             |
|    fps                  | 1001        |
|    iterations           | 16          |
|    time_elapsed         | 130         |
|    total_timesteps      | 131072      |
| train/                  |             |
|    approx_kl            | 0.027967956 |
|    clip_fraction        | 0.202       |
|    clip_range           | 0.2         |
|    entropy_loss         | -2.52       |
|    explained_variance   | 0.991       |
|    learning_rate        | 0.0003      |
|    loss                 | 0.584       |
|    n_updates            | 22800       |
|    policy_gradient_loss | -0.00344    |
|    std                  | 0.509       |
|    value_loss           | 5.58        |
-----------------------------------------
----------------------------------------
| rollout/                |            |
|    ep_len_mean          | 97.2       |
|    ep_rew_mean          | -5.93      |
| time/                   |            |
|    fps                  | 996        |
|    iterations           | 17         |
|    time_elapsed         | 139        |
|    total_timesteps      | 139264     |
| train/                  |            |
|    approx_kl            | 0.01704318 |
|    clip_fraction        | 0.209      |
|    clip_range           | 0.2        |
|    entropy_loss         | -2.51      |
|    explained_variance   | 0.994      |
|    learning_rate        | 0.0003     |
|    loss                 | 0.755      |
|    n_updates            | 22810      |
|    policy_gradient_loss | 0.00176    |
|    std                  | 0.509      |
|    value_loss           | 1.8        |
----------------------------------------
-----------------------------------------
| rollout/                |             |
|    ep_len_mean          | 80.6        |
|    ep_rew_mean          | -0.989      |
| time/                   |             |
|    fps                  | 996         |
|    iterations           | 18          |
|    time_elapsed         | 147         |
|    total_timesteps      | 147456      |
| train/                  |             |
|    approx_kl            | 0.014700778 |
|    clip_fraction        | 0.143       |
|    clip_range           | 0.2         |
|    entropy_loss         | -2.5        |
|    explained_variance   | 0.987       |
|    learning_rate        | 0.0003      |
|    loss                 | 0.693       |
|    n_updates            | 22820       |
|    policy_gradient_loss | -0.00255    |
|    std                  | 0.509       |
|    value_loss           | 4.68        |
-----------------------------------------
-----------------------------------------
| rollout/                |             |
|    ep_len_mean          | 115         |
|    ep_rew_mean          | -12.6       |
| time/                   |             |
|    fps                  | 993         |
|    iterations           | 19          |
|    time_elapsed         | 156         |
|    total_timesteps      | 155648      |
| train/                  |             |
|    approx_kl            | 0.025526095 |
|    clip_fraction        | 0.24        |
|    clip_range           | 0.2         |
|    entropy_loss         | -2.5        |
|    explained_variance   | 0.994       |
|    learning_rate        | 0.0003      |
|    loss                 | 0.776       |
|    n_updates            | 22830       |
|    policy_gradient_loss | -0.0011     |
|    std                  | 0.511       |
|    value_loss           | 2.08        |
-----------------------------------------
-----------------------------------------
| rollout/                |             |
|    ep_len_mean          | 138         |
|    ep_rew_mean          | -24.1       |
| time/                   |             |
|    fps                  | 991         |
|    iterations           | 20          |
|    time_elapsed         | 165         |
|    total_timesteps      | 163840      |
| train/                  |             |
|    approx_kl            | 0.025283799 |
|    clip_fraction        | 0.249       |
|    clip_range           | 0.2         |
|    entropy_loss         | -2.51       |
|    explained_variance   | 0.989       |
|    learning_rate        | 0.0003      |
|    loss                 | 0.326       |
|    n_updates            | 22840       |
|    policy_gradient_loss | -0.00175    |
|    std                  | 0.514       |
|    value_loss           | 1.75        |
-----------------------------------------
-----------------------------------------
| rollout/                |             |
|    ep_len_mean          | 138         |
|    ep_rew_mean          | -26.3       |
| time/                   |             |
|    fps                  | 990         |
|    iterations           | 21          |
|    time_elapsed         | 173         |
|    total_timesteps      | 172032      |
| train/                  |             |
|    approx_kl            | 0.018303545 |
|    clip_fraction        | 0.184       |
|    clip_range           | 0.2         |
|    entropy_loss         | -2.51       |
|    explained_variance   | 0.994       |
|    learning_rate        | 0.0003      |
|    loss                 | 0.34        |
|    n_updates            | 22850       |
|    policy_gradient_loss | -0.0012     |
|    std                  | 0.514       |
|    value_loss           | 3.96        |
-----------------------------------------
-----------------------------------------
| rollout/                |             |
|    ep_len_mean          | 155         |
|    ep_rew_mean          | -33.8       |
| time/                   |             |
|    fps                  | 989         |
|    iterations           | 22          |
|    time_elapsed         | 182         |
|    total_timesteps      | 180224      |
| train/                  |             |
|    approx_kl            | 0.023160521 |
|    clip_fraction        | 0.181       |
|    clip_range           | 0.2         |
|    entropy_loss         | -2.51       |
|    explained_variance   | 0.984       |
|    learning_rate        | 0.0003      |
|    loss                 | 0.568       |
|    n_updates            | 22860       |
|    policy_gradient_loss | -0.00567    |
|    std                  | 0.514       |
|    value_loss           | 4.22        |
-----------------------------------------
-----------------------------------------
| rollout/                |             |
|    ep_len_mean          | 127         |
|    ep_rew_mean          | -18.1       |
| time/                   |             |
|    fps                  | 987         |
|    iterations           | 23          |
|    time_elapsed         | 190         |
|    total_timesteps      | 188416      |
| train/                  |             |
|    approx_kl            | 0.016645562 |
|    clip_fraction        | 0.168       |
|    clip_range           | 0.2         |
|    entropy_loss         | -2.52       |
|    explained_variance   | 0.969       |
|    learning_rate        | 0.0003      |
|    loss                 | 1.27        |
|    n_updates            | 22870       |
|    policy_gradient_loss | -0.00252    |
|    std                  | 0.516       |
|    value_loss           | 5.29        |
-----------------------------------------
-----------------------------------------
| rollout/                |             |
|    ep_len_mean          | 91.7        |
|    ep_rew_mean          | -6.94       |
| time/                   |             |
|    fps                  | 988         |
|    iterations           | 24          |
|    time_elapsed         | 198         |
|    total_timesteps      | 196608      |
| train/                  |             |
|    approx_kl            | 0.022403223 |
|    clip_fraction        | 0.212       |
|    clip_range           | 0.2         |
|    entropy_loss         | -2.54       |
|    explained_variance   | 0.992       |
|    learning_rate        | 0.0003      |
|    loss                 | 0.413       |
|    n_updates            | 22880       |
|    policy_gradient_loss | 0.00094     |
|    std                  | 0.517       |
|    value_loss           | 1.55        |
-----------------------------------------
[PeriodicArtifactCallback] step 200000: saving checkpoint, evaluating, rendering...
[PeriodicArtifactCallback] step 200000: success_rate=0.00 pick_success_rate=0.30 mean_reward=-252.41 -> C:\GitHub\HumanoidRobot\simulation\training\pick_place\runs\pp_v21\dashboard.html
-----------------------------------------
| rollout/                |             |
|    ep_len_mean          | 132         |
|    ep_rew_mean          | -20.2       |
| time/                   |             |
|    fps                  | 931         |
|    iterations           | 25          |
|    time_elapsed         | 219         |
|    total_timesteps      | 204800      |
| train/                  |             |
|    approx_kl            | 0.029034479 |
|    clip_fraction        | 0.204       |
|    clip_range           | 0.2         |
|    entropy_loss         | -2.55       |
|    explained_variance   | 0.994       |
|    learning_rate        | 0.0003      |
|    loss                 | 0.446       |
|    n_updates            | 22890       |
|    policy_gradient_loss | -0.00192    |
|    std                  | 0.519       |
|    value_loss           | 2.96        |
-----------------------------------------
-----------------------------------------
| rollout/                |             |
|    ep_len_mean          | 132         |
|    ep_rew_mean          | -13.4       |
| time/                   |             |
|    fps                  | 934         |
|    iterations           | 26          |
|    time_elapsed         | 228         |
|    total_timesteps      | 212992      |
| train/                  |             |
|    approx_kl            | 0.020812403 |
|    clip_fraction        | 0.187       |
|    clip_range           | 0.2         |
|    entropy_loss         | -2.57       |
|    explained_variance   | 0.981       |
|    learning_rate        | 0.0003      |
|    loss                 | 0.692       |
|    n_updates            | 22900       |
|    policy_gradient_loss | -0.00116    |
|    std                  | 0.521       |
|    value_loss           | 2.44        |
-----------------------------------------
-----------------------------------------
| rollout/                |             |
|    ep_len_mean          | 73.6        |
|    ep_rew_mean          | 2.61        |
| time/                   |             |
|    fps                  | 934         |
|    iterations           | 27          |
|    time_elapsed         | 236         |
|    total_timesteps      | 221184      |
| train/                  |             |
|    approx_kl            | 0.023989372 |
|    clip_fraction        | 0.197       |
|    clip_range           | 0.2         |
|    entropy_loss         | -2.61       |
|    explained_variance   | 0.99        |
|    learning_rate        | 0.0003      |
|    loss                 | 1.78        |
|    n_updates            | 22910       |
|    policy_gradient_loss | -0.0033     |
|    std                  | 0.525       |
|    value_loss           | 3.5         |
-----------------------------------------
-----------------------------------------
| rollout/                |             |
|    ep_len_mean          | 108         |
|    ep_rew_mean          | -9.83       |
| time/                   |             |
|    fps                  | 937         |
|    iterations           | 28          |
|    time_elapsed         | 244         |
|    total_timesteps      | 229376      |
| train/                  |             |
|    approx_kl            | 0.015793206 |
|    clip_fraction        | 0.164       |
|    clip_range           | 0.2         |
|    entropy_loss         | -2.63       |
|    explained_variance   | 0.988       |
|    learning_rate        | 0.0003      |
|    loss                 | 1.32        |
|    n_updates            | 22920       |
|    policy_gradient_loss | -0.000926   |
|    std                  | 0.523       |
|    value_loss           | 7.87        |
-----------------------------------------
-----------------------------------------
| rollout/                |             |
|    ep_len_mean          | 133         |
|    ep_rew_mean          | -29.7       |
| time/                   |             |
|    fps                  | 937         |
|    iterations           | 29          |
|    time_elapsed         | 253         |
|    total_timesteps      | 237568      |
| train/                  |             |
|    approx_kl            | 0.017982475 |
|    clip_fraction        | 0.159       |
|    clip_range           | 0.2         |
|    entropy_loss         | -2.64       |
|    explained_variance   | 0.967       |
|    learning_rate        | 0.0003      |
|    loss                 | 0.5         |
|    n_updates            | 22930       |
|    policy_gradient_loss | -0.00401    |
|    std                  | 0.526       |
|    value_loss           | 5.2         |
-----------------------------------------
-----------------------------------------
| rollout/                |             |
|    ep_len_mean          | 109         |
|    ep_rew_mean          | -22.5       |
| time/                   |             |
|    fps                  | 938         |
|    iterations           | 30          |
|    time_elapsed         | 261         |
|    total_timesteps      | 245760      |
| train/                  |             |
|    approx_kl            | 0.025113598 |
|    clip_fraction        | 0.205       |
|    clip_range           | 0.2         |
|    entropy_loss         | -2.65       |
|    explained_variance   | 0.991       |
|    learning_rate        | 0.0003      |
|    loss                 | 1.02        |
|    n_updates            | 22940       |
|    policy_gradient_loss | -0.00262    |
|    std                  | 0.527       |
|    value_loss           | 4.44        |
-----------------------------------------
-----------------------------------------
| rollout/                |             |
|    ep_len_mean          | 149         |
|    ep_rew_mean          | -40.4       |
| time/                   |             |
|    fps                  | 938         |
|    iterations           | 31          |
|    time_elapsed         | 270         |
|    total_timesteps      | 253952      |
| train/                  |             |
|    approx_kl            | 0.027905792 |
|    clip_fraction        | 0.246       |
|    clip_range           | 0.2         |
|    entropy_loss         | -2.66       |
|    explained_variance   | 0.994       |
|    learning_rate        | 0.0003      |
|    loss                 | 1.79        |
|    n_updates            | 22950       |
|    policy_gradient_loss | -0.00227    |
|    std                  | 0.529       |
|    value_loss           | 3.9         |
-----------------------------------------
-----------------------------------------
| rollout/                |             |
|    ep_len_mean          | 109         |
|    ep_rew_mean          | -20         |
| time/                   |             |
|    fps                  | 940         |
|    iterations           | 32          |
|    time_elapsed         | 278         |
|    total_timesteps      | 262144      |
| train/                  |             |
|    approx_kl            | 0.025388494 |
|    clip_fraction        | 0.186       |
|    clip_range           | 0.2         |
|    entropy_loss         | -2.66       |
|    explained_variance   | 0.989       |
|    learning_rate        | 0.0003      |
|    loss                 | 2.85        |
|    n_updates            | 22960       |
|    policy_gradient_loss | -0.00675    |
|    std                  | 0.528       |
|    value_loss           | 4.88        |
-----------------------------------------
-----------------------------------------
| rollout/                |             |
|    ep_len_mean          | 91.3        |
|    ep_rew_mean          | -9.85       |
| time/                   |             |
|    fps                  | 940         |
|    iterations           | 33          |
|    time_elapsed         | 287         |
|    total_timesteps      | 270336      |
| train/                  |             |
|    approx_kl            | 0.014580003 |
|    clip_fraction        | 0.149       |
|    clip_range           | 0.2         |
|    entropy_loss         | -2.68       |
|    explained_variance   | 0.986       |
|    learning_rate        | 0.0003      |
|    loss                 | 1.42        |
|    n_updates            | 22970       |
|    policy_gradient_loss | -0.00123    |
|    std                  | 0.532       |
|    value_loss           | 4.92        |
-----------------------------------------
-----------------------------------------
| rollout/                |             |
|    ep_len_mean          | 86.1        |
|    ep_rew_mean          | -12.6       |
| time/                   |             |
|    fps                  | 942         |
|    iterations           | 34          |
|    time_elapsed         | 295         |
|    total_timesteps      | 278528      |
| train/                  |             |
|    approx_kl            | 0.024803568 |
|    clip_fraction        | 0.208       |
|    clip_range           | 0.2         |
|    entropy_loss         | -2.69       |
|    explained_variance   | 0.992       |
|    learning_rate        | 0.0003      |
|    loss                 | 3.3         |
|    n_updates            | 22980       |
|    policy_gradient_loss | -0.00183    |
|    std                  | 0.531       |
|    value_loss           | 6           |
-----------------------------------------
-----------------------------------------
| rollout/                |             |
|    ep_len_mean          | 144         |
|    ep_rew_mean          | -32.1       |
| time/                   |             |
|    fps                  | 942         |
|    iterations           | 35          |
|    time_elapsed         | 304         |
|    total_timesteps      | 286720      |
| train/                  |             |
|    approx_kl            | 0.033888035 |
|    clip_fraction        | 0.257       |
|    clip_range           | 0.2         |
|    entropy_loss         | -2.7        |
|    explained_variance   | 0.994       |
|    learning_rate        | 0.0003      |
|    loss                 | 0.86        |
|    n_updates            | 22990       |
|    policy_gradient_loss | -0.000437   |
|    std                  | 0.531       |
|    value_loss           | 3.1         |
-----------------------------------------
-----------------------------------------
| rollout/                |             |
|    ep_len_mean          | 138         |
|    ep_rew_mean          | -26.9       |
| time/                   |             |
|    fps                  | 944         |
|    iterations           | 36          |
|    time_elapsed         | 312         |
|    total_timesteps      | 294912      |
| train/                  |             |
|    approx_kl            | 0.024139777 |
|    clip_fraction        | 0.218       |
|    clip_range           | 0.2         |
|    entropy_loss         | -2.72       |
|    explained_variance   | 0.989       |
|    learning_rate        | 0.0003      |
|    loss                 | 1.35        |
|    n_updates            | 23000       |
|    policy_gradient_loss | -0.0083     |
|    std                  | 0.536       |
|    value_loss           | 3.47        |
-----------------------------------------
-----------------------------------------
| rollout/                |             |
|    ep_len_mean          | 87.1        |
|    ep_rew_mean          | -2.46       |
| time/                   |             |
|    fps                  | 945         |
|    iterations           | 37          |
|    time_elapsed         | 320         |
|    total_timesteps      | 303104      |
| train/                  |             |
|    approx_kl            | 0.026929142 |
|    clip_fraction        | 0.195       |
|    clip_range           | 0.2         |
|    entropy_loss         | -2.72       |
|    explained_variance   | 0.986       |
|    learning_rate        | 0.0003      |
|    loss                 | 0.425       |
|    n_updates            | 23010       |
|    policy_gradient_loss | -0.00401    |
|    std                  | 0.535       |
|    value_loss           | 3.75        |
-----------------------------------------
-----------------------------------------
| rollout/                |             |
|    ep_len_mean          | 103         |
|    ep_rew_mean          | -4.96       |
| time/                   |             |
|    fps                  | 946         |
|    iterations           | 38          |
|    time_elapsed         | 328         |
|    total_timesteps      | 311296      |
| train/                  |             |
|    approx_kl            | 0.022790793 |
|    clip_fraction        | 0.216       |
|    clip_range           | 0.2         |
|    entropy_loss         | -2.72       |
|    explained_variance   | 0.988       |
|    learning_rate        | 0.0003      |
|    loss                 | 1           |
|    n_updates            | 23020       |
|    policy_gradient_loss | -0.00423    |
|    std                  | 0.536       |
|    value_loss           | 3.59        |
-----------------------------------------
-----------------------------------------
| rollout/                |             |
|    ep_len_mean          | 127         |
|    ep_rew_mean          | -22.9       |
| time/                   |             |
|    fps                  | 947         |
|    iterations           | 39          |
|    time_elapsed         | 337         |
|    total_timesteps      | 319488      |
| train/                  |             |
|    approx_kl            | 0.018744137 |
|    clip_fraction        | 0.222       |
|    clip_range           | 0.2         |
|    entropy_loss         | -2.73       |
|    explained_variance   | 0.991       |
|    learning_rate        | 0.0003      |
|    loss                 | 0.782       |
|    n_updates            | 23030       |
|    policy_gradient_loss | -0.00195    |
|    std                  | 0.535       |
|    value_loss           | 2.53        |
-----------------------------------------
-----------------------------------------
| rollout/                |             |
|    ep_len_mean          | 156         |
|    ep_rew_mean          | -50.7       |
| time/                   |             |
|    fps                  | 948         |
|    iterations           | 40          |
|    time_elapsed         | 345         |
|    total_timesteps      | 327680      |
| train/                  |             |
|    approx_kl            | 0.018954154 |
|    clip_fraction        | 0.158       |
|    clip_range           | 0.2         |
|    entropy_loss         | -2.72       |
|    explained_variance   | 0.992       |
|    learning_rate        | 0.0003      |
|    loss                 | 1.86        |
|    n_updates            | 23040       |
|    policy_gradient_loss | -0.00746    |
|    std                  | 0.533       |
|    value_loss           | 4.67        |
-----------------------------------------
-----------------------------------------
| rollout/                |             |
|    ep_len_mean          | 103         |
|    ep_rew_mean          | -4.71       |
| time/                   |             |
|    fps                  | 950         |
|    iterations           | 41          |
|    time_elapsed         | 353         |
|    total_timesteps      | 335872      |
| train/                  |             |
|    approx_kl            | 0.026957896 |
|    clip_fraction        | 0.239       |
|    clip_range           | 0.2         |
|    entropy_loss         | -2.69       |
|    explained_variance   | 0.993       |
|    learning_rate        | 0.0003      |
|    loss                 | 0.268       |
|    n_updates            | 23050       |
|    policy_gradient_loss | 0.000801    |
|    std                  | 0.53        |
|    value_loss           | 1.38        |
-----------------------------------------
-----------------------------------------
| rollout/                |             |
|    ep_len_mean          | 91.4        |
|    ep_rew_mean          | -2.76       |
| time/                   |             |
|    fps                  | 950         |
|    iterations           | 42          |
|    time_elapsed         | 361         |
|    total_timesteps      | 344064      |
| train/                  |             |
|    approx_kl            | 0.019739814 |
|    clip_fraction        | 0.152       |
|    clip_range           | 0.2         |
|    entropy_loss         | -2.69       |
|    explained_variance   | 0.985       |
|    learning_rate        | 0.0003      |
|    loss                 | 0.324       |
|    n_updates            | 23060       |
|    policy_gradient_loss | -0.00193    |
|    std                  | 0.53        |
|    value_loss           | 2.65        |
-----------------------------------------
-----------------------------------------
| rollout/                |             |
|    ep_len_mean          | 121         |
|    ep_rew_mean          | -16         |
| time/                   |             |
|    fps                  | 951         |
|    iterations           | 43          |
|    time_elapsed         | 370         |
|    total_timesteps      | 352256      |
| train/                  |             |
|    approx_kl            | 0.028652286 |
|    clip_fraction        | 0.224       |
|    clip_range           | 0.2         |
|    entropy_loss         | -2.68       |
|    explained_variance   | 0.993       |
|    learning_rate        | 0.0003      |
|    loss                 | 0.47        |
|    n_updates            | 23070       |
|    policy_gradient_loss | -0.00368    |
|    std                  | 0.525       |
|    value_loss           | 3.38        |
-----------------------------------------
-----------------------------------------
| rollout/                |             |
|    ep_len_mean          | 126         |
|    ep_rew_mean          | -14         |
| time/                   |             |
|    fps                  | 951         |
|    iterations           | 44          |
|    time_elapsed         | 378         |
|    total_timesteps      | 360448      |
| train/                  |             |
|    approx_kl            | 0.021725401 |
|    clip_fraction        | 0.215       |
|    clip_range           | 0.2         |
|    entropy_loss         | -2.69       |
|    explained_variance   | 0.994       |
|    learning_rate        | 0.0003      |
|    loss                 | 0.376       |
|    n_updates            | 23080       |
|    policy_gradient_loss | -0.00106    |
|    std                  | 0.53        |
|    value_loss           | 1.64        |
-----------------------------------------
-----------------------------------------
| rollout/                |             |
|    ep_len_mean          | 138         |
|    ep_rew_mean          | -20.4       |
| time/                   |             |
|    fps                  | 951         |
|    iterations           | 45          |
|    time_elapsed         | 387         |
|    total_timesteps      | 368640      |
| train/                  |             |
|    approx_kl            | 0.025948634 |
|    clip_fraction        | 0.227       |
|    clip_range           | 0.2         |
|    entropy_loss         | -2.72       |
|    explained_variance   | 0.993       |
|    learning_rate        | 0.0003      |
|    loss                 | 5.09        |
|    n_updates            | 23090       |
|    policy_gradient_loss | -0.00203    |
|    std                  | 0.534       |
|    value_loss           | 2.55        |
-----------------------------------------
-----------------------------------------
| rollout/                |             |
|    ep_len_mean          | 143         |
|    ep_rew_mean          | -23         |
| time/                   |             |
|    fps                  | 952         |
|    iterations           | 46          |
|    time_elapsed         | 395         |
|    total_timesteps      | 376832      |
| train/                  |             |
|    approx_kl            | 0.019900529 |
|    clip_fraction        | 0.225       |
|    clip_range           | 0.2         |
|    entropy_loss         | -2.72       |
|    explained_variance   | 0.991       |
|    learning_rate        | 0.0003      |
|    loss                 | 0.392       |
|    n_updates            | 23100       |
|    policy_gradient_loss | -0.00615    |
|    std                  | 0.533       |
|    value_loss           | 1.8         |
-----------------------------------------
-----------------------------------------
| rollout/                |             |
|    ep_len_mean          | 144         |
|    ep_rew_mean          | -28         |
| time/                   |             |
|    fps                  | 952         |
|    iterations           | 47          |
|    time_elapsed         | 404         |
|    total_timesteps      | 385024      |
| train/                  |             |
|    approx_kl            | 0.014816761 |
|    clip_fraction        | 0.123       |
|    clip_range           | 0.2         |
|    entropy_loss         | -2.75       |
|    explained_variance   | 0.961       |
|    learning_rate        | 0.0003      |
|    loss                 | 6.43        |
|    n_updates            | 23110       |
|    policy_gradient_loss | -0.00223    |
|    std                  | 0.538       |
|    value_loss           | 4.66        |
-----------------------------------------
-----------------------------------------
| rollout/                |             |
|    ep_len_mean          | 120         |
|    ep_rew_mean          | -17.7       |
| time/                   |             |
|    fps                  | 952         |
|    iterations           | 48          |
|    time_elapsed         | 412         |
|    total_timesteps      | 393216      |
| train/                  |             |
|    approx_kl            | 0.015500879 |
|    clip_fraction        | 0.162       |
|    clip_range           | 0.2         |
|    entropy_loss         | -2.77       |
|    explained_variance   | 0.969       |
|    learning_rate        | 0.0003      |
|    loss                 | 0.529       |
|    n_updates            | 23120       |
|    policy_gradient_loss | 0.00371     |
|    std                  | 0.541       |
|    value_loss           | 3.1         |
-----------------------------------------
[PeriodicArtifactCallback] step 400000: running periodic self-monitoring analysis...
[PeriodicArtifactCallback] analysis written to C:\GitHub\HumanoidRobot\simulation\training\pick_place\runs\pp_v21\analysis_400000.md (stalled=False)
[PeriodicArtifactCallback] step 400000: saving checkpoint, evaluating, rendering...
[PeriodicArtifactCallback] step 400000: success_rate=0.00 pick_success_rate=0.20 mean_reward=-220.51 -> C:\GitHub\HumanoidRobot\simulation\training\pick_place\runs\pp_v21\dashboard.html
-----------------------------------------
| rollout/                |             |
|    ep_len_mean          | 143         |
|    ep_rew_mean          | -32.6       |
| time/                   |             |
|    fps                  | 911         |
|    iterations           | 49          |
|    time_elapsed         | 440         |
|    total_timesteps      | 401408      |
| train/                  |             |
|    approx_kl            | 0.016058452 |
|    clip_fraction        | 0.165       |
|    clip_range           | 0.2         |
|    entropy_loss         | -2.77       |
|    explained_variance   | 0.969       |
|    learning_rate        | 0.0003      |
|    loss                 | 0.765       |
|    n_updates            | 23130       |
|    policy_gradient_loss | 0.0018      |
|    std                  | 0.538       |
|    value_loss           | 3.7         |
-----------------------------------------
-----------------------------------------
| rollout/                |             |
|    ep_len_mean          | 120         |
|    ep_rew_mean          | -20.9       |
| time/                   |             |
|    fps                  | 912         |
|    iterations           | 50          |
|    time_elapsed         | 448         |
|    total_timesteps      | 409600      |
| train/                  |             |
|    approx_kl            | 0.016757544 |
|    clip_fraction        | 0.155       |
|    clip_range           | 0.2         |
|    entropy_loss         | -2.79       |
|    explained_variance   | 0.982       |
|    learning_rate        | 0.0003      |
|    loss                 | 0.234       |
|    n_updates            | 23140       |
|    policy_gradient_loss | -0.000718   |
|    std                  | 0.545       |
|    value_loss           | 2.97        |
-----------------------------------------
-----------------------------------------
| rollout/                |             |
|    ep_len_mean          | 132         |
|    ep_rew_mean          | -29.1       |
| time/                   |             |
|    fps                  | 913         |
|    iterations           | 51          |
|    time_elapsed         | 457         |
|    total_timesteps      | 417792      |
| train/                  |             |
|    approx_kl            | 0.017462479 |
|    clip_fraction        | 0.175       |
|    clip_range           | 0.2         |
|    entropy_loss         | -2.81       |
|    explained_variance   | 0.988       |
|    learning_rate        | 0.0003      |
|    loss                 | 0.985       |
|    n_updates            | 23150       |
|    policy_gradient_loss | -0.00295    |
|    std                  | 0.542       |
|    value_loss           | 4.15        |
-----------------------------------------
-----------------------------------------
| rollout/                |             |
|    ep_len_mean          | 132         |
|    ep_rew_mean          | -25.3       |
| time/                   |             |
|    fps                  | 914         |
|    iterations           | 52          |
|    time_elapsed         | 465         |
|    total_timesteps      | 425984      |
| train/                  |             |
|    approx_kl            | 0.016029324 |
|    clip_fraction        | 0.199       |
|    clip_range           | 0.2         |
|    entropy_loss         | -2.81       |
|    explained_variance   | 0.989       |
|    learning_rate        | 0.0003      |
|    loss                 | 0.146       |
|    n_updates            | 23160       |
|    policy_gradient_loss | -0.0003     |
|    std                  | 0.545       |
|    value_loss           | 1.76        |
-----------------------------------------
-----------------------------------------
| rollout/                |             |
|    ep_len_mean          | 126         |
|    ep_rew_mean          | -13.8       |
| time/                   |             |
|    fps                  | 915         |
|    iterations           | 53          |
|    time_elapsed         | 474         |
|    total_timesteps      | 434176      |
| train/                  |             |
|    approx_kl            | 0.023704257 |
|    clip_fraction        | 0.227       |
|    clip_range           | 0.2         |
|    entropy_loss         | -2.82       |
|    explained_variance   | 0.992       |
|    learning_rate        | 0.0003      |
|    loss                 | 1.38        |
|    n_updates            | 23170       |
|    policy_gradient_loss | -0.00181    |
|    std                  | 0.549       |
|    value_loss           | 2.4         |
-----------------------------------------
----------------------------------------
| rollout/                |            |
|    ep_len_mean          | 143        |
|    ep_rew_mean          | -21.7      |
| time/                   |            |
|    fps                  | 917        |
|    iterations           | 54         |
|    time_elapsed         | 482        |
|    total_timesteps      | 442368     |
| train/                  |            |
|    approx_kl            | 0.01934839 |
|    clip_fraction        | 0.199      |
|    clip_range           | 0.2        |
|    entropy_loss         | -2.82      |
|    explained_variance   | 0.985      |
|    learning_rate        | 0.0003     |
|    loss                 | 0.237      |
|    n_updates            | 23180      |
|    policy_gradient_loss | -0.000468  |
|    std                  | 0.548      |
|    value_loss           | 1.79       |
----------------------------------------
-----------------------------------------
| rollout/                |             |
|    ep_len_mean          | 138         |
|    ep_rew_mean          | -19.7       |
| time/                   |             |
|    fps                  | 918         |
|    iterations           | 55          |
|    time_elapsed         | 490         |
|    total_timesteps      | 450560      |
| train/                  |             |
|    approx_kl            | 0.020337332 |
|    clip_fraction        | 0.167       |
|    clip_range           | 0.2         |
|    entropy_loss         | -2.78       |
|    explained_variance   | 0.983       |
|    learning_rate        | 0.0003      |
|    loss                 | 1.08        |
|    n_updates            | 23190       |
|    policy_gradient_loss | -0.00153    |
|    std                  | 0.542       |
|    value_loss           | 3.36        |
-----------------------------------------
-----------------------------------------
| rollout/                |             |
|    ep_len_mean          | 167         |
|    ep_rew_mean          | -36.2       |
| time/                   |             |
|    fps                  | 919         |
|    iterations           | 56          |
|    time_elapsed         | 498         |
|    total_timesteps      | 458752      |
| train/                  |             |
|    approx_kl            | 0.016473714 |
|    clip_fraction        | 0.187       |
|    clip_range           | 0.2         |
|    entropy_loss         | -2.77       |
|    explained_variance   | 0.992       |
|    learning_rate        | 0.0003      |
|    loss                 | 3.78        |
|    n_updates            | 23200       |
|    policy_gradient_loss | 0.00825     |
|    std                  | 0.541       |
|    value_loss           | 2.28        |
-----------------------------------------
-----------------------------------------
| rollout/                |             |
|    ep_len_mean          | 166         |
|    ep_rew_mean          | -42.9       |
| time/                   |             |
|    fps                  | 920         |
|    iterations           | 57          |
|    time_elapsed         | 507         |
|    total_timesteps      | 466944      |
| train/                  |             |
|    approx_kl            | 0.014734655 |
|    clip_fraction        | 0.152       |
|    clip_range           | 0.2         |
|    entropy_loss         | -2.77       |
|    explained_variance   | 0.975       |
|    learning_rate        | 0.0003      |
|    loss                 | 0.137       |
|    n_updates            | 23210       |
|    policy_gradient_loss | -0.00123    |
|    std                  | 0.542       |
|    value_loss           | 2.6         |
-----------------------------------------
-----------------------------------------
| rollout/                |             |
|    ep_len_mean          | 172         |
|    ep_rew_mean          | -41.2       |
| time/                   |             |
|    fps                  | 922         |
|    iterations           | 58          |
|    time_elapsed         | 515         |
|    total_timesteps      | 475136      |
| train/                  |             |
|    approx_kl            | 0.018706525 |
|    clip_fraction        | 0.165       |
|    clip_range           | 0.2         |
|    entropy_loss         | -2.76       |
|    explained_variance   | 0.988       |
|    learning_rate        | 0.0003      |
|    loss                 | 0.518       |
|    n_updates            | 23220       |
|    policy_gradient_loss | -0.00217    |
|    std                  | 0.54        |
|    value_loss           | 4.36        |
-----------------------------------------
-----------------------------------------
| rollout/                |             |
|    ep_len_mean          | 161         |
|    ep_rew_mean          | -38         |
| time/                   |             |
|    fps                  | 923         |
|    iterations           | 59          |
|    time_elapsed         | 523         |
|    total_timesteps      | 483328      |
| train/                  |             |
|    approx_kl            | 0.015658349 |
|    clip_fraction        | 0.178       |
|    clip_range           | 0.2         |
|    entropy_loss         | -2.73       |
|    explained_variance   | 0.97        |
|    learning_rate        | 0.0003      |
|    loss                 | 9.4         |
|    n_updates            | 23230       |
|    policy_gradient_loss | -0.0001     |
|    std                  | 0.539       |
|    value_loss           | 3.64        |
-----------------------------------------
-----------------------------------------
| rollout/                |             |
|    ep_len_mean          | 161         |
|    ep_rew_mean          | -34.5       |
| time/                   |             |
|    fps                  | 923         |
|    iterations           | 60          |
|    time_elapsed         | 531         |
|    total_timesteps      | 491520      |
| train/                  |             |
|    approx_kl            | 0.019363295 |
|    clip_fraction        | 0.183       |
|    clip_range           | 0.2         |
|    entropy_loss         | -2.7        |
|    explained_variance   | 0.991       |
|    learning_rate        | 0.0003      |
|    loss                 | 1.15        |
|    n_updates            | 23240       |
|    policy_gradient_loss | -0.00355    |
|    std                  | 0.534       |
|    value_loss           | 2.6         |
-----------------------------------------
----------------------------------------
| rollout/                |            |
|    ep_len_mean          | 138        |
|    ep_rew_mean          | -22.7      |
| time/                   |            |
|    fps                  | 924        |
|    iterations           | 61         |
|    time_elapsed         | 540        |
|    total_timesteps      | 499712     |
| train/                  |            |
|    approx_kl            | 0.02447852 |
|    clip_fraction        | 0.223      |
|    clip_range           | 0.2        |
|    entropy_loss         | -2.69      |
|    explained_variance   | 0.982      |
|    learning_rate        | 0.0003     |
|    loss                 | 1.21       |
|    n_updates            | 23250      |
|    policy_gradient_loss | -0.0034    |
|    std                  | 0.534      |
|    value_loss           | 4.38       |
----------------------------------------
-----------------------------------------
| rollout/                |             |
|    ep_len_mean          | 149         |
|    ep_rew_mean          | -30.4       |
| time/                   |             |
|    fps                  | 925         |
|    iterations           | 62          |
|    time_elapsed         | 548         |
|    total_timesteps      | 507904      |
| train/                  |             |
|    approx_kl            | 0.022829955 |
|    clip_fraction        | 0.194       |
|    clip_range           | 0.2         |
|    entropy_loss         | -2.71       |
|    explained_variance   | 0.986       |
|    learning_rate        | 0.0003      |
|    loss                 | 2.82        |
|    n_updates            | 23260       |
|    policy_gradient_loss | 0.00123     |
|    std                  | 0.537       |
|    value_loss           | 5.4         |
-----------------------------------------
-----------------------------------------
| rollout/                |             |
|    ep_len_mean          | 172         |
|    ep_rew_mean          | -49.1       |
| time/                   |             |
|    fps                  | 926         |
|    iterations           | 63          |
|    time_elapsed         | 557         |
|    total_timesteps      | 516096      |
| train/                  |             |
|    approx_kl            | 0.018148232 |
|    clip_fraction        | 0.175       |
|    clip_range           | 0.2         |
|    entropy_loss         | -2.71       |
|    explained_variance   | 0.977       |
|    learning_rate        | 0.0003      |
|    loss                 | 2.24        |
|    n_updates            | 23270       |
|    policy_gradient_loss | 0.00109     |
|    std                  | 0.534       |
|    value_loss           | 4.7         |
-----------------------------------------
----------------------------------------
| rollout/                |            |
|    ep_len_mean          | 167        |
|    ep_rew_mean          | -46.8      |
| time/                   |            |
|    fps                  | 926        |
|    iterations           | 64         |
|    time_elapsed         | 565        |
|    total_timesteps      | 524288     |
| train/                  |            |
|    approx_kl            | 0.02057438 |
|    clip_fraction        | 0.233      |
|    clip_range           | 0.2        |
|    entropy_loss         | -2.69      |
|    explained_variance   | 0.994      |
|    learning_rate        | 0.0003     |
|    loss                 | 0.817      |
|    n_updates            | 23280      |
|    policy_gradient_loss | -0.000315  |
|    std                  | 0.529      |
|    value_loss           | 2.61       |
----------------------------------------
----------------------------------------
| rollout/                |            |
|    ep_len_mean          | 207        |
|    ep_rew_mean          | -57.6      |
| time/                   |            |
|    fps                  | 927        |
|    iterations           | 65         |
|    time_elapsed         | 574        |
|    total_timesteps      | 532480     |
| train/                  |            |
|    approx_kl            | 0.02875974 |
|    clip_fraction        | 0.258      |
|    clip_range           | 0.2        |
|    entropy_loss         | -2.66      |
|    explained_variance   | 0.988      |
|    learning_rate        | 0.0003     |
|    loss                 | 0.681      |
|    n_updates            | 23290      |
|    policy_gradient_loss | -0.0024    |
|    std                  | 0.526      |
|    value_loss           | 1.69       |
----------------------------------------
-----------------------------------------
| rollout/                |             |
|    ep_len_mean          | 225         |
|    ep_rew_mean          | -55.4       |
| time/                   |             |
|    fps                  | 928         |
|    iterations           | 66          |
|    time_elapsed         | 582         |
|    total_timesteps      | 540672      |
| train/                  |             |
|    approx_kl            | 0.029147904 |
|    clip_fraction        | 0.206       |
|    clip_range           | 0.2         |
|    entropy_loss         | -2.65       |
|    explained_variance   | 0.98        |
|    learning_rate        | 0.0003      |
|    loss                 | 0.287       |
|    n_updates            | 23300       |
|    policy_gradient_loss | -0.00519    |
|    std                  | 0.523       |
|    value_loss           | 2.02        |
-----------------------------------------
----------------------------------------
| rollout/                |            |
|    ep_len_mean          | 202        |
|    ep_rew_mean          | -50.4      |
| time/                   |            |
|    fps                  | 928        |
|    iterations           | 67         |
|    time_elapsed         | 590        |
|    total_timesteps      | 548864     |
| train/                  |            |
|    approx_kl            | 0.02256175 |
|    clip_fraction        | 0.226      |
|    clip_range           | 0.2        |
|    entropy_loss         | -2.64      |
|    explained_variance   | 0.988      |
|    learning_rate        | 0.0003     |
|    loss                 | 0.314      |
|    n_updates            | 23310      |
|    policy_gradient_loss | -0.00155   |
|    std                  | 0.527      |
|    value_loss           | 2          |
----------------------------------------
-----------------------------------------
| rollout/                |             |
|    ep_len_mean          | 167         |
|    ep_rew_mean          | -35.8       |
| time/                   |             |
|    fps                  | 929         |
|    iterations           | 68          |
|    time_elapsed         | 599         |
|    total_timesteps      | 557056      |
| train/                  |             |
|    approx_kl            | 0.019878425 |
|    clip_fraction        | 0.157       |
|    clip_range           | 0.2         |
|    entropy_loss         | -2.69       |
|    explained_variance   | 0.983       |
|    learning_rate        | 0.0003      |
|    loss                 | 0.741       |
|    n_updates            | 23320       |
|    policy_gradient_loss | -0.000607   |
|    std                  | 0.532       |
|    value_loss           | 1.97        |
-----------------------------------------
-----------------------------------------
| rollout/                |             |
|    ep_len_mean          | 138         |
|    ep_rew_mean          | -28.1       |
| time/                   |             |
|    fps                  | 929         |
|    iterations           | 69          |
|    time_elapsed         | 607         |
|    total_timesteps      | 565248      |
| train/                  |             |
|    approx_kl            | 0.017861648 |
|    clip_fraction        | 0.18        |
|    clip_range           | 0.2         |
|    entropy_loss         | -2.72       |
|    explained_variance   | 0.992       |
|    learning_rate        | 0.0003      |
|    loss                 | 0.404       |
|    n_updates            | 23330       |
|    policy_gradient_loss | -0.00232    |
|    std                  | 0.532       |
|    value_loss           | 1.84        |
-----------------------------------------
-----------------------------------------
| rollout/                |             |
|    ep_len_mean          | 144         |
|    ep_rew_mean          | -23.7       |
| time/                   |             |
|    fps                  | 930         |
|    iterations           | 70          |
|    time_elapsed         | 616         |
|    total_timesteps      | 573440      |
| train/                  |             |
|    approx_kl            | 0.017973939 |
|    clip_fraction        | 0.187       |
|    clip_range           | 0.2         |
|    entropy_loss         | -2.71       |
|    explained_variance   | 0.989       |
|    learning_rate        | 0.0003      |
|    loss                 | 0.111       |
|    n_updates            | 23340       |
|    policy_gradient_loss | -8.42e-05   |
|    std                  | 0.53        |
|    value_loss           | 2.61        |
-----------------------------------------
-----------------------------------------
| rollout/                |             |
|    ep_len_mean          | 149         |
|    ep_rew_mean          | -32.7       |
| time/                   |             |
|    fps                  | 930         |
|    iterations           | 71          |
|    time_elapsed         | 624         |
|    total_timesteps      | 581632      |
| train/                  |             |
|    approx_kl            | 0.024581332 |
|    clip_fraction        | 0.194       |
|    clip_range           | 0.2         |
|    entropy_loss         | -2.68       |
|    explained_variance   | 0.989       |
|    learning_rate        | 0.0003      |
|    loss                 | 0.387       |
|    n_updates            | 23350       |
|    policy_gradient_loss | -0.00445    |
|    std                  | 0.528       |
|    value_loss           | 3.85        |
-----------------------------------------
----------------------------------------
| rollout/                |            |
|    ep_len_mean          | 161        |
|    ep_rew_mean          | -45.9      |
| time/                   |            |
|    fps                  | 931        |
|    iterations           | 72         |
|    time_elapsed         | 633        |
|    total_timesteps      | 589824     |
| train/                  |            |
|    approx_kl            | 0.01625496 |
|    clip_fraction        | 0.154      |
|    clip_range           | 0.2        |
|    entropy_loss         | -2.66      |
|    explained_variance   | 0.989      |
|    learning_rate        | 0.0003     |
|    loss                 | 6.84       |
|    n_updates            | 23360      |
|    policy_gradient_loss | -0.00337   |
|    std                  | 0.526      |
|    value_loss           | 4.1        |
----------------------------------------
-----------------------------------------
| rollout/                |             |
|    ep_len_mean          | 149         |
|    ep_rew_mean          | -37         |
| time/                   |             |
|    fps                  | 931         |
|    iterations           | 73          |
|    time_elapsed         | 641         |
|    total_timesteps      | 598016      |
| train/                  |             |
|    approx_kl            | 0.016559415 |
|    clip_fraction        | 0.176       |
|    clip_range           | 0.2         |
|    entropy_loss         | -2.63       |
|    explained_variance   | 0.986       |
|    learning_rate        | 0.0003      |
|    loss                 | 1.22        |
|    n_updates            | 23370       |
|    policy_gradient_loss | -0.00107    |
|    std                  | 0.519       |
|    value_loss           | 7           |
-----------------------------------------
[PeriodicArtifactCallback] step 600000: saving checkpoint, evaluating, rendering...
[PeriodicArtifactCallback] step 600000: success_rate=0.00 pick_success_rate=0.30 mean_reward=-231.59 -> C:\GitHub\HumanoidRobot\simulation\training\pick_place\runs\pp_v21\dashboard.html
-----------------------------------------
| rollout/                |             |
|    ep_len_mean          | 160         |
|    ep_rew_mean          | -39         |
| time/                   |             |
|    fps                  | 916         |
|    iterations           | 74          |
|    time_elapsed         | 661         |
|    total_timesteps      | 606208      |
| train/                  |             |
|    approx_kl            | 0.017451145 |
|    clip_fraction        | 0.195       |
|    clip_range           | 0.2         |
|    entropy_loss         | -2.63       |
|    explained_variance   | 0.986       |
|    learning_rate        | 0.0003      |
|    loss                 | 1.77        |
|    n_updates            | 23380       |
|    policy_gradient_loss | 0.00028     |
|    std                  | 0.522       |
|    value_loss           | 3.64        |
-----------------------------------------
-----------------------------------------
| rollout/                |             |
|    ep_len_mean          | 189         |
|    ep_rew_mean          | -47.2       |
| time/                   |             |
|    fps                  | 917         |
|    iterations           | 75          |
|    time_elapsed         | 669         |
|    total_timesteps      | 614400      |
| train/                  |             |
|    approx_kl            | 0.029871065 |
|    clip_fraction        | 0.25        |
|    clip_range           | 0.2         |
|    entropy_loss         | -2.64       |
|    explained_variance   | 0.984       |
|    learning_rate        | 0.0003      |
|    loss                 | 0.444       |
|    n_updates            | 23390       |
|    policy_gradient_loss | -0.00589    |
|    std                  | 0.522       |
|    value_loss           | 4.43        |
-----------------------------------------
-----------------------------------------
| rollout/                |             |
|    ep_len_mean          | 178         |
|    ep_rew_mean          | -38.5       |
| time/                   |             |
|    fps                  | 918         |
|    iterations           | 76          |
|    time_elapsed         | 677         |
|    total_timesteps      | 622592      |
| train/                  |             |
|    approx_kl            | 0.020619854 |
|    clip_fraction        | 0.23        |
|    clip_range           | 0.2         |
|    entropy_loss         | -2.66       |
|    explained_variance   | 0.988       |
|    learning_rate        | 0.0003      |
|    loss                 | 0.277       |
|    n_updates            | 23400       |
|    policy_gradient_loss | -0.00262    |
|    std                  | 0.528       |
|    value_loss           | 1.29        |
-----------------------------------------
-----------------------------------------
| rollout/                |             |
|    ep_len_mean          | 161         |
|    ep_rew_mean          | -35.9       |
| time/                   |             |
|    fps                  | 919         |
|    iterations           | 77          |
|    time_elapsed         | 686         |
|    total_timesteps      | 630784      |
| train/                  |             |
|    approx_kl            | 0.025637938 |
|    clip_fraction        | 0.212       |
|    clip_range           | 0.2         |
|    entropy_loss         | -2.67       |
|    explained_variance   | 0.986       |
|    learning_rate        | 0.0003      |
|    loss                 | 1.06        |
|    n_updates            | 23410       |
|    policy_gradient_loss | -0.00616    |
|    std                  | 0.526       |
|    value_loss           | 2.87        |
-----------------------------------------
----------------------------------------
| rollout/                |            |
|    ep_len_mean          | 173        |
|    ep_rew_mean          | -40        |
| time/                   |            |
|    fps                  | 922        |
|    iterations           | 78         |
|    time_elapsed         | 692        |
|    total_timesteps      | 638976     |
| train/                  |            |
|    approx_kl            | 0.02690757 |
|    clip_fraction        | 0.203      |
|    clip_range           | 0.2        |
|    entropy_loss         | -2.68      |
|    explained_variance   | 0.991      |
|    learning_rate        | 0.0003     |
|    loss                 | 2.59       |
|    n_updates            | 23420      |
|    policy_gradient_loss | 0.00124    |
|    std                  | 0.526      |
|    value_loss           | 3.03       |
----------------------------------------
-----------------------------------------
| rollout/                |             |
|    ep_len_mean          | 155         |
|    ep_rew_mean          | -27.2       |
| time/                   |             |
|    fps                  | 923         |
|    iterations           | 79          |
|    time_elapsed         | 700         |
|    total_timesteps      | 647168      |
| train/                  |             |
|    approx_kl            | 0.024232337 |
|    clip_fraction        | 0.217       |
|    clip_range           | 0.2         |
|    entropy_loss         | -2.65       |
|    explained_variance   | 0.986       |
|    learning_rate        | 0.0003      |
|    loss                 | 0.329       |
|    n_updates            | 23430       |
|    policy_gradient_loss | -0.00421    |
|    std                  | 0.523       |
|    value_loss           | 2.49        |
-----------------------------------------
-----------------------------------------
| rollout/                |             |
|    ep_len_mean          | 143         |
|    ep_rew_mean          | -30.3       |
| time/                   |             |
|    fps                  | 924         |
|    iterations           | 80          |
|    time_elapsed         | 709         |
|    total_timesteps      | 655360      |
| train/                  |             |
|    approx_kl            | 0.022308892 |
|    clip_fraction        | 0.206       |
|    clip_range           | 0.2         |
|    entropy_loss         | -2.65       |
|    explained_variance   | 0.983       |
|    learning_rate        | 0.0003      |
|    loss                 | 3.13        |
|    n_updates            | 23440       |
|    policy_gradient_loss | -0.000964   |
|    std                  | 0.524       |
|    value_loss           | 5.72        |
-----------------------------------------
-----------------------------------------
| rollout/                |             |
|    ep_len_mean          | 154         |
|    ep_rew_mean          | -38         |
| time/                   |             |
|    fps                  | 924         |
|    iterations           | 81          |
|    time_elapsed         | 717         |
|    total_timesteps      | 663552      |
| train/                  |             |
|    approx_kl            | 0.022186369 |
|    clip_fraction        | 0.226       |
|    clip_range           | 0.2         |
|    entropy_loss         | -2.65       |
|    explained_variance   | 0.987       |
|    learning_rate        | 0.0003      |
|    loss                 | 0.638       |
|    n_updates            | 23450       |
|    policy_gradient_loss | 0.000179    |
|    std                  | 0.525       |
|    value_loss           | 4.72        |
-----------------------------------------
-----------------------------------------
| rollout/                |             |
|    ep_len_mean          | 149         |
|    ep_rew_mean          | -29.2       |
| time/                   |             |
|    fps                  | 925         |
|    iterations           | 82          |
|    time_elapsed         | 725         |
|    total_timesteps      | 671744      |
| train/                  |             |
|    approx_kl            | 0.023645427 |
|    clip_fraction        | 0.23        |
|    clip_range           | 0.2         |
|    entropy_loss         | -2.69       |
|    explained_variance   | 0.996       |
|    learning_rate        | 0.0003      |
|    loss                 | 0.15        |
|    n_updates            | 23460       |
|    policy_gradient_loss | -0.00268    |
|    std                  | 0.529       |
|    value_loss           | 1.86        |
-----------------------------------------
-----------------------------------------
| rollout/                |             |
|    ep_len_mean          | 201         |
|    ep_rew_mean          | -52.8       |
| time/                   |             |
|    fps                  | 926         |
|    iterations           | 83          |
|    time_elapsed         | 734         |
|    total_timesteps      | 679936      |
| train/                  |             |
|    approx_kl            | 0.024175752 |
|    clip_fraction        | 0.226       |
|    clip_range           | 0.2         |
|    entropy_loss         | -2.7        |
|    explained_variance   | 0.986       |
|    learning_rate        | 0.0003      |
|    loss                 | 0.35        |
|    n_updates            | 23470       |
|    policy_gradient_loss | -0.00367    |
|    std                  | 0.529       |
|    value_loss           | 3.95        |
-----------------------------------------
-----------------------------------------
| rollout/                |             |
|    ep_len_mean          | 207         |
|    ep_rew_mean          | -54.4       |
| time/                   |             |
|    fps                  | 926         |
|    iterations           | 84          |
|    time_elapsed         | 742         |
|    total_timesteps      | 688128      |
| train/                  |             |
|    approx_kl            | 0.021552887 |
|    clip_fraction        | 0.221       |
|    clip_range           | 0.2         |
|    entropy_loss         | -2.7        |
|    explained_variance   | 0.991       |
|    learning_rate        | 0.0003      |
|    loss                 | 0.0951      |
|    n_updates            | 23480       |
|    policy_gradient_loss | -0.00301    |
|    std                  | 0.528       |
|    value_loss           | 0.535       |
-----------------------------------------
-----------------------------------------
| rollout/                |             |
|    ep_len_mean          | 172         |
|    ep_rew_mean          | -43.9       |
| time/                   |             |
|    fps                  | 927         |
|    iterations           | 85          |
|    time_elapsed         | 750         |
|    total_timesteps      | 696320      |
| train/                  |             |
|    approx_kl            | 0.020279959 |
|    clip_fraction        | 0.161       |
|    clip_range           | 0.2         |
|    entropy_loss         | -2.68       |
|    explained_variance   | 0.99        |
|    learning_rate        | 0.0003      |
|    loss                 | 0.363       |
|    n_updates            | 23490       |
|    policy_gradient_loss | -0.00817    |
|    std                  | 0.525       |
|    value_loss           | 4.47        |
-----------------------------------------
-----------------------------------------
| rollout/                |             |
|    ep_len_mean          | 172         |
|    ep_rew_mean          | -54.6       |
| time/                   |             |
|    fps                  | 928         |
|    iterations           | 86          |
|    time_elapsed         | 758         |
|    total_timesteps      | 704512      |
| train/                  |             |
|    approx_kl            | 0.018912924 |
|    clip_fraction        | 0.182       |
|    clip_range           | 0.2         |
|    entropy_loss         | -2.71       |
|    explained_variance   | 0.972       |
|    learning_rate        | 0.0003      |
|    loss                 | 0.131       |
|    n_updates            | 23500       |
|    policy_gradient_loss | -0.000498   |
|    std                  | 0.534       |
|    value_loss           | 3.08        |
-----------------------------------------
-----------------------------------------
| rollout/                |             |
|    ep_len_mean          | 194         |
|    ep_rew_mean          | -61.6       |
| time/                   |             |
|    fps                  | 928         |
|    iterations           | 87          |
|    time_elapsed         | 767         |
|    total_timesteps      | 712704      |
| train/                  |             |
|    approx_kl            | 0.013147743 |
|    clip_fraction        | 0.14        |
|    clip_range           | 0.2         |
|    entropy_loss         | -2.76       |
|    explained_variance   | 0.974       |
|    learning_rate        | 0.0003      |
|    loss                 | 0.304       |
|    n_updates            | 23510       |
|    policy_gradient_loss | 0.00145     |
|    std                  | 0.539       |
|    value_loss           | 3.9         |
-----------------------------------------
-----------------------------------------
| rollout/                |             |
|    ep_len_mean          | 217         |
|    ep_rew_mean          | -60         |
| time/                   |             |
|    fps                  | 929         |
|    iterations           | 88          |
|    time_elapsed         | 775         |
|    total_timesteps      | 720896      |
| train/                  |             |
|    approx_kl            | 0.028344532 |
|    clip_fraction        | 0.228       |
|    clip_range           | 0.2         |
|    entropy_loss         | -2.76       |
|    explained_variance   | 0.977       |
|    learning_rate        | 0.0003      |
|    loss                 | 4.57        |
|    n_updates            | 23520       |
|    policy_gradient_loss | -0.00437    |
|    std                  | 0.535       |
|    value_loss           | 3.19        |
-----------------------------------------
----------------------------------------
| rollout/                |            |
|    ep_len_mean          | 201        |
|    ep_rew_mean          | -59.1      |
| time/                   |            |
|    fps                  | 929        |
|    iterations           | 89         |
|    time_elapsed         | 784        |
|    total_timesteps      | 729088     |
| train/                  |            |
|    approx_kl            | 0.01619334 |
|    clip_fraction        | 0.18       |
|    clip_range           | 0.2        |
|    entropy_loss         | -2.74      |
|    explained_variance   | 0.99       |
|    learning_rate        | 0.0003     |
|    loss                 | 0.558      |
|    n_updates            | 23530      |
|    policy_gradient_loss | -0.00292   |
|    std                  | 0.535      |
|    value_loss           | 4.52       |
----------------------------------------
-----------------------------------------
| rollout/                |             |
|    ep_len_mean          | 183         |
|    ep_rew_mean          | -63.2       |
| time/                   |             |
|    fps                  | 930         |
|    iterations           | 90          |
|    time_elapsed         | 792         |
|    total_timesteps      | 737280      |
| train/                  |             |
|    approx_kl            | 0.019307617 |
|    clip_fraction        | 0.196       |
|    clip_range           | 0.2         |
|    entropy_loss         | -2.72       |
|    explained_variance   | 0.989       |
|    learning_rate        | 0.0003      |
|    loss                 | 4.27        |
|    n_updates            | 23540       |
|    policy_gradient_loss | 0.000264    |
|    std                  | 0.531       |
|    value_loss           | 2.25        |
-----------------------------------------
-----------------------------------------
| rollout/                |             |
|    ep_len_mean          | 201         |
|    ep_rew_mean          | -62.8       |
| time/                   |             |
|    fps                  | 930         |
|    iterations           | 91          |
|    time_elapsed         | 800         |
|    total_timesteps      | 745472      |
| train/                  |             |
|    approx_kl            | 0.016672593 |
|    clip_fraction        | 0.182       |
|    clip_range           | 0.2         |
|    entropy_loss         | -2.7        |
|    explained_variance   | 0.986       |
|    learning_rate        | 0.0003      |
|    loss                 | 6.24        |
|    n_updates            | 23550       |
|    policy_gradient_loss | -0.00135    |
|    std                  | 0.529       |
|    value_loss           | 3.58        |
-----------------------------------------
-----------------------------------------
| rollout/                |             |
|    ep_len_mean          | 201         |
|    ep_rew_mean          | -56.5       |
| time/                   |             |
|    fps                  | 931         |
|    iterations           | 92          |
|    time_elapsed         | 808         |
|    total_timesteps      | 753664      |
| train/                  |             |
|    approx_kl            | 0.019213125 |
|    clip_fraction        | 0.185       |
|    clip_range           | 0.2         |
|    entropy_loss         | -2.7        |
|    explained_variance   | 0.98        |
|    learning_rate        | 0.0003      |
|    loss                 | 0.399       |
|    n_updates            | 23560       |
|    policy_gradient_loss | -0.0062     |
|    std                  | 0.528       |
|    value_loss           | 4.08        |
-----------------------------------------
-----------------------------------------
| rollout/                |             |
|    ep_len_mean          | 196         |
|    ep_rew_mean          | -52.6       |
| time/                   |             |
|    fps                  | 932         |
|    iterations           | 93          |
|    time_elapsed         | 817         |
|    total_timesteps      | 761856      |
| train/                  |             |
|    approx_kl            | 0.017607953 |
|    clip_fraction        | 0.179       |
|    clip_range           | 0.2         |
|    entropy_loss         | -2.66       |
|    explained_variance   | 0.955       |
|    learning_rate        | 0.0003      |
|    loss                 | 1.61        |
|    n_updates            | 23570       |
|    policy_gradient_loss | 0.000968    |
|    std                  | 0.522       |
|    value_loss           | 5.37        |
-----------------------------------------
-----------------------------------------
| rollout/                |             |
|    ep_len_mean          | 196         |
|    ep_rew_mean          | -52.9       |
| time/                   |             |
|    fps                  | 933         |
|    iterations           | 94          |
|    time_elapsed         | 825         |
|    total_timesteps      | 770048      |
| train/                  |             |
|    approx_kl            | 0.023244547 |
|    clip_fraction        | 0.246       |
|    clip_range           | 0.2         |
|    entropy_loss         | -2.66       |
|    explained_variance   | 0.992       |
|    learning_rate        | 0.0003      |
|    loss                 | 0.62        |
|    n_updates            | 23580       |
|    policy_gradient_loss | -0.000227   |
|    std                  | 0.525       |
|    value_loss           | 2.15        |
-----------------------------------------
-----------------------------------------
| rollout/                |             |
|    ep_len_mean          | 230         |
|    ep_rew_mean          | -65.3       |
| time/                   |             |
|    fps                  | 934         |
|    iterations           | 95          |
|    time_elapsed         | 833         |
|    total_timesteps      | 778240      |
| train/                  |             |
|    approx_kl            | 0.012063827 |
|    clip_fraction        | 0.137       |
|    clip_range           | 0.2         |
|    entropy_loss         | -2.69       |
|    explained_variance   | 0.952       |
|    learning_rate        | 0.0003      |
|    loss                 | 1.21        |
|    n_updates            | 23590       |
|    policy_gradient_loss | -0.00185    |
|    std                  | 0.527       |
|    value_loss           | 2.52        |
-----------------------------------------
-----------------------------------------
| rollout/                |             |
|    ep_len_mean          | 201         |
|    ep_rew_mean          | -54.8       |
| time/                   |             |
|    fps                  | 934         |
|    iterations           | 96          |
|    time_elapsed         | 841         |
|    total_timesteps      | 786432      |
| train/                  |             |
|    approx_kl            | 0.020433644 |
|    clip_fraction        | 0.185       |
|    clip_range           | 0.2         |
|    entropy_loss         | -2.67       |
|    explained_variance   | 0.981       |
|    learning_rate        | 0.0003      |
|    loss                 | 0.829       |
|    n_updates            | 23600       |
|    policy_gradient_loss | -0.00257    |
|    std                  | 0.523       |
|    value_loss           | 3.45        |
-----------------------------------------
